<html>
<body>
<pre>
<h1>µVision Build Log</h1>
<h2>Tool Versions:</h2>
IDE-Version: ¦ÌVision V5.40.0.0
Copyright (C) 2024 ARM Ltd and ARM Germany GmbH. All rights reserved.
License Information: df 3551901875@qq.com, sdvsd, LIC=D0D7S-LB90X-IIQ5V-P6UJ5-RV7YQ-TL10Z
 
Tool Versions:
Toolchain:       MDK-ARM Plus  Version: 5.40.0.3
Toolchain Path:  C:\Keil5 MDK 1\ARM\ARMCC\Bin
C Compiler:      Armcc.exe V5.06 update 5 (build 528)
Assembler:       Armasm.exe V5.06 update 5 (build 528)
Linker/Locator:  ArmLink.exe V5.06 update 5 (build 528)
Library Manager: ArmAr.exe V5.06 update 5 (build 528)
Hex Converter:   FromElf.exe V5.06 update 5 (build 528)
CPU DLL:         SARMCM3.DLL V5.40.0.3
Dialog DLL:      DCM.DLL V1.17.5.0
Target DLL:      CMSIS_AGDI.dll V1.33.18.0
Dialog DLL:      TCM.DLL V1.56.4.0
 
<h2>Project:</h2>
d:\zData\A1\ESC\ESC\MDK-ARM\ESC.uvprojx
Project File Date:  06/16/2025

<h2>Output:</h2>
*** Using Compiler 'V5.06 update 5 (build 528)', folder: 'C:\Keil5 MDK 1\ARM\ARMCC\Bin'
Build target 'ESC'
compiling ADRC.c...
..\others\ADRC.c(14): warning:  #223-D: function "memset" declared implicitly
      memset(ADRC,0,sizeof(ADRC_t));
..\others\ADRC.c(213): warning:  #1035-D: single-precision operand implicitly converted to double-precision
      float fh =  (2*(e2[0]-e1)*r)/(3.1415926*(1+r*r*(1/e1)*(1/e1)*(1/e1)*(1/e1)));
..\others\ADRC.c: 2 warnings, 0 errors
linking...
Program Size: Code=27250 RO-data=1006 RW-data=224 ZI-data=2112  
FromELF: creating hex file...
"ESC\ESC.axf" - 0 Error(s), 2 Warning(s).

<h2>Software Packages used:</h2>

Package Vendor: ARM
                https://www.keil.com/pack/ARM.CMSIS.6.1.0.pack
                ARM::CMSIS@6.1.0
                CMSIS (Common Microcontroller Software Interface Standard)
   * Component: CORE Version: 6.1.0

Package Vendor: Keil
                https://www.keil.com/pack/Keil.STM32G4xx_DFP.2.0.0.pack
                Keil::STM32G4xx_DFP@2.0.0
                STMicroelectronics STM32G4 Series Device Support

<h2>Collection of Component include folders:</h2>
  ./RTE/_ESC
  C:/Keil5 MDK 1/ARM/PACK/ARM/CMSIS/6.1.0/CMSIS/Core/Include

<h2>Collection of Component Files used:</h2>

   * Component: ARM::CMSIS:CORE@6.1.0
      Include file:  CMSIS/Core/Include/tz_context.h
Build Time Elapsed:  00:00:04
</pre>
</body>
</html>
