Component: ARM Compiler 5.06 update 5 (build 528) Tool: armlink [4d35e2]

==============================================================================

Section Cross References

    startup_stm32g431xx.o(RESET) refers to startup_stm32g431xx.o(STACK) for __initial_sp
    startup_stm32g431xx.o(RESET) refers to startup_stm32g431xx.o(.text) for Reset_Handler
    startup_stm32g431xx.o(RESET) refers to stm32g4xx_it.o(i.NMI_Handler) for NMI_Handler
    startup_stm32g431xx.o(RESET) refers to stm32g4xx_it.o(i.HardFault_Handler) for HardFault_Handler
    startup_stm32g431xx.o(RESET) refers to stm32g4xx_it.o(i.MemManage_Handler) for MemManage_Handler
    startup_stm32g431xx.o(RESET) refers to stm32g4xx_it.o(i.BusFault_Handler) for BusFault_Handler
    startup_stm32g431xx.o(RESET) refers to stm32g4xx_it.o(i.UsageFault_Handler) for UsageFault_Handler
    startup_stm32g431xx.o(RESET) refers to stm32g4xx_it.o(i.SVC_Handler) for SVC_Handler
    startup_stm32g431xx.o(RESET) refers to stm32g4xx_it.o(i.DebugMon_Handler) for DebugMon_Handler
    startup_stm32g431xx.o(RESET) refers to stm32g4xx_it.o(i.PendSV_Handler) for PendSV_Handler
    startup_stm32g431xx.o(RESET) refers to stm32g4xx_it.o(i.SysTick_Handler) for SysTick_Handler
    startup_stm32g431xx.o(RESET) refers to stm32g4xx_it.o(i.DMA1_Channel1_IRQHandler) for DMA1_Channel1_IRQHandler
    startup_stm32g431xx.o(RESET) refers to stm32g4xx_it.o(i.TIM1_UP_TIM16_IRQHandler) for TIM1_UP_TIM16_IRQHandler
    startup_stm32g431xx.o(.text) refers to system_stm32g4xx.o(i.SystemInit) for SystemInit
    startup_stm32g431xx.o(.text) refers to entry.o(.ARM.Collect$$$$00000000) for __main
    main.o(i.SystemClock_Config) refers to memseta.o(.text) for __aeabi_memclr4
    main.o(i.SystemClock_Config) refers to stm32g4xx_hal_pwr_ex.o(i.HAL_PWREx_ControlVoltageScaling) for HAL_PWREx_ControlVoltageScaling
    main.o(i.SystemClock_Config) refers to stm32g4xx_hal_rcc.o(i.HAL_RCC_OscConfig) for HAL_RCC_OscConfig
    main.o(i.SystemClock_Config) refers to stm32g4xx_hal_rcc.o(i.HAL_RCC_ClockConfig) for HAL_RCC_ClockConfig
    main.o(i.fputc) refers to stm32g4xx_hal_uart.o(i.HAL_UART_Transmit) for HAL_UART_Transmit
    main.o(i.fputc) refers to usart.o(.bss) for huart3
    main.o(i.main) refers to stm32g4xx_hal.o(i.HAL_Init) for HAL_Init
    main.o(i.main) refers to main.o(i.SystemClock_Config) for SystemClock_Config
    main.o(i.main) refers to gpio.o(i.MX_GPIO_Init) for MX_GPIO_Init
    main.o(i.main) refers to dma.o(i.MX_DMA_Init) for MX_DMA_Init
    main.o(i.main) refers to adc.o(i.MX_ADC1_Init) for MX_ADC1_Init
    main.o(i.main) refers to fdcan.o(i.MX_FDCAN1_Init) for MX_FDCAN1_Init
    main.o(i.main) refers to spi.o(i.MX_SPI1_Init) for MX_SPI1_Init
    main.o(i.main) refers to tim.o(i.MX_TIM1_Init) for MX_TIM1_Init
    main.o(i.main) refers to usart.o(i.MX_USART3_UART_Init) for MX_USART3_UART_Init
    main.o(i.main) refers to tim.o(i.MX_TIM3_Init) for MX_TIM3_Init
    main.o(i.main) refers to foc_drv.o(i.foc_init) for foc_init
    main.o(i.main) refers to main.o(i.data_init) for data_init
    main.o(i.main) refers to foc_alg.o(i.update_dt) for update_dt
    main.o(i.main) refers to foc_alg.o(i.update_angle_el) for update_angle_el
    main.o(i.main) refers to foc_alg.o(i.update_velocity_raw) for update_velocity_raw
    main.o(i.main) refers to f2d.o(.text) for __aeabi_f2d
    main.o(i.main) refers to printfa.o(i.__0printf) for __2printf
    main.o(i.main) refers to main.o(.bss) for .bss
    gpio.o(i.MX_GPIO_Init) refers to memseta.o(.text) for __aeabi_memclr4
    gpio.o(i.MX_GPIO_Init) refers to stm32g4xx_hal_gpio.o(i.HAL_GPIO_WritePin) for HAL_GPIO_WritePin
    gpio.o(i.MX_GPIO_Init) refers to stm32g4xx_hal_gpio.o(i.HAL_GPIO_Init) for HAL_GPIO_Init
    adc.o(i.HAL_ADC_MspDeInit) refers to stm32g4xx_hal_gpio.o(i.HAL_GPIO_DeInit) for HAL_GPIO_DeInit
    adc.o(i.HAL_ADC_MspDeInit) refers to stm32g4xx_hal_dma.o(i.HAL_DMA_DeInit) for HAL_DMA_DeInit
    adc.o(i.HAL_ADC_MspInit) refers to memseta.o(.text) for __aeabi_memclr4
    adc.o(i.HAL_ADC_MspInit) refers to stm32g4xx_hal_rcc_ex.o(i.HAL_RCCEx_PeriphCLKConfig) for HAL_RCCEx_PeriphCLKConfig
    adc.o(i.HAL_ADC_MspInit) refers to main.o(i.Error_Handler) for Error_Handler
    adc.o(i.HAL_ADC_MspInit) refers to stm32g4xx_hal_gpio.o(i.HAL_GPIO_Init) for HAL_GPIO_Init
    adc.o(i.HAL_ADC_MspInit) refers to stm32g4xx_hal_dma.o(i.HAL_DMA_Init) for HAL_DMA_Init
    adc.o(i.HAL_ADC_MspInit) refers to adc.o(.bss) for .bss
    adc.o(i.MX_ADC1_Init) refers to memseta.o(.text) for __aeabi_memclr4
    adc.o(i.MX_ADC1_Init) refers to stm32g4xx_hal_adc.o(i.HAL_ADC_Init) for HAL_ADC_Init
    adc.o(i.MX_ADC1_Init) refers to main.o(i.Error_Handler) for Error_Handler
    adc.o(i.MX_ADC1_Init) refers to stm32g4xx_hal_adc_ex.o(i.HAL_ADCEx_MultiModeConfigChannel) for HAL_ADCEx_MultiModeConfigChannel
[...]
    ..\Core\Src\dma.c                        0x00000000   Number         0  dma.o ABSOLUTE
    ..\Core\Src\fdcan.c                      0x00000000   Number         0  fdcan.o ABSOLUTE
    ..\Core\Src\gpio.c                       0x00000000   Number         0  gpio.o ABSOLUTE
    ..\Core\Src\main.c                       0x00000000   Number         0  main.o ABSOLUTE
    ..\Core\Src\spi.c                        0x00000000   Number         0  spi.o ABSOLUTE
    ..\Core\Src\stm32g4xx_hal_msp.c          0x00000000   Number         0  stm32g4xx_hal_msp.o ABSOLUTE
    ..\Core\Src\stm32g4xx_it.c               0x00000000   Number         0  stm32g4xx_it.o ABSOLUTE
    ..\Core\Src\system_stm32g4xx.c           0x00000000   Number         0  system_stm32g4xx.o ABSOLUTE
    ..\Core\Src\tim.c                        0x00000000   Number         0  tim.o ABSOLUTE
    ..\Core\Src\usart.c                      0x00000000   Number         0  usart.o ABSOLUTE
    ..\Drivers\STM32G4xx_HAL_Driver\Src\stm32g4xx_hal.c 0x00000000   Number         0  stm32g4xx_hal.o ABSOLUTE
    ..\Drivers\STM32G4xx_HAL_Driver\Src\stm32g4xx_hal_adc.c 0x00000000   Number         0  stm32g4xx_hal_adc.o ABSOLUTE
    ..\Drivers\STM32G4xx_HAL_Driver\Src\stm32g4xx_hal_adc_ex.c 0x00000000   Number         0  stm32g4xx_hal_adc_ex.o ABSOLUTE
    ..\Drivers\STM32G4xx_HAL_Driver\Src\stm32g4xx_hal_cortex.c 0x00000000   Number         0  stm32g4xx_hal_cortex.o ABSOLUTE
    ..\Drivers\STM32G4xx_HAL_Driver\Src\stm32g4xx_hal_dma.c 0x00000000   Number         0  stm32g4xx_hal_dma.o ABSOLUTE
    ..\Drivers\STM32G4xx_HAL_Driver\Src\stm32g4xx_hal_dma_ex.c 0x00000000   Number         0  stm32g4xx_hal_dma_ex.o ABSOLUTE
    ..\Drivers\STM32G4xx_HAL_Driver\Src\stm32g4xx_hal_exti.c 0x00000000   Number         0  stm32g4xx_hal_exti.o ABSOLUTE
    ..\Drivers\STM32G4xx_HAL_Driver\Src\stm32g4xx_hal_fdcan.c 0x00000000   Number         0  stm32g4xx_hal_fdcan.o ABSOLUTE
    ..\Drivers\STM32G4xx_HAL_Driver\Src\stm32g4xx_hal_flash.c 0x00000000   Number         0  stm32g4xx_hal_flash.o ABSOLUTE
    ..\Drivers\STM32G4xx_HAL_Driver\Src\stm32g4xx_hal_flash_ex.c 0x00000000   Number         0  stm32g4xx_hal_flash_ex.o ABSOLUTE
    ..\Drivers\STM32G4xx_HAL_Driver\Src\stm32g4xx_hal_flash_ramfunc.c 0x00000000   Number         0  stm32g4xx_hal_flash_ramfunc.o ABSOLUTE
    ..\Drivers\STM32G4xx_HAL_Driver\Src\stm32g4xx_hal_gpio.c 0x00000000   Number         0  stm32g4xx_hal_gpio.o ABSOLUTE
    ..\Drivers\STM32G4xx_HAL_Driver\Src\stm32g4xx_hal_pwr.c 0x00000000   Number         0  stm32g4xx_hal_pwr.o ABSOLUTE
    ..\Drivers\STM32G4xx_HAL_Driver\Src\stm32g4xx_hal_pwr_ex.c 0x00000000   Number         0  stm32g4xx_hal_pwr_ex.o ABSOLUTE
    ..\Drivers\STM32G4xx_HAL_Driver\Src\stm32g4xx_hal_rcc.c 0x00000000   Number         0  stm32g4xx_hal_rcc.o ABSOLUTE
    ..\Drivers\STM32G4xx_HAL_Driver\Src\stm32g4xx_hal_rcc_ex.c 0x00000000   Number         0  stm32g4xx_hal_rcc_ex.o ABSOLUTE
    ..\Drivers\STM32G4xx_HAL_Driver\Src\stm32g4xx_hal_spi.c 0x00000000   Number         0  stm32g4xx_hal_spi.o ABSOLUTE
    ..\Drivers\STM32G4xx_HAL_Driver\Src\stm32g4xx_hal_spi_ex.c 0x00000000   Number         0  stm32g4xx_hal_spi_ex.o ABSOLUTE
    ..\Drivers\STM32G4xx_HAL_Driver\Src\stm32g4xx_hal_tim.c 0x00000000   Number         0  stm32g4xx_hal_tim.o ABSOLUTE
    ..\Drivers\STM32G4xx_HAL_Driver\Src\stm32g4xx_hal_tim_ex.c 0x00000000   Number         0  stm32g4xx_hal_tim_ex.o ABSOLUTE
    ..\Drivers\STM32G4xx_HAL_Driver\Src\stm32g4xx_hal_uart.c 0x00000000   Number         0  stm32g4xx_hal_uart.o ABSOLUTE
    ..\Drivers\STM32G4xx_HAL_Driver\Src\stm32g4xx_hal_uart_ex.c 0x00000000   Number         0  stm32g4xx_hal_uart_ex.o ABSOLUTE
    ..\FOC\foc_alg.c                         0x00000000   Number         0  foc_alg.o ABSOLUTE
    ..\FOC\foc_drv.c                         0x00000000   Number         0  foc_drv.o ABSOLUTE
    ..\\FOC\\foc_drv.c                       0x00000000   Number         0  foc_drv.o ABSOLUTE
    ..\\others\\as5047p.c                    0x00000000   Number         0  as5047p.o ABSOLUTE
    ..\others\as5047p.c                      0x00000000   Number         0  as5047p.o ABSOLUTE
    cdcmple.s                                0x00000000   Number         0  cdcmple.o ABSOLUTE
    cdrcmple.s                               0x00000000   Number         0  cdrcmple.o ABSOLUTE
    dc.s                                     0x00000000   Number         0  dc.o ABSOLUTE
    handlers.s                               0x00000000   Number         0  handlers.o ABSOLUTE
    init.s                                   0x00000000   Number         0  init.o ABSOLUTE
    startup_stm32g431xx.s                    0x00000000   Number         0  startup_stm32g431xx.o ABSOLUTE
    RESET                                    0x08000000   Section      472  startup_stm32g431xx.o(RESET)
    .ARM.Collect$$$$00000000                 0x080001d8   Section        0  entry.o(.ARM.Collect$$$$00000000)
    .ARM.Collect$$$$00000001                 0x080001d8   Section        4  entry2.o(.ARM.Collect$$$$00000001)
    .ARM.Collect$$$$00000004                 0x080001dc   Section        4  entry5.o(.ARM.Collect$$$$00000004)
    .ARM.Collect$$$$00000008                 0x080001e0   Section        0  entry7b.o(.ARM.Collect$$$$00000008)
    .ARM.Collect$$$$0000000A                 0x080001e0   Section        0  entry8b.o(.ARM.Collect$$$$0000000A)
    .ARM.Collect$$$$0000000B                 0x080001e0   Section        8  entry9a.o(.ARM.Collect$$$$0000000B)
    .ARM.Collect$$$$0000000D                 0x080001e8   Section        0  entry10a.o(.ARM.Collect$$$$0000000D)
    .ARM.Collect$$$$0000000F                 0x080001e8   Section        0  entry11a.o(.ARM.Collect$$$$0000000F)
    .ARM.Collect$$$$00002712                 0x080001e8   Section        4  entry2.o(.ARM.Collect$$$$00002712)
    __lit__00000000                          0x080001e8   Data           4  entry2.o(.ARM.Collect$$$$00002712)
    .text                                    0x080001ec   Section       36  startup_stm32g431xx.o(.text)
    $v0                                      0x080001ec   Number         0  startup_stm32g431xx.o(.text)
    .text                                    0x08000210   Section        0  uldiv.o(.text)
    .text                                    0x08000272   Section        0  memseta.o(.text)
    .text                                    0x08000296   Section        0  dadd.o(.text)
    .text                                    0x080003e4   Section        0  dmul.o(.text)
    .text                                    0x080004c8   Section        0  dfltui.o(.text)
    .text                                    0x080004e2   Section        0  f2d.o(.text)
    .text                                    0x08000508   Section        0  d2f.o(.text)
    .text                                    0x08000540   Section        0  uidiv.o(.text)
    .text                                    0x0800056c   Section        0  llshl.o(.text)
    .text                                    0x0800058a   Section        0  llushr.o(.text)
    .text                                    0x080005aa   Section        0  llsshr.o(.text)
    .text                                    0x080005ce   Section        0  fepilogue.o(.text)
    .text                                    0x080005ce   Section        0  iusefp.o(.text)
    .text                                    0x0800063c   Section        0  depilogue.o(.text)
    .text                                    0x080006f6   Section        0  ddiv.o(.text)
    .text                                    0x080007d4   Section        0  drem.o(.text)
    .text                                    0x0800085a   Section        0  dfixul.o(.text)
    .text                                    0x0800088c   Section       48  cdrcmple.o(.text)
    .text                                    0x080008bc   Section       36  init.o(.text)
    i.AS5047P_GetAngle                       0x080008e0   Section        0  as5047p.o(i.AS5047P_GetAngle)
    i.AS5047_read                            0x080008e8   Section        0  as5047p.o(i.AS5047_read)
    i.BusFault_Handler                       0x08000910   Section        0  stm32g4xx_it.o(i.BusFault_Handler)
    i.Calculate_angle_el                     0x08000912   Section        0  foc_alg.o(i.Calculate_angle_el)
    i.Calculate_velocity_raw                 0x08000920   Section        0  foc_alg.o(i.Calculate_velocity_raw)
    i.DMA1_Channel1_IRQHandler               0x08000988   Section        0  stm32g4xx_it.o(i.DMA1_Channel1_IRQHandler)
    i.DMA_CalcDMAMUXChannelBaseAndMask       0x08000994   Section        0  stm32g4xx_hal_dma.o(i.DMA_CalcDMAMUXChannelBaseAndMask)
    DMA_CalcDMAMUXChannelBaseAndMask         0x08000995   Thumb Code    54  stm32g4xx_hal_dma.o(i.DMA_CalcDMAMUXChannelBaseAndMask)
    i.DMA_CalcDMAMUXRequestGenBaseAndMask    0x080009d4   Section        0  stm32g4xx_hal_dma.o(i.DMA_CalcDMAMUXRequestGenBaseAndMask)
    DMA_CalcDMAMUXRequestGenBaseAndMask      0x080009d5   Thumb Code    30  stm32g4xx_hal_dma.o(i.DMA_CalcDMAMUXRequestGenBaseAndMask)
    i.DebugMon_Handler                       0x080009f8   Section        0  stm32g4xx_it.o(i.DebugMon_Handler)
    i.Error_Handler                          0x080009fa   Section        0  main.o(i.Error_Handler)
    i.HAL_ADCEx_MultiModeConfigChannel       0x08000a00   Section        0  stm32g4xx_hal_adc_ex.o(i.HAL_ADCEx_MultiModeConfigChannel)
    i.HAL_ADC_ConfigChannel                  0x08000ad8   Section        0  stm32g4xx_hal_adc.o(i.HAL_ADC_ConfigChannel)
    i.HAL_ADC_GetValue                       0x08000efc   Section        0  stm32g4xx_hal_adc.o(i.HAL_ADC_GetValue)
    i.HAL_ADC_Init                           0x08000f04   Section        0  stm32g4xx_hal_adc.o(i.HAL_ADC_Init)
    i.HAL_ADC_MspInit                        0x080010f8   Section        0  adc.o(i.HAL_ADC_MspInit)
    i.HAL_DMA_IRQHandler                     0x080011a4   Section        0  stm32g4xx_hal_dma.o(i.HAL_DMA_IRQHandler)
    i.HAL_DMA_Init                           0x08001260   Section        0  stm32g4xx_hal_dma.o(i.HAL_DMA_Init)
    i.HAL_Delay                              0x08001320   Section        0  stm32g4xx_hal.o(i.HAL_Delay)
    i.HAL_FDCAN_Init                         0x08001344   Section        0  stm32g4xx_hal_fdcan.o(i.HAL_FDCAN_Init)
    i.HAL_FDCAN_MspInit                      0x08001548   Section        0  fdcan.o(i.HAL_FDCAN_MspInit)
    i.HAL_GPIO_Init                          0x080015c4   Section        0  stm32g4xx_hal_gpio.o(i.HAL_GPIO_Init)
    i.HAL_GPIO_WritePin                      0x0800180c   Section        0  stm32g4xx_hal_gpio.o(i.HAL_GPIO_WritePin)
    i.HAL_GetTick                            0x08001818   Section        0  stm32g4xx_hal.o(i.HAL_GetTick)
    i.HAL_IncTick                            0x08001824   Section        0  stm32g4xx_hal.o(i.HAL_IncTick)
    i.HAL_Init                               0x08001834   Section        0  stm32g4xx_hal.o(i.HAL_Init)
    i.HAL_InitTick                           0x08001854   Section        0  stm32g4xx_hal.o(i.HAL_InitTick)
    i.HAL_MspInit                            0x08001898   Section        0  stm32g4xx_hal_msp.o(i.HAL_MspInit)
    i.HAL_NVIC_EnableIRQ                     0x080018c8   Section        0  stm32g4xx_hal_cortex.o(i.HAL_NVIC_EnableIRQ)
    i.HAL_NVIC_SetPriority                   0x080018e4   Section        0  stm32g4xx_hal_cortex.o(i.HAL_NVIC_SetPriority)
    i.HAL_NVIC_SetPriorityGrouping           0x08001924   Section        0  stm32g4xx_hal_cortex.o(i.HAL_NVIC_SetPriorityGrouping)
    i.HAL_PWREx_ControlVoltageScaling        0x08001948   Section        0  stm32g4xx_hal_pwr_ex.o(i.HAL_PWREx_ControlVoltageScaling)
    i.HAL_PWREx_DisableUCPDDeadBattery       0x08001a04   Section        0  stm32g4xx_hal_pwr_ex.o(i.HAL_PWREx_DisableUCPDDeadBattery)
    i.HAL_RCCEx_PeriphCLKConfig              0x08001a14   Section        0  stm32g4xx_hal_rcc_ex.o(i.HAL_RCCEx_PeriphCLKConfig)
    i.HAL_RCC_ClockConfig                    0x08001c9c   Section        0  stm32g4xx_hal_rcc.o(i.HAL_RCC_ClockConfig)
    i.HAL_RCC_GetPCLK1Freq                   0x08001e78   Section        0  stm32g4xx_hal_rcc.o(i.HAL_RCC_GetPCLK1Freq)
    i.HAL_RCC_GetPCLK2Freq                   0x08001e9c   Section        0  stm32g4xx_hal_rcc.o(i.HAL_RCC_GetPCLK2Freq)
    i.HAL_RCC_GetSysClockFreq                0x08001ec0   Section        0  stm32g4xx_hal_rcc.o(i.HAL_RCC_GetSysClockFreq)
    i.HAL_RCC_OscConfig                      0x08001f2c   Section        0  stm32g4xx_hal_rcc.o(i.HAL_RCC_OscConfig)
    i.HAL_SPI_Init                           0x08002330   Section        0  stm32g4xx_hal_spi.o(i.HAL_SPI_Init)
    i.HAL_SPI_MspInit                        0x0800241c   Section        0  spi.o(i.HAL_SPI_MspInit)
    i.HAL_SPI_TransmitReceive                0x0800247c   Section        0  stm32g4xx_hal_spi.o(i.HAL_SPI_TransmitReceive)
    i.HAL_SYSTICK_Config                     0x080026ee   Section        0  stm32g4xx_hal_cortex.o(i.HAL_SYSTICK_Config)
    i.HAL_TIMEx_Break2Callback               0x08002716   Section        0  stm32g4xx_hal_tim_ex.o(i.HAL_TIMEx_Break2Callback)
    i.HAL_TIMEx_BreakCallback                0x08002718   Section        0  stm32g4xx_hal_tim_ex.o(i.HAL_TIMEx_BreakCallback)
    i.HAL_TIMEx_CommutCallback               0x0800271a   Section        0  stm32g4xx_hal_tim_ex.o(i.HAL_TIMEx_CommutCallback)
    i.HAL_TIMEx_ConfigBreakDeadTime          0x0800271c   Section        0  stm32g4xx_hal_tim_ex.o(i.HAL_TIMEx_ConfigBreakDeadTime)
    i.HAL_TIMEx_DirectionChangeCallback      0x080027b8   Section        0  stm32g4xx_hal_tim_ex.o(i.HAL_TIMEx_DirectionChangeCallback)
    i.HAL_TIMEx_EncoderIndexCallback         0x080027ba   Section        0  stm32g4xx_hal_tim_ex.o(i.HAL_TIMEx_EncoderIndexCallback)
    i.HAL_TIMEx_IndexErrorCallback           0x080027bc   Section        0  stm32g4xx_hal_tim_ex.o(i.HAL_TIMEx_IndexErrorCallback)
    i.HAL_TIMEx_MasterConfigSynchronization  0x080027c0   Section        0  stm32g4xx_hal_tim_ex.o(i.HAL_TIMEx_MasterConfigSynchronization)
    i.HAL_TIMEx_TransitionErrorCallback      0x0800285c   Section        0  stm32g4xx_hal_tim_ex.o(i.HAL_TIMEx_TransitionErrorCallback)
    i.HAL_TIM_Base_Init                      0x0800285e   Section        0  stm32g4xx_hal_tim.o(i.HAL_TIM_Base_Init)
    i.HAL_TIM_Base_MspInit                   0x080028c0   Section        0  tim.o(i.HAL_TIM_Base_MspInit)
    i.HAL_TIM_Base_Start                     0x08002914   Section        0  stm32g4xx_hal_tim.o(i.HAL_TIM_Base_Start)
    i.HAL_TIM_ConfigClockSource              0x08002980   Section        0  stm32g4xx_hal_tim.o(i.HAL_TIM_ConfigClockSource)
    i.HAL_TIM_IC_CaptureCallback             0x08002a80   Section        0  stm32g4xx_hal_tim.o(i.HAL_TIM_IC_CaptureCallback)
    i.HAL_TIM_IRQHandler                     0x08002a82   Section        0  stm32g4xx_hal_tim.o(i.HAL_TIM_IRQHandler)
    i.HAL_TIM_MspPostInit                    0x08002c24   Section        0  tim.o(i.HAL_TIM_MspPostInit)
    i.HAL_TIM_OC_DelayElapsedCallback        0x08002c78   Section        0  stm32g4xx_hal_tim.o(i.HAL_TIM_OC_DelayElapsedCallback)
    i.HAL_TIM_PWM_ConfigChannel              0x08002c7a   Section        0  stm32g4xx_hal_tim.o(i.HAL_TIM_PWM_ConfigChannel)
    i.HAL_TIM_PWM_Init                       0x08002d9e   Section        0  stm32g4xx_hal_tim.o(i.HAL_TIM_PWM_Init)
    i.HAL_TIM_PWM_MspInit                    0x08002e00   Section        0  stm32g4xx_hal_tim.o(i.HAL_TIM_PWM_MspInit)
    i.HAL_TIM_PWM_PulseFinishedCallback      0x08002e02   Section        0  stm32g4xx_hal_tim.o(i.HAL_TIM_PWM_PulseFinishedCallback)
    i.HAL_TIM_PWM_Start                      0x08002e04   Section        0  stm32g4xx_hal_tim.o(i.HAL_TIM_PWM_Start)
    i.HAL_TIM_PeriodElapsedCallback          0x08002f00   Section        0  main.o(i.HAL_TIM_PeriodElapsedCallback)
    i.HAL_TIM_TriggerCallback                0x08002f02   Section        0  stm32g4xx_hal_tim.o(i.HAL_TIM_TriggerCallback)
    i.HAL_UARTEx_DisableFifoMode             0x08002f04   Section        0  stm32g4xx_hal_uart_ex.o(i.HAL_UARTEx_DisableFifoMode)
    i.HAL_UARTEx_SetRxFifoThreshold          0x08002f42   Section        0  stm32g4xx_hal_uart_ex.o(i.HAL_UARTEx_SetRxFifoThreshold)
    i.HAL_UARTEx_SetTxFifoThreshold          0x08002f8e   Section        0  stm32g4xx_hal_uart_ex.o(i.HAL_UARTEx_SetTxFifoThreshold)
    i.HAL_UART_Init                          0x08002fda   Section        0  stm32g4xx_hal_uart.o(i.HAL_UART_Init)
    i.HAL_UART_MspInit                       0x08003044   Section        0  usart.o(i.HAL_UART_MspInit)
    i.HAL_UART_Transmit                      0x080030ec   Section        0  stm32g4xx_hal_uart.o(i.HAL_UART_Transmit)
    i.HardFault_Handler                      0x0800319a   Section        0  stm32g4xx_it.o(i.HardFault_Handler)
    i.LL_ADC_GetOffsetChannel                0x0800319c   Section        0  stm32g4xx_hal_adc.o(i.LL_ADC_GetOffsetChannel)
    LL_ADC_GetOffsetChannel                  0x0800319d   Thumb Code    12  stm32g4xx_hal_adc.o(i.LL_ADC_GetOffsetChannel)
    i.LL_ADC_INJ_IsConversionOngoing         0x080031a8   Section        0  stm32g4xx_hal_adc.o(i.LL_ADC_INJ_IsConversionOngoing)
    LL_ADC_INJ_IsConversionOngoing           0x080031a9   Thumb Code     8  stm32g4xx_hal_adc.o(i.LL_ADC_INJ_IsConversionOngoing)
    i.LL_ADC_REG_IsConversionOngoing         0x080031b0   Section        0  stm32g4xx_hal_adc.o(i.LL_ADC_REG_IsConversionOngoing)
    LL_ADC_REG_IsConversionOngoing           0x080031b1   Thumb Code     8  stm32g4xx_hal_adc.o(i.LL_ADC_REG_IsConversionOngoing)
    i.LL_ADC_REG_IsConversionOngoing         0x080031b8   Section        0  stm32g4xx_hal_adc_ex.o(i.LL_ADC_REG_IsConversionOngoing)
    LL_ADC_REG_IsConversionOngoing           0x080031b9   Thumb Code     8  stm32g4xx_hal_adc_ex.o(i.LL_ADC_REG_IsConversionOngoing)
    i.LL_ADC_SetChannelSamplingTime          0x080031c0   Section        0  stm32g4xx_hal_adc.o(i.LL_ADC_SetChannelSamplingTime)
    LL_ADC_SetChannelSamplingTime            0x080031c1   Thumb Code    30  stm32g4xx_hal_adc.o(i.LL_ADC_SetChannelSamplingTime)
    i.LL_ADC_SetOffsetState                  0x080031de   Section        0  stm32g4xx_hal_adc.o(i.LL_ADC_SetOffsetState)
    LL_ADC_SetOffsetState                    0x080031df   Thumb Code    16  stm32g4xx_hal_adc.o(i.LL_ADC_SetOffsetState)
    i.Limit_angle_el                         0x080031f0   Section        0  foc_alg.o(i.Limit_angle_el)
    i.MX_ADC1_Init                           0x08003234   Section        0  adc.o(i.MX_ADC1_Init)
    i.MX_DMA_Init                            0x080032e4   Section        0  dma.o(i.MX_DMA_Init)
    i.MX_FDCAN1_Init                         0x08003320   Section        0  fdcan.o(i.MX_FDCAN1_Init)
    i.MX_GPIO_Init                           0x0800336c   Section        0  gpio.o(i.MX_GPIO_Init)
    i.MX_SPI1_Init                           0x080033d8   Section        0  spi.o(i.MX_SPI1_Init)
    i.MX_TIM1_Init                           0x08003428   Section        0  tim.o(i.MX_TIM1_Init)
    i.MX_TIM3_Init                           0x08003544   Section        0  tim.o(i.MX_TIM3_Init)
    i.MX_USART3_UART_Init                    0x080035b4   Section        0  usart.o(i.MX_USART3_UART_Init)
    i.MemManage_Handler                      0x0800361c   Section        0  stm32g4xx_it.o(i.MemManage_Handler)
    i.NMI_Handler                            0x0800361e   Section        0  stm32g4xx_it.o(i.NMI_Handler)
    i.Parity_bit_Calculate                   0x08003620   Section        0  as5047p.o(i.Parity_bit_Calculate)
    i.PendSV_Handler                         0x08003632   Section        0  stm32g4xx_it.o(i.PendSV_Handler)
    i.SPI_EndRxTxTransaction                 0x08003634   Section        0  stm32g4xx_hal_spi.o(i.SPI_EndRxTxTransaction)
    SPI_EndRxTxTransaction                   0x08003635   Thumb Code    72  stm32g4xx_hal_spi.o(i.SPI_EndRxTxTransaction)
    i.SPI_ReadWrite_OneByte                  0x0800367c   Section        0  as5047p.o(i.SPI_ReadWrite_OneByte)
    i.SPI_WaitFifoStateUntilTimeout          0x080036b8   Section        0  stm32g4xx_hal_spi.o(i.SPI_WaitFifoStateUntilTimeout)
    SPI_WaitFifoStateUntilTimeout            0x080036b9   Thumb Code   218  stm32g4xx_hal_spi.o(i.SPI_WaitFifoStateUntilTimeout)
    i.SPI_WaitFlagStateUntilTimeout          0x08003798   Section        0  stm32g4xx_hal_spi.o(i.SPI_WaitFlagStateUntilTimeout)
    SPI_WaitFlagStateUntilTimeout            0x08003799   Thumb Code   180  stm32g4xx_hal_spi.o(i.SPI_WaitFlagStateUntilTimeout)
    i.SVC_Handler                            0x08003850   Section        0  stm32g4xx_it.o(i.SVC_Handler)
    i.SysTick_Handler                        0x08003852   Section        0  stm32g4xx_it.o(i.SysTick_Handler)
    i.SystemClock_Config                     0x08003856   Section        0  main.o(i.SystemClock_Config)
    i.SystemInit                             0x080038c0   Section        0  system_stm32g4xx.o(i.SystemInit)
    i.TIM1_UP_TIM16_IRQHandler               0x080038d0   Section        0  stm32g4xx_it.o(i.TIM1_UP_TIM16_IRQHandler)
    i.TIM_Base_SetConfig                     0x080038dc   Section        0  stm32g4xx_hal_tim.o(i.TIM_Base_SetConfig)
    i.TIM_CCxChannelCmd                      0x08003998   Section        0  stm32g4xx_hal_tim.o(i.TIM_CCxChannelCmd)
    i.TIM_ETR_SetConfig                      0x080039b2   Section        0  stm32g4xx_hal_tim.o(i.TIM_ETR_SetConfig)
    i.TIM_ITRx_SetConfig                     0x080039c8   Section        0  stm32g4xx_hal_tim.o(i.TIM_ITRx_SetConfig)
    TIM_ITRx_SetConfig                       0x080039c9   Thumb Code    16  stm32g4xx_hal_tim.o(i.TIM_ITRx_SetConfig)
    i.TIM_OC1_SetConfig                      0x080039dc   Section        0  stm32g4xx_hal_tim.o(i.TIM_OC1_SetConfig)
    TIM_OC1_SetConfig                        0x080039dd   Thumb Code   132  stm32g4xx_hal_tim.o(i.TIM_OC1_SetConfig)
    i.TIM_OC2_SetConfig                      0x08003a78   Section        0  stm32g4xx_hal_tim.o(i.TIM_OC2_SetConfig)
    i.TIM_OC3_SetConfig                      0x08003b08   Section        0  stm32g4xx_hal_tim.o(i.TIM_OC3_SetConfig)
    TIM_OC3_SetConfig                        0x08003b09   Thumb Code   118  stm32g4xx_hal_tim.o(i.TIM_OC3_SetConfig)
    i.TIM_OC4_SetConfig                      0x08003b98   Section        0  stm32g4xx_hal_tim.o(i.TIM_OC4_SetConfig)
    TIM_OC4_SetConfig                        0x08003b99   Thumb Code   120  stm32g4xx_hal_tim.o(i.TIM_OC4_SetConfig)
    i.TIM_OC5_SetConfig                      0x08003c28   Section        0  stm32g4xx_hal_tim.o(i.TIM_OC5_SetConfig)
    TIM_OC5_SetConfig                        0x08003c29   Thumb Code    86  stm32g4xx_hal_tim.o(i.TIM_OC5_SetConfig)
    i.TIM_OC6_SetConfig                      0x08003c98   Section        0  stm32g4xx_hal_tim.o(i.TIM_OC6_SetConfig)
    TIM_OC6_SetConfig                        0x08003c99   Thumb Code    88  stm32g4xx_hal_tim.o(i.TIM_OC6_SetConfig)
    i.TIM_TI1_ConfigInputStage               0x08003d08   Section        0  stm32g4xx_hal_tim.o(i.TIM_TI1_ConfigInputStage)
    TIM_TI1_ConfigInputStage                 0x08003d09   Thumb Code    34  stm32g4xx_hal_tim.o(i.TIM_TI1_ConfigInputStage)
    i.TIM_TI2_ConfigInputStage               0x08003d2a   Section        0  stm32g4xx_hal_tim.o(i.TIM_TI2_ConfigInputStage)
    TIM_TI2_ConfigInputStage                 0x08003d2b   Thumb Code    36  stm32g4xx_hal_tim.o(i.TIM_TI2_ConfigInputStage)
    i.UARTEx_SetNbDataToProcess              0x08003d50   Section        0  stm32g4xx_hal_uart_ex.o(i.UARTEx_SetNbDataToProcess)
    UARTEx_SetNbDataToProcess                0x08003d51   Thumb Code    62  stm32g4xx_hal_uart_ex.o(i.UARTEx_SetNbDataToProcess)
    i.UART_AdvFeatureConfig                  0x08003d94   Section        0  stm32g4xx_hal_uart.o(i.UART_AdvFeatureConfig)
    i.UART_CheckIdleState                    0x08003e5c   Section        0  stm32g4xx_hal_uart.o(i.UART_CheckIdleState)
    i.UART_EndRxTransfer                     0x08003f08   Section        0  stm32g4xx_hal_uart.o(i.UART_EndRxTransfer)
    UART_EndRxTransfer                       0x08003f09   Thumb Code    78  stm32g4xx_hal_uart.o(i.UART_EndRxTransfer)
    i.UART_SetConfig                         0x08003f5c   Section        0  stm32g4xx_hal_uart.o(i.UART_SetConfig)
    i.UART_WaitOnFlagUntilTimeout            0x080041d0   Section        0  stm32g4xx_hal_uart.o(i.UART_WaitOnFlagUntilTimeout)
    i.UsageFault_Handler                     0x08004264   Section        0  stm32g4xx_it.o(i.UsageFault_Handler)
    i.__0printf                              0x08004268   Section        0  printfa.o(i.__0printf)
    i.__NVIC_SetPriority                     0x08004288   Section        0  stm32g4xx_hal_cortex.o(i.__NVIC_SetPriority)
    __NVIC_SetPriority                       0x08004289   Thumb Code    32  stm32g4xx_hal_cortex.o(i.__NVIC_SetPriority)
    i.__hardfp_fmod                          0x080042a8   Section        0  fmod.o(i.__hardfp_fmod)
    i.__mathlib_dbl_invalid                  0x080043b0   Section        0  dunder.o(i.__mathlib_dbl_invalid)
    i.__scatterload_copy                     0x080043d0   Section       14  handlers.o(i.__scatterload_copy)
    i.__scatterload_null                     0x080043de   Section        2  handlers.o(i.__scatterload_null)
    i.__scatterload_zeroinit                 0x080043e0   Section       14  handlers.o(i.__scatterload_zeroinit)
    i.__set_errno                            0x080043f0   Section        0  errno.o(i.__set_errno)
    i._fp_digits                             0x080043fc   Section        0  printfa.o(i._fp_digits)
    _fp_digits                               0x080043fd   Thumb Code   366  printfa.o(i._fp_digits)
    i._printf_core                           0x08004580   Section        0  printfa.o(i._printf_core)
    _printf_core                             0x08004581   Thumb Code  1744  printfa.o(i._printf_core)
    i._printf_post_padding                   0x08004c5c   Section        0  printfa.o(i._printf_post_padding)
    _printf_post_padding                     0x08004c5d   Thumb Code    36  printfa.o(i._printf_post_padding)
    i._printf_pre_padding                    0x08004c80   Section        0  printfa.o(i._printf_pre_padding)
    _printf_pre_padding                      0x08004c81   Thumb Code    46  printfa.o(i._printf_pre_padding)
    i.data_init                              0x08004cb0   Section        0  main.o(i.data_init)
    i.foc_init                               0x08004cdc   Section        0  foc_drv.o(i.foc_init)
    i.fputc                                  0x08004e40   Section        0  main.o(i.fputc)
    i.main                                   0x08004e58   Section        0  main.o(i.main)
    i.stm32_cal_Ia                           0x08004ee8   Section        0  foc_drv.o(i.stm32_cal_Ia)
    i.stm32_cal_Ib                           0x08004f2c   Section        0  foc_drv.o(i.stm32_cal_Ib)
    i.stm32_cal_Ic                           0x08004f70   Section        0  foc_drv.o(i.stm32_cal_Ic)
    i.stm32_cal_angle                        0x08004fb4   Section        0  foc_drv.o(i.stm32_cal_angle)
    i.stm32_delayms                          0x08004fe0   Section        0  foc_drv.o(i.stm32_delayms)
    i.stm32_set_pwm_A                        0x08004fe4   Section        0  foc_drv.o(i.stm32_set_pwm_A)
    i.stm32_set_pwm_B                        0x08005008   Section        0  foc_drv.o(i.stm32_set_pwm_B)
    i.stm32_set_pwm_C                        0x0800502c   Section        0  foc_drv.o(i.stm32_set_pwm_C)
    i.stm32_update_Ia_raw                    0x08005050   Section        0  foc_drv.o(i.stm32_update_Ia_raw)
    i.stm32_update_Ib_raw                    0x0800505c   Section        0  foc_drv.o(i.stm32_update_Ib_raw)
    i.stm32_update_Ic_raw                    0x08005068   Section        0  foc_drv.o(i.stm32_update_Ic_raw)
    i.stm32_update_angle_raw                 0x08005074   Section        0  foc_drv.o(i.stm32_update_angle_raw)
    i.stm32_update_dt                        0x08005078   Section        0  foc_drv.o(i.stm32_update_dt)
    i.update_angle                           0x080050d0   Section        0  foc_alg.o(i.update_angle)
    i.update_angle_el                        0x080050e6   Section        0  foc_alg.o(i.update_angle_el)
    i.update_dt                              0x0800510c   Section        0  foc_alg.o(i.update_dt)
    i.update_velocity_raw                    0x0800512a   Section        0  foc_alg.o(i.update_velocity_raw)
    .constdata                               0x08005158   Section       24  stm32g4xx_hal_uart.o(.constdata)
    .constdata                               0x08005170   Section       16  stm32g4xx_hal_uart_ex.o(.constdata)
    numerator                                0x08005170   Data           8  stm32g4xx_hal_uart_ex.o(.constdata)
    denominator                              0x08005178   Data           8  stm32g4xx_hal_uart_ex.o(.constdata)
    .constdata                               0x08005180   Section       16  system_stm32g4xx.o(.constdata)
    .constdata                               0x08005190   Section        8  system_stm32g4xx.o(.constdata)
    .data                                    0x20000000   Section       12  stm32g4xx_hal.o(.data)
    .data                                    0x2000000c   Section        4  system_stm32g4xx.o(.data)
    .data                                    0x20000010   Section        4  stdout.o(.data)
    .data                                    0x20000014   Section        4  errno.o(.data)
    _errno                                   0x20000014   Data           4  errno.o(.data)
    .bss                                     0x20000018   Section     1088  main.o(.bss)
    .bss                                     0x20000458   Section      204  adc.o(.bss)
    .bss                                     0x20000524   Section      100  fdcan.o(.bss)
    .bss                                     0x20000588   Section      100  spi.o(.bss)
    .bss                                     0x200005ec   Section      152  tim.o(.bss)
    .bss                                     0x20000684   Section      148  usart.o(.bss)
    STACK                                    0x20000718   Section     1024  startup_stm32g431xx.o(STACK)

    Global Symbols

    Symbol Name                              Value     Ov Type        Size  Object(Section)

    BuildAttributes$$THM_ISAv4$E$P$D$K$B$S$7EM$VFPi3$EXTD16$VFPS$VFMA$PE$A:L22UL41UL21$X:L11$S22US41US21$IEEE1$IW$USESV6$~STKCKD$USESV7$~SHL$OTIME$ROPI$IEEEX$EBA8$MICROLIB$REQ8$PRES8$EABIv2 0x00000000   Number         0  anon$$obj.o ABSOLUTE
    __ARM_use_no_argv                        0x00000000   Number         0  main.o ABSOLUTE
    _printf_a                                0x00000000   Number         0  stubs.o ABSOLUTE
    _printf_c                                0x00000000   Number         0  stubs.o ABSOLUTE
    _printf_charcount                        0x00000000   Number         0  stubs.o ABSOLUTE
    _printf_d                                0x00000000   Number         0  stubs.o ABSOLUTE
    _printf_e                                0x00000000   Number         0  stubs.o ABSOLUTE
    _printf_f                                0x00000000   Number         0  stubs.o ABSOLUTE
    _printf_flags                            0x00000000   Number         0  stubs.o ABSOLUTE
    _printf_fp_dec                           0x00000000   Number         0  stubs.o ABSOLUTE
    _printf_fp_hex                           0x00000000   Number         0  stubs.o ABSOLUTE
    _printf_g                                0x00000000   Number         0  stubs.o ABSOLUTE
    _printf_i                                0x00000000   Number         0  stubs.o ABSOLUTE
    _printf_int_dec                          0x00000000   Number         0  stubs.o ABSOLUTE
    _printf_l                                0x00000000   Number         0  stubs.o ABSOLUTE
    _printf_lc                               0x00000000   Number         0  stubs.o ABSOLUTE
    _printf_ll                               0x00000000   Number         0  stubs.o ABSOLUTE
    _printf_lld                              0x00000000   Number         0  stubs.o ABSOLUTE
    _printf_lli                              0x00000000   Number         0  stubs.o ABSOLUTE
    _printf_llo                              0x00000000   Number         0  stubs.o ABSOLUTE
    _printf_llu                              0x00000000   Number         0  stubs.o ABSOLUTE
    _printf_llx                              0x00000000   Number         0  stubs.o ABSOLUTE
    _printf_longlong_dec                     0x00000000   Number         0  stubs.o ABSOLUTE
    _printf_longlong_hex                     0x00000000   Number         0  stubs.o ABSOLUTE
    _printf_longlong_oct                     0x00000000   Number         0  stubs.o ABSOLUTE
    _printf_ls                               0x00000000   Number         0  stubs.o ABSOLUTE
    _printf_mbtowc                           0x00000000   Number         0  stubs.o ABSOLUTE
    _printf_n                                0x00000000   Number         0  stubs.o ABSOLUTE
    _printf_o                                0x00000000   Number         0  stubs.o ABSOLUTE
    _printf_p                                0x00000000   Number         0  stubs.o ABSOLUTE
    _printf_percent                          0x00000000   Number         0  stubs.o ABSOLUTE
    _printf_pre_padding                      0x00000000   Number         0  stubs.o ABSOLUTE
    _printf_return_value                     0x00000000   Number         0  stubs.o ABSOLUTE
    _printf_s                                0x00000000   Number         0  stubs.o ABSOLUTE
    _printf_sizespec                         0x00000000   Number         0  stubs.o ABSOLUTE
    _printf_str                              0x00000000   Number         0  stubs.o ABSOLUTE
    _printf_truncate_signed                  0x00000000   Number         0  stubs.o ABSOLUTE
    _printf_truncate_unsigned                0x00000000   Number         0  stubs.o ABSOLUTE
    _printf_u                                0x00000000   Number         0  stubs.o ABSOLUTE
    _printf_wc                               0x00000000   Number         0  stubs.o ABSOLUTE
    _printf_wctomb                           0x00000000   Number         0  stubs.o ABSOLUTE
    _printf_widthprec                        0x00000000   Number         0  stubs.o ABSOLUTE
    _printf_x                                0x00000000   Number         0  stubs.o ABSOLUTE
    __cpp_initialize__aeabi_                  - Undefined Weak Reference
    __cxa_finalize                            - Undefined Weak Reference
    __decompress                              - Undefined Weak Reference
    _clock_init                               - Undefined Weak Reference
    _microlib_exit                            - Undefined Weak Reference
    __Vectors_Size                           0x000001d8   Number         0  startup_stm32g431xx.o ABSOLUTE
    __Vectors                                0x08000000   Data           4  startup_stm32g431xx.o(RESET)
    __Vectors_End                            0x080001d8   Data           0  startup_stm32g431xx.o(RESET)
    __main                                   0x080001d9   Thumb Code     0  entry.o(.ARM.Collect$$$$00000000)
    _main_stk                                0x080001d9   Thumb Code     0  entry2.o(.ARM.Collect$$$$00000001)
    _main_scatterload                        0x080001dd   Thumb Code     0  entry5.o(.ARM.Collect$$$$00000004)
    __main_after_scatterload                 0x080001e1   Thumb Code     0  entry5.o(.ARM.Collect$$$$00000004)
    _main_clock                              0x080001e1   Thumb Code     0  entry7b.o(.ARM.Collect$$$$00000008)
    _main_cpp_init                           0x080001e1   Thumb Code     0  entry8b.o(.ARM.Collect$$$$0000000A)
    _main_init                               0x080001e1   Thumb Code     0  entry9a.o(.ARM.Collect$$$$0000000B)
    __rt_final_cpp                           0x080001e9   Thumb Code     0  entry10a.o(.ARM.Collect$$$$0000000D)
    __rt_final_exit                          0x080001e9   Thumb Code     0  entry11a.o(.ARM.Collect$$$$0000000F)
    Reset_Handler                            0x080001ed   Thumb Code     8  startup_stm32g431xx.o(.text)
    ADC1_2_IRQHandler                        0x08000207   Thumb Code     0  startup_stm32g431xx.o(.text)
    COMP1_2_3_IRQHandler                     0x08000207   Thumb Code     0  startup_stm32g431xx.o(.text)
    COMP4_IRQHandler                         0x08000207   Thumb Code     0  startup_stm32g431xx.o(.text)
    CORDIC_IRQHandler                        0x08000207   Thumb Code     0  startup_stm32g431xx.o(.text)
    CRS_IRQHandler                           0x08000207   Thumb Code     0  startup_stm32g431xx.o(.text)
    DMA1_Channel2_IRQHandler                 0x08000207   Thumb Code     0  startup_stm32g431xx.o(.text)
    DMA1_Channel3_IRQHandler                 0x08000207   Thumb Code     0  startup_stm32g431xx.o(.text)
    DMA1_Channel4_IRQHandler                 0x08000207   Thumb Code     0  startup_stm32g431xx.o(.text)
    DMA1_Channel5_IRQHandler                 0x08000207   Thumb Code     0  startup_stm32g431xx.o(.text)
    DMA1_Channel6_IRQHandler                 0x08000207   Thumb Code     0  startup_stm32g431xx.o(.text)
    DMA2_Channel1_IRQHandler                 0x08000207   Thumb Code     0  startup_stm32g431xx.o(.text)
    DMA2_Channel2_IRQHandler                 0x08000207   Thumb Code     0  startup_stm32g431xx.o(.text)
    DMA2_Channel3_IRQHandler                 0x08000207   Thumb Code     0  startup_stm32g431xx.o(.text)
    DMA2_Channel4_IRQHandler                 0x08000207   Thumb Code     0  startup_stm32g431xx.o(.text)
    DMA2_Channel5_IRQHandler                 0x08000207   Thumb Code     0  startup_stm32g431xx.o(.text)
    DMA2_Channel6_IRQHandler                 0x08000207   Thumb Code     0  startup_stm32g431xx.o(.text)
    DMAMUX_OVR_IRQHandler                    0x08000207   Thumb Code     0  startup_stm32g431xx.o(.text)
    EXTI0_IRQHandler                         0x08000207   Thumb Code     0  startup_stm32g431xx.o(.text)
    EXTI15_10_IRQHandler                     0x08000207   Thumb Code     0  startup_stm32g431xx.o(.text)
    EXTI1_IRQHandler                         0x08000207   Thumb Code     0  startup_stm32g431xx.o(.text)
    EXTI2_IRQHandler                         0x08000207   Thumb Code     0  startup_stm32g431xx.o(.text)
    EXTI3_IRQHandler                         0x08000207   Thumb Code     0  startup_stm32g431xx.o(.text)
    EXTI4_IRQHandler                         0x08000207   Thumb Code     0  startup_stm32g431xx.o(.text)
    EXTI9_5_IRQHandler                       0x08000207   Thumb Code     0  startup_stm32g431xx.o(.text)
    FDCAN1_IT0_IRQHandler                    0x08000207   Thumb Code     0  startup_stm32g431xx.o(.text)
    FDCAN1_IT1_IRQHandler                    0x08000207   Thumb Code     0  startup_stm32g431xx.o(.text)
    FLASH_IRQHandler                         0x08000207   Thumb Code     0  startup_stm32g431xx.o(.text)
    FMAC_IRQHandler                          0x08000207   Thumb Code     0  startup_stm32g431xx.o(.text)
    FPU_IRQHandler                           0x08000207   Thumb Code     0  startup_stm32g431xx.o(.text)
    I2C1_ER_IRQHandler                       0x08000207   Thumb Code     0  startup_stm32g431xx.o(.text)
    I2C1_EV_IRQHandler                       0x08000207   Thumb Code     0  startup_stm32g431xx.o(.text)
    I2C2_ER_IRQHandler                       0x08000207   Thumb Code     0  startup_stm32g431xx.o(.text)
    I2C2_EV_IRQHandler                       0x08000207   Thumb Code     0  startup_stm32g431xx.o(.text)
    I2C3_ER_IRQHandler                       0x08000207   Thumb Code     0  startup_stm32g431xx.o(.text)
    I2C3_EV_IRQHandler                       0x08000207   Thumb Code     0  startup_stm32g431xx.o(.text)
    LPTIM1_IRQHandler                        0x08000207   Thumb Code     0  startup_stm32g431xx.o(.text)
    LPUART1_IRQHandler                       0x08000207   Thumb Code     0  startup_stm32g431xx.o(.text)
    PVD_PVM_IRQHandler                       0x08000207   Thumb Code     0  startup_stm32g431xx.o(.text)
    RCC_IRQHandler                           0x08000207   Thumb Code     0  startup_stm32g431xx.o(.text)
    RNG_IRQHandler                           0x08000207   Thumb Code     0  startup_stm32g431xx.o(.text)
    RTC_Alarm_IRQHandler                     0x08000207   Thumb Code     0  startup_stm32g431xx.o(.text)
    RTC_TAMP_LSECSS_IRQHandler               0x08000207   Thumb Code     0  startup_stm32g431xx.o(.text)
    RTC_WKUP_IRQHandler                      0x08000207   Thumb Code     0  startup_stm32g431xx.o(.text)
    SAI1_IRQHandler                          0x08000207   Thumb Code     0  startup_stm32g431xx.o(.text)
    SPI1_IRQHandler                          0x08000207   Thumb Code     0  startup_stm32g431xx.o(.text)
    SPI2_IRQHandler                          0x08000207   Thumb Code     0  startup_stm32g431xx.o(.text)
    SPI3_IRQHandler                          0x08000207   Thumb Code     0  startup_stm32g431xx.o(.text)
    TIM1_BRK_TIM15_IRQHandler                0x08000207   Thumb Code     0  startup_stm32g431xx.o(.text)
    TIM1_CC_IRQHandler                       0x08000207   Thumb Code     0  startup_stm32g431xx.o(.text)
    TIM1_TRG_COM_TIM17_IRQHandler            0x08000207   Thumb Code     0  startup_stm32g431xx.o(.text)
    TIM2_IRQHandler                          0x08000207   Thumb Code     0  startup_stm32g431xx.o(.text)
    TIM3_IRQHandler                          0x08000207   Thumb Code     0  startup_stm32g431xx.o(.text)
    TIM4_IRQHandler                          0x08000207   Thumb Code     0  startup_stm32g431xx.o(.text)
    TIM6_DAC_IRQHandler                      0x08000207   Thumb Code     0  startup_stm32g431xx.o(.text)
    TIM7_IRQHandler                          0x08000207   Thumb Code     0  startup_stm32g431xx.o(.text)
    TIM8_BRK_IRQHandler                      0x08000207   Thumb Code     0  startup_stm32g431xx.o(.text)
    TIM8_CC_IRQHandler                       0x08000207   Thumb Code     0  startup_stm32g431xx.o(.text)
    TIM8_TRG_COM_IRQHandler                  0x08000207   Thumb Code     0  startup_stm32g431xx.o(.text)
    TIM8_UP_IRQHandler                       0x08000207   Thumb Code     0  startup_stm32g431xx.o(.text)
    UART4_IRQHandler                         0x08000207   Thumb Code     0  startup_stm32g431xx.o(.text)
    UCPD1_IRQHandler                         0x08000207   Thumb Code     0  startup_stm32g431xx.o(.text)
    USART1_IRQHandler                        0x08000207   Thumb Code     0  startup_stm32g431xx.o(.text)
    USART2_IRQHandler                        0x08000207   Thumb Code     0  startup_stm32g431xx.o(.text)
    USART3_IRQHandler                        0x08000207   Thumb Code     0  startup_stm32g431xx.o(.text)
    USBWakeUp_IRQHandler                     0x08000207   Thumb Code     0  startup_stm32g431xx.o(.text)
    USB_HP_IRQHandler                        0x08000207   Thumb Code     0  startup_stm32g431xx.o(.text)
    USB_LP_IRQHandler                        0x08000207   Thumb Code     0  startup_stm32g431xx.o(.text)
    WWDG_IRQHandler                          0x08000207   Thumb Code     0  startup_stm32g431xx.o(.text)
    __aeabi_uldivmod                         0x08000211   Thumb Code    98  uldiv.o(.text)
    __aeabi_memset                           0x08000273   Thumb Code    14  memseta.o(.text)
    __aeabi_memset4                          0x08000273   Thumb Code     0  memseta.o(.text)
    __aeabi_memset8                          0x08000273   Thumb Code     0  memseta.o(.text)
    __aeabi_memclr                           0x08000281   Thumb Code     4  memseta.o(.text)
    __aeabi_memclr4                          0x08000281   Thumb Code     0  memseta.o(.text)
    __aeabi_memclr8                          0x08000281   Thumb Code     0  memseta.o(.text)
    _memset$wrapper                          0x08000285   Thumb Code    18  memseta.o(.text)
    __aeabi_dadd                             0x08000297   Thumb Code   322  dadd.o(.text)
    __aeabi_dsub                             0x080003d9   Thumb Code     6  dadd.o(.text)
    __aeabi_drsub                            0x080003df   Thumb Code     6  dadd.o(.text)
    __aeabi_dmul                             0x080003e5   Thumb Code   228  dmul.o(.text)
    __aeabi_ui2d                             0x080004c9   Thumb Code    26  dfltui.o(.text)
    __aeabi_f2d                              0x080004e3   Thumb Code    38  f2d.o(.text)
    __aeabi_d2f                              0x08000509   Thumb Code    56  d2f.o(.text)
    __aeabi_uidiv                            0x08000541   Thumb Code     0  uidiv.o(.text)
    __aeabi_uidivmod                         0x08000541   Thumb Code    44  uidiv.o(.text)
    __aeabi_llsl                             0x0800056d   Thumb Code    30  llshl.o(.text)
    _ll_shift_l                              0x0800056d   Thumb Code     0  llshl.o(.text)
    __aeabi_llsr                             0x0800058b   Thumb Code    32  llushr.o(.text)
    _ll_ushift_r                             0x0800058b   Thumb Code     0  llushr.o(.text)
    __aeabi_lasr                             0x080005ab   Thumb Code    36  llsshr.o(.text)
    _ll_sshift_r                             0x080005ab   Thumb Code     0  llsshr.o(.text)
    __I$use$fp                               0x080005cf   Thumb Code     0  iusefp.o(.text)
    _float_round                             0x080005cf   Thumb Code    18  fepilogue.o(.text)
    _float_epilogue                          0x080005e1   Thumb Code    92  fepilogue.o(.text)
    _double_round                            0x0800063d   Thumb Code    30  depilogue.o(.text)
    _double_epilogue                         0x0800065b   Thumb Code   156  depilogue.o(.text)
    __aeabi_ddiv                             0x080006f7   Thumb Code   222  ddiv.o(.text)
    _drem                                    0x080007d5   Thumb Code   134  drem.o(.text)
    __aeabi_d2ulz                            0x0800085b   Thumb Code    48  dfixul.o(.text)
    __aeabi_cdrcmple                         0x0800088d   Thumb Code    48  cdrcmple.o(.text)
    __scatterload                            0x080008bd   Thumb Code    28  init.o(.text)
    __scatterload_rt2                        0x080008bd   Thumb Code     0  init.o(.text)
    AS5047P_GetAngle                         0x080008e1   Thumb Code     8  as5047p.o(i.AS5047P_GetAngle)
    AS5047_read                              0x080008e9   Thumb Code    40  as5047p.o(i.AS5047_read)
    BusFault_Handler                         0x08000911   Thumb Code     2  stm32g4xx_it.o(i.BusFault_Handler)
    Calculate_angle_el                       0x08000913   Thumb Code    12  foc_alg.o(i.Calculate_angle_el)
    Calculate_velocity_raw                   0x08000921   Thumb Code    92  foc_alg.o(i.Calculate_velocity_raw)
    DMA1_Channel1_IRQHandler                 0x08000989   Thumb Code     6  stm32g4xx_it.o(i.DMA1_Channel1_IRQHandler)
    DebugMon_Handler                         0x080009f9   Thumb Code     2  stm32g4xx_it.o(i.DebugMon_Handler)
    Error_Handler                            0x080009fb   Thumb Code     4  main.o(i.Error_Handler)
    HAL_ADCEx_MultiModeConfigChannel         0x08000a01   Thumb Code   208  stm32g4xx_hal_adc_ex.o(i.HAL_ADCEx_MultiModeConfigChannel)
    HAL_ADC_ConfigChannel                    0x08000ad9   Thumb Code  1006  stm32g4xx_hal_adc.o(i.HAL_ADC_ConfigChannel)
    HAL_ADC_GetValue                         0x08000efd   Thumb Code     6  stm32g4xx_hal_adc.o(i.HAL_ADC_GetValue)
    HAL_ADC_Init                             0x08000f05   Thumb Code   466  stm32g4xx_hal_adc.o(i.HAL_ADC_Init)
    HAL_ADC_MspInit                          0x080010f9   Thumb Code   158  adc.o(i.HAL_ADC_MspInit)
    HAL_DMA_IRQHandler                       0x080011a5   Thumb Code   186  stm32g4xx_hal_dma.o(i.HAL_DMA_IRQHandler)
    HAL_DMA_Init                             0x08001261   Thumb Code   178  stm32g4xx_hal_dma.o(i.HAL_DMA_Init)
    HAL_Delay                                0x08001321   Thumb Code    32  stm32g4xx_hal.o(i.HAL_Delay)
    HAL_FDCAN_Init                           0x08001345   Thumb Code   498  stm32g4xx_hal_fdcan.o(i.HAL_FDCAN_Init)
    HAL_FDCAN_MspInit                        0x08001549   Thumb Code   116  fdcan.o(i.HAL_FDCAN_MspInit)
    HAL_GPIO_Init                            0x080015c5   Thumb Code   550  stm32g4xx_hal_gpio.o(i.HAL_GPIO_Init)
    HAL_GPIO_WritePin                        0x0800180d   Thumb Code    10  stm32g4xx_hal_gpio.o(i.HAL_GPIO_WritePin)
    HAL_GetTick                              0x08001819   Thumb Code     6  stm32g4xx_hal.o(i.HAL_GetTick)
    HAL_IncTick                              0x08001825   Thumb Code    12  stm32g4xx_hal.o(i.HAL_IncTick)
    HAL_Init                                 0x08001835   Thumb Code    30  stm32g4xx_hal.o(i.HAL_Init)
    HAL_InitTick                             0x08001855   Thumb Code    58  stm32g4xx_hal.o(i.HAL_InitTick)
    HAL_MspInit                              0x08001899   Thumb Code    42  stm32g4xx_hal_msp.o(i.HAL_MspInit)
    HAL_NVIC_EnableIRQ                       0x080018c9   Thumb Code    26  stm32g4xx_hal_cortex.o(i.HAL_NVIC_EnableIRQ)
    HAL_NVIC_SetPriority                     0x080018e5   Thumb Code    60  stm32g4xx_hal_cortex.o(i.HAL_NVIC_SetPriority)
    HAL_NVIC_SetPriorityGrouping             0x08001925   Thumb Code    26  stm32g4xx_hal_cortex.o(i.HAL_NVIC_SetPriorityGrouping)
    HAL_PWREx_ControlVoltageScaling          0x08001949   Thumb Code   174  stm32g4xx_hal_pwr_ex.o(i.HAL_PWREx_ControlVoltageScaling)
    HAL_PWREx_DisableUCPDDeadBattery         0x08001a05   Thumb Code    12  stm32g4xx_hal_pwr_ex.o(i.HAL_PWREx_DisableUCPDDeadBattery)
    HAL_RCCEx_PeriphCLKConfig                0x08001a15   Thumb Code   638  stm32g4xx_hal_rcc_ex.o(i.HAL_RCCEx_PeriphCLKConfig)
    HAL_RCC_ClockConfig                      0x08001c9d   Thumb Code   444  stm32g4xx_hal_rcc.o(i.HAL_RCC_ClockConfig)
    HAL_RCC_GetPCLK1Freq                     0x08001e79   Thumb Code    24  stm32g4xx_hal_rcc.o(i.HAL_RCC_GetPCLK1Freq)
    HAL_RCC_GetPCLK2Freq                     0x08001e9d   Thumb Code    24  stm32g4xx_hal_rcc.o(i.HAL_RCC_GetPCLK2Freq)
    HAL_RCC_GetSysClockFreq                  0x08001ec1   Thumb Code    98  stm32g4xx_hal_rcc.o(i.HAL_RCC_GetSysClockFreq)
    HAL_RCC_OscConfig                        0x08001f2d   Thumb Code  1028  stm32g4xx_hal_rcc.o(i.HAL_RCC_OscConfig)
    HAL_SPI_Init                             0x08002331   Thumb Code   234  stm32g4xx_hal_spi.o(i.HAL_SPI_Init)
    HAL_SPI_MspInit                          0x0800241d   Thumb Code    88  spi.o(i.HAL_SPI_MspInit)
    HAL_SPI_TransmitReceive                  0x0800247d   Thumb Code   626  stm32g4xx_hal_spi.o(i.HAL_SPI_TransmitReceive)
    HAL_SYSTICK_Config                       0x080026ef   Thumb Code    40  stm32g4xx_hal_cortex.o(i.HAL_SYSTICK_Config)
    HAL_TIMEx_Break2Callback                 0x08002717   Thumb Code     2  stm32g4xx_hal_tim_ex.o(i.HAL_TIMEx_Break2Callback)
    HAL_TIMEx_BreakCallback                  0x08002719   Thumb Code     2  stm32g4xx_hal_tim_ex.o(i.HAL_TIMEx_BreakCallback)
    HAL_TIMEx_CommutCallback                 0x0800271b   Thumb Code     2  stm32g4xx_hal_tim_ex.o(i.HAL_TIMEx_CommutCallback)
    HAL_TIMEx_ConfigBreakDeadTime            0x0800271d   Thumb Code   148  stm32g4xx_hal_tim_ex.o(i.HAL_TIMEx_ConfigBreakDeadTime)
    HAL_TIMEx_DirectionChangeCallback        0x080027b9   Thumb Code     2  stm32g4xx_hal_tim_ex.o(i.HAL_TIMEx_DirectionChangeCallback)
    HAL_TIMEx_EncoderIndexCallback           0x080027bb   Thumb Code     2  stm32g4xx_hal_tim_ex.o(i.HAL_TIMEx_EncoderIndexCallback)
    HAL_TIMEx_IndexErrorCallback             0x080027bd   Thumb Code     2  stm32g4xx_hal_tim_ex.o(i.HAL_TIMEx_IndexErrorCallback)
    HAL_TIMEx_MasterConfigSynchronization    0x080027c1   Thumb Code   132  stm32g4xx_hal_tim_ex.o(i.HAL_TIMEx_MasterConfigSynchronization)
    HAL_TIMEx_TransitionErrorCallback        0x0800285d   Thumb Code     2  stm32g4xx_hal_tim_ex.o(i.HAL_TIMEx_TransitionErrorCallback)
    HAL_TIM_Base_Init                        0x0800285f   Thumb Code    98  stm32g4xx_hal_tim.o(i.HAL_TIM_Base_Init)
    HAL_TIM_Base_MspInit                     0x080028c1   Thumb Code    72  tim.o(i.HAL_TIM_Base_MspInit)
    HAL_TIM_Base_Start                       0x08002915   Thumb Code    84  stm32g4xx_hal_tim.o(i.HAL_TIM_Base_Start)
    HAL_TIM_ConfigClockSource                0x08002981   Thumb Code   246  stm32g4xx_hal_tim.o(i.HAL_TIM_ConfigClockSource)
    HAL_TIM_IC_CaptureCallback               0x08002a81   Thumb Code     2  stm32g4xx_hal_tim.o(i.HAL_TIM_IC_CaptureCallback)
    HAL_TIM_IRQHandler                       0x08002a83   Thumb Code   418  stm32g4xx_hal_tim.o(i.HAL_TIM_IRQHandler)
    HAL_TIM_MspPostInit                      0x08002c25   Thumb Code    74  tim.o(i.HAL_TIM_MspPostInit)
    HAL_TIM_OC_DelayElapsedCallback          0x08002c79   Thumb Code     2  stm32g4xx_hal_tim.o(i.HAL_TIM_OC_DelayElapsedCallback)
    HAL_TIM_PWM_ConfigChannel                0x08002c7b   Thumb Code   292  stm32g4xx_hal_tim.o(i.HAL_TIM_PWM_ConfigChannel)
    HAL_TIM_PWM_Init                         0x08002d9f   Thumb Code    98  stm32g4xx_hal_tim.o(i.HAL_TIM_PWM_Init)
    HAL_TIM_PWM_MspInit                      0x08002e01   Thumb Code     2  stm32g4xx_hal_tim.o(i.HAL_TIM_PWM_MspInit)
    HAL_TIM_PWM_PulseFinishedCallback        0x08002e03   Thumb Code     2  stm32g4xx_hal_tim.o(i.HAL_TIM_PWM_PulseFinishedCallback)
    HAL_TIM_PWM_Start                        0x08002e05   Thumb Code   218  stm32g4xx_hal_tim.o(i.HAL_TIM_PWM_Start)
    HAL_TIM_PeriodElapsedCallback            0x08002f01   Thumb Code     2  main.o(i.HAL_TIM_PeriodElapsedCallback)
    HAL_TIM_TriggerCallback                  0x08002f03   Thumb Code     2  stm32g4xx_hal_tim.o(i.HAL_TIM_TriggerCallback)
    HAL_UARTEx_DisableFifoMode               0x08002f05   Thumb Code    62  stm32g4xx_hal_uart_ex.o(i.HAL_UARTEx_DisableFifoMode)
    HAL_UARTEx_SetRxFifoThreshold            0x08002f43   Thumb Code    76  stm32g4xx_hal_uart_ex.o(i.HAL_UARTEx_SetRxFifoThreshold)
    HAL_UARTEx_SetTxFifoThreshold            0x08002f8f   Thumb Code    76  stm32g4xx_hal_uart_ex.o(i.HAL_UARTEx_SetTxFifoThreshold)
    HAL_UART_Init                            0x08002fdb   Thumb Code   106  stm32g4xx_hal_uart.o(i.HAL_UART_Init)
    HAL_UART_MspInit                         0x08003045   Thumb Code   150  usart.o(i.HAL_UART_MspInit)
    HAL_UART_Transmit                        0x080030ed   Thumb Code   174  stm32g4xx_hal_uart.o(i.HAL_UART_Transmit)
    HardFault_Handler                        0x0800319b   Thumb Code     2  stm32g4xx_it.o(i.HardFault_Handler)
    Limit_angle_el                           0x080031f1   Thumb Code    54  foc_alg.o(i.Limit_angle_el)
    MX_ADC1_Init                             0x08003235   Thumb Code   162  adc.o(i.MX_ADC1_Init)
    MX_DMA_Init                              0x080032e5   Thumb Code    56  dma.o(i.MX_DMA_Init)
    MX_FDCAN1_Init                           0x08003321   Thumb Code    68  fdcan.o(i.MX_FDCAN1_Init)
    MX_GPIO_Init                             0x0800336d   Thumb Code   100  gpio.o(i.MX_GPIO_Init)
    MX_SPI1_Init                             0x080033d9   Thumb Code    70  spi.o(i.MX_SPI1_Init)
    MX_TIM1_Init                             0x08003429   Thumb Code   274  tim.o(i.MX_TIM1_Init)
    MX_TIM3_Init                             0x08003545   Thumb Code   104  tim.o(i.MX_TIM3_Init)
    MX_USART3_UART_Init                      0x080035b5   Thumb Code    92  usart.o(i.MX_USART3_UART_Init)
    MemManage_Handler                        0x0800361d   Thumb Code     2  stm32g4xx_it.o(i.MemManage_Handler)
    NMI_Handler                              0x0800361f   Thumb Code     2  stm32g4xx_it.o(i.NMI_Handler)
    Parity_bit_Calculate                     0x08003621   Thumb Code    18  as5047p.o(i.Parity_bit_Calculate)
    PendSV_Handler                           0x08003633   Thumb Code     2  stm32g4xx_it.o(i.PendSV_Handler)
    SPI_ReadWrite_OneByte                    0x0800367d   Thumb Code    52  as5047p.o(i.SPI_ReadWrite_OneByte)
    SVC_Handler                              0x08003851   Thumb Code     2  stm32g4xx_it.o(i.SVC_Handler)
    SysTick_Handler                          0x08003853   Thumb Code     4  stm32g4xx_it.o(i.SysTick_Handler)
    SystemClock_Config                       0x08003857   Thumb Code   104  main.o(i.SystemClock_Config)
    SystemInit                               0x080038c1   Thumb Code    12  system_stm32g4xx.o(i.SystemInit)
    TIM1_UP_TIM16_IRQHandler                 0x080038d1   Thumb Code     6  stm32g4xx_it.o(i.TIM1_UP_TIM16_IRQHandler)
    TIM_Base_SetConfig                       0x080038dd   Thumb Code   160  stm32g4xx_hal_tim.o(i.TIM_Base_SetConfig)
    TIM_CCxChannelCmd                        0x08003999   Thumb Code    26  stm32g4xx_hal_tim.o(i.TIM_CCxChannelCmd)
    TIM_ETR_SetConfig                        0x080039b3   Thumb Code    20  stm32g4xx_hal_tim.o(i.TIM_ETR_SetConfig)
    TIM_OC2_SetConfig                        0x08003a79   Thumb Code   120  stm32g4xx_hal_tim.o(i.TIM_OC2_SetConfig)
    UART_AdvFeatureConfig                    0x08003d95   Thumb Code   200  stm32g4xx_hal_uart.o(i.UART_AdvFeatureConfig)
    UART_CheckIdleState                      0x08003e5d   Thumb Code   172  stm32g4xx_hal_uart.o(i.UART_CheckIdleState)
    UART_SetConfig                           0x08003f5d   Thumb Code   582  stm32g4xx_hal_uart.o(i.UART_SetConfig)
    UART_WaitOnFlagUntilTimeout              0x080041d1   Thumb Code   148  stm32g4xx_hal_uart.o(i.UART_WaitOnFlagUntilTimeout)
    UsageFault_Handler                       0x08004265   Thumb Code     2  stm32g4xx_it.o(i.UsageFault_Handler)
    __0printf                                0x08004269   Thumb Code    22  printfa.o(i.__0printf)
    __1printf                                0x08004269   Thumb Code     0  printfa.o(i.__0printf)
    __2printf                                0x08004269   Thumb Code     0  printfa.o(i.__0printf)
    __c89printf                              0x08004269   Thumb Code     0  printfa.o(i.__0printf)
    printf                                   0x08004269   Thumb Code     0  printfa.o(i.__0printf)
    __hardfp_fmod                            0x080042a9   Thumb Code   254  fmod.o(i.__hardfp_fmod)
    __mathlib_dbl_invalid                    0x080043b1   Thumb Code    24  dunder.o(i.__mathlib_dbl_invalid)
    __scatterload_copy                       0x080043d1   Thumb Code    14  handlers.o(i.__scatterload_copy)
    __scatterload_null                       0x080043df   Thumb Code     2  handlers.o(i.__scatterload_null)
    __scatterload_zeroinit                   0x080043e1   Thumb Code    14  handlers.o(i.__scatterload_zeroinit)
    __set_errno                              0x080043f1   Thumb Code     6  errno.o(i.__set_errno)
    data_init                                0x08004cb1   Thumb Code    30  main.o(i.data_init)
    foc_init                                 0x08004cdd   Thumb Code   272  foc_drv.o(i.foc_init)
    fputc                                    0x08004e41   Thumb Code    20  main.o(i.fputc)
    main                                     0x08004e59   Thumb Code   122  main.o(i.main)
    stm32_cal_Ia                             0x08004ee9   Thumb Code    60  foc_drv.o(i.stm32_cal_Ia)
    stm32_cal_Ib                             0x08004f2d   Thumb Code    60  foc_drv.o(i.stm32_cal_Ib)
    stm32_cal_Ic                             0x08004f71   Thumb Code    60  foc_drv.o(i.stm32_cal_Ic)
    stm32_cal_angle                          0x08004fb5   Thumb Code    34  foc_drv.o(i.stm32_cal_angle)
    stm32_delayms                            0x08004fe1   Thumb Code     4  foc_drv.o(i.stm32_delayms)
    stm32_set_pwm_A                          0x08004fe5   Thumb Code    26  foc_drv.o(i.stm32_set_pwm_A)
    stm32_set_pwm_B                          0x08005009   Thumb Code    26  foc_drv.o(i.stm32_set_pwm_B)
    stm32_set_pwm_C                          0x0800502d   Thumb Code    26  foc_drv.o(i.stm32_set_pwm_C)
    stm32_update_Ia_raw                      0x08005051   Thumb Code     6  foc_drv.o(i.stm32_update_Ia_raw)
    stm32_update_Ib_raw                      0x0800505d   Thumb Code     6  foc_drv.o(i.stm32_update_Ib_raw)
    stm32_update_Ic_raw                      0x08005069   Thumb Code     6  foc_drv.o(i.stm32_update_Ic_raw)
    stm32_update_angle_raw                   0x08005075   Thumb Code     4  foc_drv.o(i.stm32_update_angle_raw)
    stm32_update_dt                          0x08005079   Thumb Code    78  foc_drv.o(i.stm32_update_dt)
    update_angle                             0x080050d1   Thumb Code    22  foc_alg.o(i.update_angle)
    update_angle_el                          0x080050e7   Thumb Code    38  foc_alg.o(i.update_angle_el)
    update_dt                                0x0800510d   Thumb Code    30  foc_alg.o(i.update_dt)
    update_velocity_raw                      0x0800512b   Thumb Code    46  foc_alg.o(i.update_velocity_raw)
    UARTPrescTable                           0x08005158   Data          24  stm32g4xx_hal_uart.o(.constdata)
    AHBPrescTable                            0x08005180   Data          16  system_stm32g4xx.o(.constdata)
    APBPrescTable                            0x08005190   Data           8  system_stm32g4xx.o(.constdata)
    Region$$Table$$Base                      0x08005198   Number         0  anon$$obj.o(Region$$Table)
    Region$$Table$$Limit                     0x080051b8   Number         0  anon$$obj.o(Region$$Table)
    uwTickPrio                               0x20000000   Data           4  stm32g4xx_hal.o(.data)
    uwTickFreq                               0x20000004   Data           4  stm32g4xx_hal.o(.data)
    uwTick                                   0x20000008   Data           4  stm32g4xx_hal.o(.data)
    SystemCoreClock                          0x2000000c   Data           4  system_stm32g4xx.o(.data)
    __stdout                                 0x20000010   Data           4  stdout.o(.data)
    motor                                    0x20000018   Data        1072  main.o(.bss)
    motordata                                0x20000448   Data          16  main.o(.bss)
    hadc1                                    0x20000458   Data         108  adc.o(.bss)
    hdma_adc1                                0x200004c4   Data          96  adc.o(.bss)
    hfdcan1                                  0x20000524   Data         100  fdcan.o(.bss)
    hspi1                                    0x20000588   Data         100  spi.o(.bss)
    htim1                                    0x200005ec   Data          76  tim.o(.bss)
    htim3                                    0x20000638   Data          76  tim.o(.bss)
    huart3                                   0x20000684   Data         148  usart.o(.bss)
    __initial_sp                             0x20000b18   Data           0  startup_stm32g431xx.o(STACK)



==============================================================================

Memory Map of the image

  Image Entry point : 0x080001d9

  Load Region LR_IROM1 (Base: 0x08000000, Size: 0x000051d0, Max: 0x00020000, ABSOLUTE)

    Execution Region ER_IROM1 (Exec base: 0x08000000, Load base: 0x08000000, Size: 0x000051b8, Max: 0x00020000, ABSOLUTE)

    Exec Addr    Load Addr    Size         Type   Attr      Idx    E Section Name        Object

    0x08000000   0x08000000   0x000001d8   Data   RO            3    RESET               startup_stm32g431xx.o
    0x080001d8   0x080001d8   0x00000000   Code   RO         5571  * .ARM.Collect$$$$00000000  mc_w.l(entry.o)
    0x080001d8   0x080001d8   0x00000004   Code   RO         5911    .ARM.Collect$$$$00000001  mc_w.l(entry2.o)
    0x080001dc   0x080001dc   0x00000004   Code   RO         5914    .ARM.Collect$$$$00000004  mc_w.l(entry5.o)
    0x080001e0   0x080001e0   0x00000000   Code   RO         5916    .ARM.Collect$$$$00000008  mc_w.l(entry7b.o)
    0x080001e0   0x080001e0   0x00000000   Code   RO         5918    .ARM.Collect$$$$0000000A  mc_w.l(entry8b.o)
    0x080001e0   0x080001e0   0x00000008   Code   RO         5919    .ARM.Collect$$$$0000000B  mc_w.l(entry9a.o)
    0x080001e8   0x080001e8   0x00000000   Code   RO         5921    .ARM.Collect$$$$0000000D  mc_w.l(entry10a.o)
    0x080001e8   0x080001e8   0x00000000   Code   RO         5923    .ARM.Collect$$$$0000000F  mc_w.l(entry11a.o)
    0x080001e8   0x080001e8   0x00000004   Code   RO         5912    .ARM.Collect$$$$00002712  mc_w.l(entry2.o)
    0x080001ec   0x080001ec   0x00000024   Code   RO            4    .text               startup_stm32g431xx.o
    0x08000210   0x08000210   0x00000062   Code   RO         5574    .text               mc_w.l(uldiv.o)
    0x08000272   0x08000272   0x00000024   Code   RO         5576    .text               mc_w.l(memseta.o)
    0x08000296   0x08000296   0x0000014e   Code   RO         5869    .text               mf_w.l(dadd.o)
    0x080003e4   0x080003e4   0x000000e4   Code   RO         5871    .text               mf_w.l(dmul.o)
    0x080004c8   0x080004c8   0x0000001a   Code   RO         5873    .text               mf_w.l(dfltui.o)
    0x080004e2   0x080004e2   0x00000026   Code   RO         5879    .text               mf_w.l(f2d.o)
    0x08000508   0x08000508   0x00000038   Code   RO         5881    .text               mf_w.l(d2f.o)
    0x08000540   0x08000540   0x0000002c   Code   RO         5926    .text               mc_w.l(uidiv.o)
    0x0800056c   0x0800056c   0x0000001e   Code   RO         5928    .text               mc_w.l(llshl.o)
    0x0800058a   0x0800058a   0x00000020   Code   RO         5930    .text               mc_w.l(llushr.o)
    0x080005aa   0x080005aa   0x00000024   Code   RO         5932    .text               mc_w.l(llsshr.o)
    0x080005ce   0x080005ce   0x00000000   Code   RO         5947    .text               mc_w.l(iusefp.o)
    0x080005ce   0x080005ce   0x0000006e   Code   RO         5948    .text               mf_w.l(fepilogue.o)
    0x0800063c   0x0800063c   0x000000ba   Code   RO         5950    .text               mf_w.l(depilogue.o)
    0x080006f6   0x080006f6   0x000000de   Code   RO         5952    .text               mf_w.l(ddiv.o)
    0x080007d4   0x080007d4   0x00000086   Code   RO         5958    .text               mf_w.l(drem.o)
    0x0800085a   0x0800085a   0x00000030   Code   RO         5960    .text               mf_w.l(dfixul.o)
    0x0800088a   0x0800088a   0x00000002   PAD
    0x0800088c   0x0800088c   0x00000030   Code   RO         5964    .text               mf_w.l(cdrcmple.o)
    0x080008bc   0x080008bc   0x00000024   Code   RO         5976    .text               mc_w.l(init.o)
    0x080008e0   0x080008e0   0x00000008   Code   RO         5020    i.AS5047P_GetAngle  as5047p.o
    0x080008e8   0x080008e8   0x00000028   Code   RO         5021    i.AS5047_read       as5047p.o
    0x08000910   0x08000910   0x00000002   Code   RO          499    i.BusFault_Handler  stm32g4xx_it.o
    0x08000912   0x08000912   0x0000000c   Code   RO         5078    i.Calculate_angle_el  foc_alg.o
    0x0800091e   0x0800091e   0x00000002   PAD
    0x08000920   0x08000920   0x00000068   Code   RO         5080    i.Calculate_velocity_raw  foc_alg.o
    0x08000988   0x08000988   0x0000000c   Code   RO          500    i.DMA1_Channel1_IRQHandler  stm32g4xx_it.o
    0x08000994   0x08000994   0x00000040   Code   RO         1909    i.DMA_CalcDMAMUXChannelBaseAndMask  stm32g4xx_hal_dma.o
    0x080009d4   0x080009d4   0x00000024   Code   RO         1910    i.DMA_CalcDMAMUXRequestGenBaseAndMask  stm32g4xx_hal_dma.o
    0x080009f8   0x080009f8   0x00000002   Code   RO          501    i.DebugMon_Handler  stm32g4xx_it.o
    0x080009fa   0x080009fa   0x00000004   Code   RO           13    i.Error_Handler     main.o
    0x080009fe   0x080009fe   0x00000002   PAD
    0x08000a00   0x08000a00   0x000000d8   Code   RO          866    i.HAL_ADCEx_MultiModeConfigChannel  stm32g4xx_hal_adc_ex.o
    0x08000ad8   0x08000ad8   0x00000424   Code   RO          618    i.HAL_ADC_ConfigChannel  stm32g4xx_hal_adc.o
    0x08000efc   0x08000efc   0x00000006   Code   RO          625    i.HAL_ADC_GetValue  stm32g4xx_hal_adc.o
    0x08000f02   0x08000f02   0x00000002   PAD
    0x08000f04   0x08000f04   0x000001f4   Code   RO          627    i.HAL_ADC_Init      stm32g4xx_hal_adc.o
    0x080010f8   0x080010f8   0x000000ac   Code   RO          254    i.HAL_ADC_MspInit   adc.o
    0x080011a4   0x080011a4   0x000000ba   Code   RO         1917    i.HAL_DMA_IRQHandler  stm32g4xx_hal_dma.o
    0x0800125e   0x0800125e   0x00000002   PAD
    0x08001260   0x08001260   0x000000c0   Code   RO         1918    i.HAL_DMA_Init      stm32g4xx_hal_dma.o
    0x08001320   0x08001320   0x00000024   Code   RO         1065    i.HAL_Delay         stm32g4xx_hal.o
    0x08001344   0x08001344   0x00000204   Code   RO         2607    i.HAL_FDCAN_Init    stm32g4xx_hal_fdcan.o
    0x08001548   0x08001548   0x0000007c   Code   RO          320    i.HAL_FDCAN_MspInit  fdcan.o
    0x080015c4   0x080015c4   0x00000248   Code   RO         1774    i.HAL_GPIO_Init     stm32g4xx_hal_gpio.o
    0x0800180c   0x0800180c   0x0000000a   Code   RO         1778    i.HAL_GPIO_WritePin  stm32g4xx_hal_gpio.o
    0x08001816   0x08001816   0x00000002   PAD
    0x08001818   0x08001818   0x0000000c   Code   RO         1069    i.HAL_GetTick       stm32g4xx_hal.o
    0x08001824   0x08001824   0x00000010   Code   RO         1075    i.HAL_IncTick       stm32g4xx_hal.o
    0x08001834   0x08001834   0x0000001e   Code   RO         1076    i.HAL_Init          stm32g4xx_hal.o
    0x08001852   0x08001852   0x00000002   PAD
    0x08001854   0x08001854   0x00000044   Code   RO         1077    i.HAL_InitTick      stm32g4xx_hal.o
    0x08001898   0x08001898   0x00000030   Code   RO          587    i.HAL_MspInit       stm32g4xx_hal_msp.o
    0x080018c8   0x080018c8   0x0000001a   Code   RO         2423    i.HAL_NVIC_EnableIRQ  stm32g4xx_hal_cortex.o
    0x080018e2   0x080018e2   0x00000002   PAD
    0x080018e4   0x080018e4   0x00000040   Code   RO         2429    i.HAL_NVIC_SetPriority  stm32g4xx_hal_cortex.o
    0x08001924   0x08001924   0x00000024   Code   RO         2430    i.HAL_NVIC_SetPriorityGrouping  stm32g4xx_hal_cortex.o
    0x08001948   0x08001948   0x000000bc   Code   RO         2177    i.HAL_PWREx_ControlVoltageScaling  stm32g4xx_hal_pwr_ex.o
    0x08001a04   0x08001a04   0x00000010   Code   RO         2189    i.HAL_PWREx_DisableUCPDDeadBattery  stm32g4xx_hal_pwr_ex.o
    0x08001a14   0x08001a14   0x00000288   Code   RO         1436    i.HAL_RCCEx_PeriphCLKConfig  stm32g4xx_hal_rcc_ex.o
    0x08001c9c   0x08001c9c   0x000001dc   Code   RO         1311    i.HAL_RCC_ClockConfig  stm32g4xx_hal_rcc.o
    0x08001e78   0x08001e78   0x00000024   Code   RO         1319    i.HAL_RCC_GetPCLK1Freq  stm32g4xx_hal_rcc.o
    0x08001e9c   0x08001e9c   0x00000024   Code   RO         1320    i.HAL_RCC_GetPCLK2Freq  stm32g4xx_hal_rcc.o
    0x08001ec0   0x08001ec0   0x0000006c   Code   RO         1321    i.HAL_RCC_GetSysClockFreq  stm32g4xx_hal_rcc.o
    0x08001f2c   0x08001f2c   0x00000404   Code   RO         1324    i.HAL_RCC_OscConfig  stm32g4xx_hal_rcc.o
    0x08002330   0x08002330   0x000000ea   Code   RO         2959    i.HAL_SPI_Init      stm32g4xx_hal_spi.o
    0x0800241a   0x0800241a   0x00000002   PAD
    0x0800241c   0x0800241c   0x00000060   Code   RO          362    i.HAL_SPI_MspInit   spi.o
    0x0800247c   0x0800247c   0x00000272   Code   RO         2968    i.HAL_SPI_TransmitReceive  stm32g4xx_hal_spi.o
    0x080026ee   0x080026ee   0x00000028   Code   RO         2434    i.HAL_SYSTICK_Config  stm32g4xx_hal_cortex.o
    0x08002716   0x08002716   0x00000002   Code   RO         4015    i.HAL_TIMEx_Break2Callback  stm32g4xx_hal_tim_ex.o
    0x08002718   0x08002718   0x00000002   Code   RO         4016    i.HAL_TIMEx_BreakCallback  stm32g4xx_hal_tim_ex.o
    0x0800271a   0x0800271a   0x00000002   Code   RO         4017    i.HAL_TIMEx_CommutCallback  stm32g4xx_hal_tim_ex.o
    0x0800271c   0x0800271c   0x0000009c   Code   RO         4020    i.HAL_TIMEx_ConfigBreakDeadTime  stm32g4xx_hal_tim_ex.o
    0x080027b8   0x080027b8   0x00000002   Code   RO         4028    i.HAL_TIMEx_DirectionChangeCallback  stm32g4xx_hal_tim_ex.o
    0x080027ba   0x080027ba   0x00000002   Code   RO         4042    i.HAL_TIMEx_EncoderIndexCallback  stm32g4xx_hal_tim_ex.o
    0x080027bc   0x080027bc   0x00000002   Code   RO         4056    i.HAL_TIMEx_IndexErrorCallback  stm32g4xx_hal_tim_ex.o
    0x080027be   0x080027be   0x00000002   PAD
    0x080027c0   0x080027c0   0x0000009c   Code   RO         4057    i.HAL_TIMEx_MasterConfigSynchronization  stm32g4xx_hal_tim_ex.o
    0x0800285c   0x0800285c   0x00000002   Code   RO         4078    i.HAL_TIMEx_TransitionErrorCallback  stm32g4xx_hal_tim_ex.o
    0x0800285e   0x0800285e   0x00000062   Code   RO         3301    i.HAL_TIM_Base_Init  stm32g4xx_hal_tim.o
    0x080028c0   0x080028c0   0x00000054   Code   RO          404    i.HAL_TIM_Base_MspInit  tim.o
    0x08002914   0x08002914   0x0000006c   Code   RO         3304    i.HAL_TIM_Base_Start  stm32g4xx_hal_tim.o
    0x08002980   0x08002980   0x00000100   Code   RO         3310    i.HAL_TIM_ConfigClockSource  stm32g4xx_hal_tim.o
    0x08002a80   0x08002a80   0x00000002   Code   RO         3335    i.HAL_TIM_IC_CaptureCallback  stm32g4xx_hal_tim.o
    0x08002a82   0x08002a82   0x000001a2   Code   RO         3349    i.HAL_TIM_IRQHandler  stm32g4xx_hal_tim.o
    0x08002c24   0x08002c24   0x00000054   Code   RO          405    i.HAL_TIM_MspPostInit  tim.o
    0x08002c78   0x08002c78   0x00000002   Code   RO         3352    i.HAL_TIM_OC_DelayElapsedCallback  stm32g4xx_hal_tim.o
    0x08002c7a   0x08002c7a   0x00000124   Code   RO         3373    i.HAL_TIM_PWM_ConfigChannel  stm32g4xx_hal_tim.o
    0x08002d9e   0x08002d9e   0x00000062   Code   RO         3376    i.HAL_TIM_PWM_Init  stm32g4xx_hal_tim.o
    0x08002e00   0x08002e00   0x00000002   Code   RO         3378    i.HAL_TIM_PWM_MspInit  stm32g4xx_hal_tim.o
    0x08002e02   0x08002e02   0x00000002   Code   RO         3379    i.HAL_TIM_PWM_PulseFinishedCallback  stm32g4xx_hal_tim.o
    0x08002e04   0x08002e04   0x000000fc   Code   RO         3381    i.HAL_TIM_PWM_Start  stm32g4xx_hal_tim.o
    0x08002f00   0x08002f00   0x00000002   Code   RO           14    i.HAL_TIM_PeriodElapsedCallback  main.o
    0x08002f02   0x08002f02   0x00000002   Code   RO         3392    i.HAL_TIM_TriggerCallback  stm32g4xx_hal_tim.o
    0x08002f04   0x08002f04   0x0000003e   Code   RO         4864    i.HAL_UARTEx_DisableFifoMode  stm32g4xx_hal_uart_ex.o
    0x08002f42   0x08002f42   0x0000004c   Code   RO         4873    i.HAL_UARTEx_SetRxFifoThreshold  stm32g4xx_hal_uart_ex.o
    0x08002f8e   0x08002f8e   0x0000004c   Code   RO         4874    i.HAL_UARTEx_SetTxFifoThreshold  stm32g4xx_hal_uart_ex.o
    0x08002fda   0x08002fda   0x0000006a   Code   RO         4473    i.HAL_UART_Init     stm32g4xx_hal_uart.o
    0x08003044   0x08003044   0x000000a8   Code   RO          458    i.HAL_UART_MspInit  usart.o
    0x080030ec   0x080030ec   0x000000ae   Code   RO         4482    i.HAL_UART_Transmit  stm32g4xx_hal_uart.o
    0x0800319a   0x0800319a   0x00000002   Code   RO          502    i.HardFault_Handler  stm32g4xx_it.o
    0x0800319c   0x0800319c   0x0000000c   Code   RO          641    i.LL_ADC_GetOffsetChannel  stm32g4xx_hal_adc.o
    0x080031a8   0x080031a8   0x00000008   Code   RO          642    i.LL_ADC_INJ_IsConversionOngoing  stm32g4xx_hal_adc.o
    0x080031b0   0x080031b0   0x00000008   Code   RO          643    i.LL_ADC_REG_IsConversionOngoing  stm32g4xx_hal_adc.o
    0x080031b8   0x080031b8   0x00000008   Code   RO          876    i.LL_ADC_REG_IsConversionOngoing  stm32g4xx_hal_adc_ex.o
    0x080031c0   0x080031c0   0x0000001e   Code   RO          646    i.LL_ADC_SetChannelSamplingTime  stm32g4xx_hal_adc.o
    0x080031de   0x080031de   0x00000010   Code   RO          647    i.LL_ADC_SetOffsetState  stm32g4xx_hal_adc.o
    0x080031ee   0x080031ee   0x00000002   PAD
    0x080031f0   0x080031f0   0x00000044   Code   RO         5083    i.Limit_angle_el    foc_alg.o
    0x08003234   0x08003234   0x000000b0   Code   RO          255    i.MX_ADC1_Init      adc.o
    0x080032e4   0x080032e4   0x0000003c   Code   RO          295    i.MX_DMA_Init       dma.o
    0x08003320   0x08003320   0x0000004c   Code   RO          321    i.MX_FDCAN1_Init    fdcan.o
    0x0800336c   0x0800336c   0x0000006c   Code   RO          229    i.MX_GPIO_Init      gpio.o
    0x080033d8   0x080033d8   0x00000050   Code   RO          363    i.MX_SPI1_Init      spi.o
    0x08003428   0x08003428   0x0000011c   Code   RO          406    i.MX_TIM1_Init      tim.o
    0x08003544   0x08003544   0x00000070   Code   RO          407    i.MX_TIM3_Init      tim.o
    0x080035b4   0x080035b4   0x00000068   Code   RO          459    i.MX_USART3_UART_Init  usart.o
    0x0800361c   0x0800361c   0x00000002   Code   RO          503    i.MemManage_Handler  stm32g4xx_it.o
    0x0800361e   0x0800361e   0x00000002   Code   RO          504    i.NMI_Handler       stm32g4xx_it.o
    0x08003620   0x08003620   0x00000012   Code   RO         5023    i.Parity_bit_Calculate  as5047p.o
    0x08003632   0x08003632   0x00000002   Code   RO          505    i.PendSV_Handler    stm32g4xx_it.o
    0x08003634   0x08003634   0x00000048   Code   RO         2997    i.SPI_EndRxTxTransaction  stm32g4xx_hal_spi.o
    0x0800367c   0x0800367c   0x0000003c   Code   RO         5024    i.SPI_ReadWrite_OneByte  as5047p.o
    0x080036b8   0x080036b8   0x000000e0   Code   RO         3002    i.SPI_WaitFifoStateUntilTimeout  stm32g4xx_hal_spi.o
    0x08003798   0x08003798   0x000000b8   Code   RO         3003    i.SPI_WaitFlagStateUntilTimeout  stm32g4xx_hal_spi.o
    0x08003850   0x08003850   0x00000002   Code   RO          506    i.SVC_Handler       stm32g4xx_it.o
    0x08003852   0x08003852   0x00000004   Code   RO          507    i.SysTick_Handler   stm32g4xx_it.o
    0x08003856   0x08003856   0x00000068   Code   RO           15    i.SystemClock_Config  main.o
    0x080038be   0x080038be   0x00000002   PAD
    0x080038c0   0x080038c0   0x00000010   Code   RO         4983    i.SystemInit        system_stm32g4xx.o
    0x080038d0   0x080038d0   0x0000000c   Code   RO          508    i.TIM1_UP_TIM16_IRQHandler  stm32g4xx_it.o
    0x080038dc   0x080038dc   0x000000bc   Code   RO         3394    i.TIM_Base_SetConfig  stm32g4xx_hal_tim.o
    0x08003998   0x08003998   0x0000001a   Code   RO         3395    i.TIM_CCxChannelCmd  stm32g4xx_hal_tim.o
    0x080039b2   0x080039b2   0x00000014   Code   RO         3405    i.TIM_ETR_SetConfig  stm32g4xx_hal_tim.o
    0x080039c6   0x080039c6   0x00000002   PAD
    0x080039c8   0x080039c8   0x00000014   Code   RO         3406    i.TIM_ITRx_SetConfig  stm32g4xx_hal_tim.o
    0x080039dc   0x080039dc   0x0000009c   Code   RO         3407    i.TIM_OC1_SetConfig  stm32g4xx_hal_tim.o
    0x08003a78   0x08003a78   0x00000090   Code   RO         3408    i.TIM_OC2_SetConfig  stm32g4xx_hal_tim.o
    0x08003b08   0x08003b08   0x00000090   Code   RO         3409    i.TIM_OC3_SetConfig  stm32g4xx_hal_tim.o
    0x08003b98   0x08003b98   0x00000090   Code   RO         3410    i.TIM_OC4_SetConfig  stm32g4xx_hal_tim.o
    0x08003c28   0x08003c28   0x00000070   Code   RO         3411    i.TIM_OC5_SetConfig  stm32g4xx_hal_tim.o
    0x08003c98   0x08003c98   0x00000070   Code   RO         3412    i.TIM_OC6_SetConfig  stm32g4xx_hal_tim.o
    0x08003d08   0x08003d08   0x00000022   Code   RO         3414    i.TIM_TI1_ConfigInputStage  stm32g4xx_hal_tim.o
    0x08003d2a   0x08003d2a   0x00000024   Code   RO         3416    i.TIM_TI2_ConfigInputStage  stm32g4xx_hal_tim.o
    0x08003d4e   0x08003d4e   0x00000002   PAD
    0x08003d50   0x08003d50   0x00000044   Code   RO         4878    i.UARTEx_SetNbDataToProcess  stm32g4xx_hal_uart_ex.o
    0x08003d94   0x08003d94   0x000000c8   Code   RO         4487    i.UART_AdvFeatureConfig  stm32g4xx_hal_uart.o
    0x08003e5c   0x08003e5c   0x000000ac   Code   RO         4488    i.UART_CheckIdleState  stm32g4xx_hal_uart.o
    0x08003f08   0x08003f08   0x00000054   Code   RO         4499    i.UART_EndRxTransfer  stm32g4xx_hal_uart.o
    0x08003f5c   0x08003f5c   0x00000274   Code   RO         4505    i.UART_SetConfig    stm32g4xx_hal_uart.o
    0x080041d0   0x080041d0   0x00000094   Code   RO         4512    i.UART_WaitOnFlagUntilTimeout  stm32g4xx_hal_uart.o
    0x08004264   0x08004264   0x00000002   Code   RO          509    i.UsageFault_Handler  stm32g4xx_it.o
    0x08004266   0x08004266   0x00000002   PAD
    0x08004268   0x08004268   0x00000020   Code   RO         5811    i.__0printf         mc_w.l(printfa.o)
    0x08004288   0x08004288   0x00000020   Code   RO         2436    i.__NVIC_SetPriority  stm32g4xx_hal_cortex.o
    0x080042a8   0x080042a8   0x00000104   Code   RO         5543    i.__hardfp_fmod     m_wm.l(fmod.o)
    0x080043ac   0x080043ac   0x00000004   PAD
    0x080043b0   0x080043b0   0x00000020   Code   RO         5889    i.__mathlib_dbl_invalid  m_wm.l(dunder.o)
    0x080043d0   0x080043d0   0x0000000e   Code   RO         5982    i.__scatterload_copy  mc_w.l(handlers.o)
    0x080043de   0x080043de   0x00000002   Code   RO         5983    i.__scatterload_null  mc_w.l(handlers.o)
    0x080043e0   0x080043e0   0x0000000e   Code   RO         5984    i.__scatterload_zeroinit  mc_w.l(handlers.o)
    0x080043ee   0x080043ee   0x00000002   PAD
    0x080043f0   0x080043f0   0x0000000c   Code   RO         5942    i.__set_errno       mc_w.l(errno.o)
    0x080043fc   0x080043fc   0x00000184   Code   RO         5818    i._fp_digits        mc_w.l(printfa.o)
    0x08004580   0x08004580   0x000006dc   Code   RO         5819    i._printf_core      mc_w.l(printfa.o)
    0x08004c5c   0x08004c5c   0x00000024   Code   RO         5820    i._printf_post_padding  mc_w.l(printfa.o)
    0x08004c80   0x08004c80   0x0000002e   Code   RO         5821    i._printf_pre_padding  mc_w.l(printfa.o)
    0x08004cae   0x08004cae   0x00000002   PAD
    0x08004cb0   0x08004cb0   0x0000002c   Code   RO           16    i.data_init         main.o
    0x08004cdc   0x08004cdc   0x00000164   Code   RO         5420    i.foc_init          foc_drv.o
    0x08004e40   0x08004e40   0x00000018   Code   RO           17    i.fputc             main.o
    0x08004e58   0x08004e58   0x00000090   Code   RO           18    i.main              main.o
    0x08004ee8   0x08004ee8   0x00000044   Code   RO         5421    i.stm32_cal_Ia      foc_drv.o
    0x08004f2c   0x08004f2c   0x00000044   Code   RO         5422    i.stm32_cal_Ib      foc_drv.o
    0x08004f70   0x08004f70   0x00000044   Code   RO         5423    i.stm32_cal_Ic      foc_drv.o
    0x08004fb4   0x08004fb4   0x0000002c   Code   RO         5424    i.stm32_cal_angle   foc_drv.o
    0x08004fe0   0x08004fe0   0x00000004   Code   RO         5425    i.stm32_delayms     foc_drv.o
    0x08004fe4   0x08004fe4   0x00000024   Code   RO         5426    i.stm32_set_pwm_A   foc_drv.o
    0x08005008   0x08005008   0x00000024   Code   RO         5427    i.stm32_set_pwm_B   foc_drv.o
    0x0800502c   0x0800502c   0x00000024   Code   RO         5428    i.stm32_set_pwm_C   foc_drv.o
    0x08005050   0x08005050   0x0000000c   Code   RO         5429    i.stm32_update_Ia_raw  foc_drv.o
    0x0800505c   0x0800505c   0x0000000c   Code   RO         5430    i.stm32_update_Ib_raw  foc_drv.o
    0x08005068   0x08005068   0x0000000c   Code   RO         5431    i.stm32_update_Ic_raw  foc_drv.o
    0x08005074   0x08005074   0x00000004   Code   RO         5432    i.stm32_update_angle_raw  foc_drv.o
    0x08005078   0x08005078   0x00000058   Code   RO         5433    i.stm32_update_dt   foc_drv.o
    0x080050d0   0x080050d0   0x00000016   Code   RO         5114    i.update_angle      foc_alg.o
    0x080050e6   0x080050e6   0x00000026   Code   RO         5115    i.update_angle_el   foc_alg.o
    0x0800510c   0x0800510c   0x0000001e   Code   RO         5118    i.update_dt         foc_alg.o
    0x0800512a   0x0800512a   0x0000002e   Code   RO         5125    i.update_velocity_raw  foc_alg.o
    0x08005158   0x08005158   0x00000018   Data   RO         4513    .constdata          stm32g4xx_hal_uart.o
    0x08005170   0x08005170   0x00000010   Data   RO         4879    .constdata          stm32g4xx_hal_uart_ex.o
    0x08005180   0x08005180   0x00000010   Data   RO         4984    .constdata          system_stm32g4xx.o
    0x08005190   0x08005190   0x00000008   Data   RO         4985    .constdata          system_stm32g4xx.o
    0x08005198   0x08005198   0x00000020   Data   RO         5980    Region$$Table       anon$$obj.o


    Execution Region RW_IRAM1 (Exec base: 0x20000000, Load base: 0x080051b8, Size: 0x00000b18, Max: 0x00008000, ABSOLUTE)

    Exec Addr    Load Addr    Size         Type   Attr      Idx    E Section Name        Object

    0x20000000   0x080051b8   0x0000000c   Data   RW         1096    .data               stm32g4xx_hal.o
    0x2000000c   0x080051c4   0x00000004   Data   RW         4986    .data               system_stm32g4xx.o
    0x20000010   0x080051c8   0x00000004   Data   RW         5925    .data               mc_w.l(stdout.o)
    0x20000014   0x080051cc   0x00000004   Data   RW         5943    .data               mc_w.l(errno.o)
    0x20000018        -       0x00000440   Zero   RW           19    .bss                main.o
    0x20000458        -       0x000000cc   Zero   RW          256    .bss                adc.o
    0x20000524        -       0x00000064   Zero   RW          322    .bss                fdcan.o
    0x20000588        -       0x00000064   Zero   RW          364    .bss                spi.o
    0x200005ec        -       0x00000098   Zero   RW          408    .bss                tim.o
    0x20000684        -       0x00000094   Zero   RW          460    .bss                usart.o
    0x20000718        -       0x00000400   Zero   RW            1    STACK               startup_stm32g431xx.o


==============================================================================

Image component sizes


      Code (inc. data)   RO Data    RW Data    ZI Data      Debug   Object Name

       348         28          0          0        204       1991   adc.o
       126          8          0          0          0       2750   as5047p.o
        60          4          0          0          0        838   dma.o
       200         16          0          0        100       1827   fdcan.o
       320         26          0          0          0       7315   foc_alg.o
       844        176          0          0          0       8297   foc_drv.o
       108          8          0          0          0        947   gpio.o
       322         40          0          0       1088     713945   main.o
       176         18          0          0        100       1749   spi.o
        36          8        472          0       1024        848   startup_stm32g431xx.o
       162         24          0         12          0       4417   stm32g4xx_hal.o
      1640         88          0          0          0      74146   stm32g4xx_hal_adc.o
       224          8          0          0          0      68127   stm32g4xx_hal_adc_ex.o
       198         14          0          0          0      33919   stm32g4xx_hal_cortex.o
       478         30          0          0          0       3424   stm32g4xx_hal_dma.o
       516         18          0          0          0       3845   stm32g4xx_hal_fdcan.o
       594         34          0          0          0       2384   stm32g4xx_hal_gpio.o
        48          6          0          0          0        894   stm32g4xx_hal_msp.o
       204         18          0          0          0       1433   stm32g4xx_hal_pwr_ex.o
      1684         88          0          0          0       6360   stm32g4xx_hal_rcc.o
       648         10          0          0          0       1912   stm32g4xx_hal_rcc_ex.o
      1340         10          0          0          0       6373   stm32g4xx_hal_spi.o
      2668        256          0          0          0      19275   stm32g4xx_hal_tim.o
       326         32          0          0          0       6456   stm32g4xx_hal_tim_ex.o
      1512         72         24          0          0      26478   stm32g4xx_hal_uart.o
       282          6         16          0          0       3741   stm32g4xx_hal_uart_ex.o
        44         12          0          0          0       5288   stm32g4xx_it.o
        16          4         24          4          0       1171   system_stm32g4xx.o
       564         40          0          0        152       3337   tim.o
       272         30          0          0        148       1910   usart.o

    ----------------------------------------------------------------------
     15988       1132        568         16       2816    1015397   Object Totals
         0          0         32          0          0          0   (incl. Generated)
        28          0          0          0          0          0   (incl. Padding)

    ----------------------------------------------------------------------

      Code (inc. data)   RO Data    RW Data    ZI Data      Debug   Library Member Name

        32          8          0          0          0        124   dunder.o
       260          6          0          0          0        144   fmod.o
         0          0          0          0          0          0   entry.o
         0          0          0          0          0          0   entry10a.o
         0          0          0          0          0          0   entry11a.o
         8          4          0          0          0          0   entry2.o
         4          0          0          0          0          0   entry5.o
         0          0          0          0          0          0   entry7b.o
         0          0          0          0          0          0   entry8b.o
         8          4          0          0          0          0   entry9a.o
        12          6          0          4          0         68   errno.o
        30          0          0          0          0          0   handlers.o
        36          8          0          0          0         68   init.o
         0          0          0          0          0          0   iusefp.o
        30          0          0          0          0         68   llshl.o
        36          0          0          0          0         68   llsshr.o
        32          0          0          0          0         68   llushr.o
        36          0          0          0          0        108   memseta.o
      2258         90          0          0          0        452   printfa.o
         0          0          0          4          0          0   stdout.o
        44          0          0          0          0         80   uidiv.o
        98          0          0          0          0         92   uldiv.o
        48          0          0          0          0         68   cdrcmple.o
        56          0          0          0          0         88   d2f.o
       334          0          0          0          0        148   dadd.o
       222          0          0          0          0        100   ddiv.o
       186          0          0          0          0        176   depilogue.o
        48          0          0          0          0         68   dfixul.o
        26          0          0          0          0         76   dfltui.o
       228          0          0          0          0         96   dmul.o
       134          0          0          0          0         96   drem.o
        38          0          0          0          0         68   f2d.o
       110          0          0          0          0        168   fepilogue.o

    ----------------------------------------------------------------------
      4364        130          0          8          0       2492   Library Totals
        10          4          0          0          0          0   (incl. Padding)

    ----------------------------------------------------------------------

      Code (inc. data)   RO Data    RW Data    ZI Data      Debug   Library Name

       292         14          0          0          0        268   m_wm.l
      2632        112          0          8          0       1072   mc_w.l
      1430          0          0          0          0       1152   mf_w.l

    ----------------------------------------------------------------------
      4364        130          0          8          0       2492   Library Totals

    ----------------------------------------------------------------------

==============================================================================


      Code (inc. data)   RO Data    RW Data    ZI Data      Debug   

     20352       1262        568         24       2816    1003701   Grand Totals
     20352       1262        568         24       2816    1003701   ELF Image Totals
     20352       1262        568         24          0          0   ROM Totals

==============================================================================

    Total RO  Size (Code + RO Data)                20920 (  20.43kB)
    Total RW  Size (RW Data + ZI Data)              2840 (   2.77kB)
    Total ROM Size (Code + RO Data + RW Data)      20944 (  20.45kB)

==============================================================================

