<html>
<body>
<pre>
<h1>µVision Build Log</h1>
<h2>Tool Versions:</h2>
IDE-Version: ¦ÌVision V5.24.2.0
Copyright (C) 2017 ARM Ltd and ARM Germany GmbH. All rights reserved.
License Information: 1 User, 1, LIC=----
 
Tool Versions:
Toolchain:       MDK-Lite  Version: 5.24.1
Toolchain Path:  C:\Keil_v5\ARM\ARMCC\Bin
C Compiler:      Armcc.exe V5.06 update 5 (build 528)
Assembler:       Armasm.exe V5.06 update 5 (build 528)
Linker/Locator:  ArmLink.exe V5.06 update 5 (build 528)
Library Manager: ArmAr.exe V5.06 update 5 (build 528)
Hex Converter:   FromElf.exe V5.06 update 5 (build 528)
CPU DLL:         SARMCM3.DLL V5.24.1
Dialog DLL:      DCM.DLL V1.16.0.0
Target DLL:      CMSIS_AGDI.dll V1.28.3.0
Dialog DLL:      TCM.DLL V1.32.0.0
 
<h2>Project:</h2>
c:\Users\User\work\AAA_projects\FOC\ESC_V1.0.0\ESC\MDK-ARM\ESC.uvprojx
Project File Date:  09/13/2025

<h2>Output:</h2>
*** Using Compiler 'V5.06 update 5 (build 528)', folder: 'C:\Keil_v5\ARM\ARMCC\Bin'
Build target 'ESC'
assembling startup_stm32g431xx.s...
compiling dma.c...
compiling tim.c...
compiling stm32g4xx_hal_msp.c...
compiling usart.c...
compiling gpio.c...
compiling adc.c...
compiling main.c...
../Core/Src/main.c(68): warning:  #175-D: subscript out of range
    justfloat->data[3] = 0X7F;
../Core/Src/main.c: 1 warning, 0 errors
compiling stm32g4xx_ll_adc.c...
compiling fdcan.c...
compiling spi.c...
compiling stm32g4xx_it.c...
compiling stm32g4xx_hal_adc.c...
compiling stm32g4xx_hal_exti.c...
compiling stm32g4xx_hal_dma.c...
compiling stm32g4xx_hal_dma_ex.c...
compiling stm32g4xx_hal_flash_ex.c...
compiling stm32g4xx_hal_flash_ramfunc.c...
compiling stm32g4xx_hal_gpio.c...
compiling stm32g4xx_hal_flash.c...
compiling stm32g4xx_hal_adc_ex.c...
compiling stm32g4xx_hal.c...
compiling stm32g4xx_hal_rcc.c...
compiling stm32g4xx_hal_rcc_ex.c...
compiling system_stm32g4xx.c...
compiling stm32g4xx_hal_cortex.c...
compiling stm32g4xx_hal_pwr_ex.c...
compiling stm32g4xx_hal_uart_ex.c...
compiling stm32g4xx_hal_spi_ex.c...
compiling foc_alg.c...
compiling foc_drv.c...
compiling stm32g4xx_hal_pwr.c...
compiling stm32g4xx_hal_fdcan.c...
compiling stm32g4xx_hal_tim_ex.c...
compiling stm32g4xx_hal_spi.c...
compiling stm32g4xx_hal_uart.c...
compiling stm32g4xx_hal_tim.c...
compiling as5047p.c...
..\others\as5047p.c(49): warning:  #1035-D: single-precision operand implicitly converted to double-precision
  	angle = (float)AS5047_read(0x3FFE)/16383*2*3.1415926;
..\others\as5047p.c: 1 warning, 0 errors
compiling ADRC.c...
..\others\ADRC.c(14): warning:  #223-D: function "memset" declared implicitly
      memset(ADRC,0,sizeof(ADRC_t));
..\others\ADRC.c(214): warning:  #1035-D: single-precision operand implicitly converted to double-precision
      float fh =  (2*(e2[0]-e1)*r)/(3.1415926*(1+r*r*(1/e1)*(1/e1)*(1/e1)*(1/e1)));
..\others\ADRC.c: 2 warnings, 0 errors
compiling FOC.c...
..\others\FOC.c(53): warning:  #223-D: function "memset" declared implicitly
      memset(&motor, 0, sizeof(Motor_t*));
..\others\FOC.c(446): warning:  #550-D: variable "dt"  was set but never used
  	static float dt = 0 ;
..\others\FOC.c(577): warning:  #940-D: missing return statement at end of non-void function "PID_Iq" 
  }	
..\others\FOC.c(544): warning:  #177-D: variable "Last_Iq"  was declared but never referenced
  	static float Last_Iq = 0;
..\others\FOC.c(1098): warning:  #1035-D: single-precision operand implicitly converted to double-precision
  	Velocity_Filter = Velocity_Filter * 0.9 + Velocity * 0.1;
..\others\FOC.c(1098): warning:  #1035-D: single-precision operand implicitly converted to double-precision
  	Velocity_Filter = Velocity_Filter * 0.9 + Velocity * 0.1;
..\others\FOC.c: 6 warnings, 0 errors
linking...
Program Size: Code=16820 RO-data=568 RW-data=204 ZI-data=2244  
FromELF: creating hex file...
"ESC\ESC.axf" - 0 Error(s), 10 Warning(s).

<h2>Software Packages used:</h2>

Package Vendor: ARM
                http://www.keil.com/pack/ARM.CMSIS.5.0.1.pack
                ARM.CMSIS.5.0.1
                CMSIS (Cortex Microcontroller Software Interface Standard)
   * Component: CORE Version: 5.0.1

<h2>Collection of Component include folders:</h2>
  .\RTE\_ESC
  C:\Keil_v5\ARM\PACK\ARM\CMSIS\5.0.1\CMSIS\Include

<h2>Collection of Component Files used:</h2>

   * Component: ARM::CMSIS:CORE:5.0.1
Build Time Elapsed:  00:00:13
</pre>
</body>
</html>
