Component: ARM Compiler 5.06 update 5 (build 528) Tool: armlink [4d35e2]

==============================================================================

Section Cross References

    startup_stm32g431xx.o(RESET) refers to startup_stm32g431xx.o(STACK) for __initial_sp
    startup_stm32g431xx.o(RESET) refers to startup_stm32g431xx.o(.text) for Reset_Handler
    startup_stm32g431xx.o(RESET) refers to stm32g4xx_it.o(i.NMI_Handler) for NMI_Handler
    startup_stm32g431xx.o(RESET) refers to stm32g4xx_it.o(i.HardFault_Handler) for HardFault_Handler
    startup_stm32g431xx.o(RESET) refers to stm32g4xx_it.o(i.MemManage_Handler) for MemManage_Handler
    startup_stm32g431xx.o(RESET) refers to stm32g4xx_it.o(i.BusFault_Handler) for BusFault_Handler
    startup_stm32g431xx.o(RESET) refers to stm32g4xx_it.o(i.UsageFault_Handler) for UsageFault_Handler
    startup_stm32g431xx.o(RESET) refers to stm32g4xx_it.o(i.SVC_Handler) for SVC_Handler
    startup_stm32g431xx.o(RESET) refers to stm32g4xx_it.o(i.DebugMon_Handler) for DebugMon_Handler
    startup_stm32g431xx.o(RESET) refers to stm32g4xx_it.o(i.PendSV_Handler) for PendSV_Handler
    startup_stm32g431xx.o(RESET) refers to stm32g4xx_it.o(i.SysTick_Handler) for SysTick_Handler
    startup_stm32g431xx.o(RESET) refers to stm32g4xx_it.o(i.DMA1_Channel1_IRQHandler) for DMA1_Channel1_IRQHandler
    startup_stm32g431xx.o(.text) refers to system_stm32g4xx.o(i.SystemInit) for SystemInit
    startup_stm32g431xx.o(.text) refers to entry.o(.ARM.Collect$$$$00000000) for __main
    main.o(i.SystemClock_Config) refers to memseta.o(.text) for __aeabi_memclr4
    main.o(i.SystemClock_Config) refers to stm32g4xx_hal_pwr_ex.o(i.HAL_PWREx_ControlVoltageScaling) for HAL_PWREx_ControlVoltageScaling
    main.o(i.SystemClock_Config) refers to stm32g4xx_hal_rcc.o(i.HAL_RCC_OscConfig) for HAL_RCC_OscConfig
    main.o(i.SystemClock_Config) refers to stm32g4xx_hal_rcc.o(i.HAL_RCC_ClockConfig) for HAL_RCC_ClockConfig
    main.o(i.fputc) refers to stm32g4xx_hal_uart.o(i.HAL_UART_Transmit) for HAL_UART_Transmit
    main.o(i.fputc) refers to usart.o(.bss) for huart3
    main.o(i.main) refers to stm32g4xx_hal.o(i.HAL_Init) for HAL_Init
    main.o(i.main) refers to main.o(i.SystemClock_Config) for SystemClock_Config
    main.o(i.main) refers to gpio.o(i.MX_GPIO_Init) for MX_GPIO_Init
    main.o(i.main) refers to dma.o(i.MX_DMA_Init) for MX_DMA_Init
    main.o(i.main) refers to adc.o(i.MX_ADC1_Init) for MX_ADC1_Init
    main.o(i.main) refers to fdcan.o(i.MX_FDCAN1_Init) for MX_FDCAN1_Init
    main.o(i.main) refers to spi.o(i.MX_SPI1_Init) for MX_SPI1_Init
    main.o(i.main) refers to tim.o(i.MX_TIM1_Init) for MX_TIM1_Init
    main.o(i.main) refers to usart.o(i.MX_USART3_UART_Init) for MX_USART3_UART_Init
    main.o(i.main) refers to tim.o(i.MX_TIM3_Init) for MX_TIM3_Init
    main.o(i.main) refers to foc.o(i.FOC_init) for FOC_init
    main.o(i.main) refers to adrc.o(i.ADRC_Init) for ADRC_Init
    main.o(i.main) refers to main.o(i.data_init) for data_init
    main.o(i.main) refers to stm32g4xx_hal_uart.o(i.HAL_UART_Transmit) for HAL_UART_Transmit
    main.o(i.main) refers to stm32g4xx_hal.o(i.HAL_Delay) for HAL_Delay
    main.o(i.main) refers to main.o(.bss) for .bss
    main.o(i.main) refers to foc.o(.data) for ticks
    main.o(i.main) refers to usart.o(.bss) for huart3
    gpio.o(i.MX_GPIO_Init) refers to memseta.o(.text) for __aeabi_memclr4
    gpio.o(i.MX_GPIO_Init) refers to stm32g4xx_hal_gpio.o(i.HAL_GPIO_WritePin) for HAL_GPIO_WritePin
    gpio.o(i.MX_GPIO_Init) refers to stm32g4xx_hal_gpio.o(i.HAL_GPIO_Init) for HAL_GPIO_Init
    adc.o(i.HAL_ADC_MspDeInit) refers to stm32g4xx_hal_gpio.o(i.HAL_GPIO_DeInit) for HAL_GPIO_DeInit
    adc.o(i.HAL_ADC_MspDeInit) refers to stm32g4xx_hal_dma.o(i.HAL_DMA_DeInit) for HAL_DMA_DeInit
    adc.o(i.HAL_ADC_MspInit) refers to memseta.o(.text) for __aeabi_memclr4
    adc.o(i.HAL_ADC_MspInit) refers to stm32g4xx_hal_rcc_ex.o(i.HAL_RCCEx_PeriphCLKConfig) for HAL_RCCEx_PeriphCLKConfig
    adc.o(i.HAL_ADC_MspInit) refers to main.o(i.Error_Handler) for Error_Handler
    adc.o(i.HAL_ADC_MspInit) refers to stm32g4xx_hal_gpio.o(i.HAL_GPIO_Init) for HAL_GPIO_Init
    adc.o(i.HAL_ADC_MspInit) refers to stm32g4xx_hal_dma.o(i.HAL_DMA_Init) for HAL_DMA_Init
    adc.o(i.HAL_ADC_MspInit) refers to adc.o(.bss) for .bss
    adc.o(i.MX_ADC1_Init) refers to memseta.o(.text) for __aeabi_memclr4
    adc.o(i.MX_ADC1_Init) refers to stm32g4xx_hal_adc.o(i.HAL_ADC_Init) for HAL_ADC_Init
    adc.o(i.MX_ADC1_Init) refers to main.o(i.Error_Handler) for Error_Handler
    adc.o(i.MX_ADC1_Init) refers to stm32g4xx_hal_adc_ex.o(i.HAL_ADCEx_MultiModeConfigChannel) for HAL_ADCEx_MultiModeConfigChannel
    adc.o(i.MX_ADC1_Init) refers to stm32g4xx_hal_adc.o(i.HAL_ADC_ConfigChannel) for HAL_ADC_ConfigChannel
    adc.o(i.MX_ADC1_Init) refers to stm32g4xx_hal_adc.o(i.HAL_ADC_Start_DMA) for HAL_ADC_Start_DMA
[...]
    ../Drivers/STM32G4xx_HAL_Driver/Src/stm32g4xx_hal_gpio.c 0x00000000   Number         0  stm32g4xx_hal_gpio.o ABSOLUTE
    ../Drivers/STM32G4xx_HAL_Driver/Src/stm32g4xx_hal_pwr.c 0x00000000   Number         0  stm32g4xx_hal_pwr.o ABSOLUTE
    ../Drivers/STM32G4xx_HAL_Driver/Src/stm32g4xx_hal_pwr_ex.c 0x00000000   Number         0  stm32g4xx_hal_pwr_ex.o ABSOLUTE
    ../Drivers/STM32G4xx_HAL_Driver/Src/stm32g4xx_hal_rcc.c 0x00000000   Number         0  stm32g4xx_hal_rcc.o ABSOLUTE
    ../Drivers/STM32G4xx_HAL_Driver/Src/stm32g4xx_hal_rcc_ex.c 0x00000000   Number         0  stm32g4xx_hal_rcc_ex.o ABSOLUTE
    ../Drivers/STM32G4xx_HAL_Driver/Src/stm32g4xx_hal_spi.c 0x00000000   Number         0  stm32g4xx_hal_spi.o ABSOLUTE
    ../Drivers/STM32G4xx_HAL_Driver/Src/stm32g4xx_hal_spi_ex.c 0x00000000   Number         0  stm32g4xx_hal_spi_ex.o ABSOLUTE
    ../Drivers/STM32G4xx_HAL_Driver/Src/stm32g4xx_hal_tim.c 0x00000000   Number         0  stm32g4xx_hal_tim.o ABSOLUTE
    ../Drivers/STM32G4xx_HAL_Driver/Src/stm32g4xx_hal_tim_ex.c 0x00000000   Number         0  stm32g4xx_hal_tim_ex.o ABSOLUTE
    ../Drivers/STM32G4xx_HAL_Driver/Src/stm32g4xx_hal_uart.c 0x00000000   Number         0  stm32g4xx_hal_uart.o ABSOLUTE
    ../Drivers/STM32G4xx_HAL_Driver/Src/stm32g4xx_hal_uart_ex.c 0x00000000   Number         0  stm32g4xx_hal_uart_ex.o ABSOLUTE
    ../Drivers/STM32G4xx_HAL_Driver/Src/stm32g4xx_ll_adc.c 0x00000000   Number         0  stm32g4xx_ll_adc.o ABSOLUTE
    ../clib/microlib/division.c              0x00000000   Number         0  uidiv.o ABSOLUTE
    ../clib/microlib/division.c              0x00000000   Number         0  uldiv.o ABSOLUTE
    ../clib/microlib/errno.c                 0x00000000   Number         0  errno.o ABSOLUTE
    ../clib/microlib/init/entry.s            0x00000000   Number         0  entry.o ABSOLUTE
    ../clib/microlib/init/entry.s            0x00000000   Number         0  entry11b.o ABSOLUTE
    ../clib/microlib/init/entry.s            0x00000000   Number         0  entry5.o ABSOLUTE
    ../clib/microlib/init/entry.s            0x00000000   Number         0  entry7b.o ABSOLUTE
    ../clib/microlib/init/entry.s            0x00000000   Number         0  entry8a.o ABSOLUTE
    ../clib/microlib/init/entry.s            0x00000000   Number         0  entry8b.o ABSOLUTE
    ../clib/microlib/init/entry.s            0x00000000   Number         0  entry9a.o ABSOLUTE
    ../clib/microlib/init/entry.s            0x00000000   Number         0  entry7a.o ABSOLUTE
    ../clib/microlib/init/entry.s            0x00000000   Number         0  entry2.o ABSOLUTE
    ../clib/microlib/init/entry.s            0x00000000   Number         0  entry10a.o ABSOLUTE
    ../clib/microlib/init/entry.s            0x00000000   Number         0  entry10b.o ABSOLUTE
    ../clib/microlib/init/entry.s            0x00000000   Number         0  entry11a.o ABSOLUTE
    ../clib/microlib/init/entry.s            0x00000000   Number         0  entry9b.o ABSOLUTE
    ../clib/microlib/longlong.c              0x00000000   Number         0  llshl.o ABSOLUTE
    ../clib/microlib/longlong.c              0x00000000   Number         0  llushr.o ABSOLUTE
    ../clib/microlib/longlong.c              0x00000000   Number         0  llsshr.o ABSOLUTE
    ../clib/microlib/printf/printf.c         0x00000000   Number         0  printfa.o ABSOLUTE
    ../clib/microlib/printf/printf.c         0x00000000   Number         0  printf8.o ABSOLUTE
    ../clib/microlib/printf/printf.c         0x00000000   Number         0  printf7.o ABSOLUTE
    ../clib/microlib/printf/printf.c         0x00000000   Number         0  printf6.o ABSOLUTE
    ../clib/microlib/printf/printf.c         0x00000000   Number         0  printf5.o ABSOLUTE
    ../clib/microlib/printf/printf.c         0x00000000   Number         0  printf4.o ABSOLUTE
    ../clib/microlib/printf/printf.c         0x00000000   Number         0  printf3.o ABSOLUTE
    ../clib/microlib/printf/printf.c         0x00000000   Number         0  printf2.o ABSOLUTE
    ../clib/microlib/printf/printf.c         0x00000000   Number         0  printf1.o ABSOLUTE
    ../clib/microlib/printf/printf.c         0x00000000   Number         0  printfb.o ABSOLUTE
    ../clib/microlib/printf/printf.c         0x00000000   Number         0  printf0.o ABSOLUTE
    ../clib/microlib/printf/stubs.s          0x00000000   Number         0  stubs.o ABSOLUTE
    ../clib/microlib/stdio/streams.c         0x00000000   Number         0  stdout.o ABSOLUTE
    ../clib/microlib/string/memset.c         0x00000000   Number         0  memseta.o ABSOLUTE
    ../clib/microlib/stubs.s                 0x00000000   Number         0  iusefp.o ABSOLUTE
    ../fplib/microlib/d2f.c                  0x00000000   Number         0  d2f.o ABSOLUTE
    ../fplib/microlib/f2d.c                  0x00000000   Number         0  f2d.o ABSOLUTE
    ../fplib/microlib/fpadd.c                0x00000000   Number         0  dadd.o ABSOLUTE
    ../fplib/microlib/fpdiv.c                0x00000000   Number         0  ddiv.o ABSOLUTE
    ../fplib/microlib/fpepilogue.c           0x00000000   Number         0  depilogue.o ABSOLUTE
    ../fplib/microlib/fpepilogue.c           0x00000000   Number         0  fepilogue.o ABSOLUTE
    ../fplib/microlib/fpfix.c                0x00000000   Number         0  dfixi.o ABSOLUTE
    ../fplib/microlib/fpfix.c                0x00000000   Number         0  dfixul.o ABSOLUTE
    ../fplib/microlib/fpflt.c                0x00000000   Number         0  dflti.o ABSOLUTE
    ../fplib/microlib/fpflt.c                0x00000000   Number         0  dfltui.o ABSOLUTE
    ../fplib/microlib/fpmul.c                0x00000000   Number         0  dmul.o ABSOLUTE
    ../fplib/microlib/fpneg.c                0x00000000   Number         0  dneg.o ABSOLUTE
    ../fplib/microlib/fprem.c                0x00000000   Number         0  drem.o ABSOLUTE
    ../fplib/microlib/fpscalb.c              0x00000000   Number         0  dscalb.o ABSOLUTE
    ../fplib/microlib/fpsqrt.c               0x00000000   Number         0  dsqrt.o ABSOLUTE
    ../mathlib/cos.c                         0x00000000   Number         0  cos_x.o ABSOLUTE
    ../mathlib/cos.c                         0x00000000   Number         0  cos.o ABSOLUTE
    ../mathlib/cos_i.c                       0x00000000   Number         0  cos_i.o ABSOLUTE
    ../mathlib/dunder.c                      0x00000000   Number         0  dunder.o ABSOLUTE
    ../mathlib/fabs.c                        0x00000000   Number         0  fabs.o ABSOLUTE
    ../mathlib/fmod.c                        0x00000000   Number         0  fmod_x.o ABSOLUTE
    ../mathlib/fmod.c                        0x00000000   Number         0  fmod.o ABSOLUTE
    ../mathlib/fpclassify.c                  0x00000000   Number         0  fpclassify.o ABSOLUTE
    ../mathlib/poly.c                        0x00000000   Number         0  poly.o ABSOLUTE
    ../mathlib/pow.c                         0x00000000   Number         0  pow.o ABSOLUTE
    ../mathlib/pow.c                         0x00000000   Number         0  pow_x.o ABSOLUTE
    ../mathlib/qnan.c                        0x00000000   Number         0  qnan.o ABSOLUTE
    ../mathlib/rred.c                        0x00000000   Number         0  rred.o ABSOLUTE
    ../mathlib/sin.c                         0x00000000   Number         0  sin.o ABSOLUTE
    ../mathlib/sin.c                         0x00000000   Number         0  sin_x.o ABSOLUTE
    ../mathlib/sin_i.c                       0x00000000   Number         0  sin_i_x.o ABSOLUTE
    ../mathlib/sin_i.c                       0x00000000   Number         0  sin_i.o ABSOLUTE
    ../mathlib/sqrt.c                        0x00000000   Number         0  sqrt_x.o ABSOLUTE
    ../mathlib/sqrt.c                        0x00000000   Number         0  sqrt.o ABSOLUTE
    ..\Core\Src\adc.c                        0x00000000   Number         0  adc.o ABSOLUTE
    ..\Core\Src\dma.c                        0x00000000   Number         0  dma.o ABSOLUTE
    ..\Core\Src\fdcan.c                      0x00000000   Number         0  fdcan.o ABSOLUTE
    ..\Core\Src\gpio.c                       0x00000000   Number         0  gpio.o ABSOLUTE
    ..\Core\Src\main.c                       0x00000000   Number         0  main.o ABSOLUTE
    ..\Core\Src\spi.c                        0x00000000   Number         0  spi.o ABSOLUTE
    ..\Core\Src\stm32g4xx_hal_msp.c          0x00000000   Number         0  stm32g4xx_hal_msp.o ABSOLUTE
    ..\Core\Src\stm32g4xx_it.c               0x00000000   Number         0  stm32g4xx_it.o ABSOLUTE
    ..\Core\Src\system_stm32g4xx.c           0x00000000   Number         0  system_stm32g4xx.o ABSOLUTE
    ..\Core\Src\tim.c                        0x00000000   Number         0  tim.o ABSOLUTE
    ..\Core\Src\usart.c                      0x00000000   Number         0  usart.o ABSOLUTE
    ..\Drivers\STM32G4xx_HAL_Driver\Src\stm32g4xx_hal.c 0x00000000   Number         0  stm32g4xx_hal.o ABSOLUTE
    ..\Drivers\STM32G4xx_HAL_Driver\Src\stm32g4xx_hal_adc.c 0x00000000   Number         0  stm32g4xx_hal_adc.o ABSOLUTE
    ..\Drivers\STM32G4xx_HAL_Driver\Src\stm32g4xx_hal_adc_ex.c 0x00000000   Number         0  stm32g4xx_hal_adc_ex.o ABSOLUTE
    ..\Drivers\STM32G4xx_HAL_Driver\Src\stm32g4xx_hal_cortex.c 0x00000000   Number         0  stm32g4xx_hal_cortex.o ABSOLUTE
    ..\Drivers\STM32G4xx_HAL_Driver\Src\stm32g4xx_hal_dma.c 0x00000000   Number         0  stm32g4xx_hal_dma.o ABSOLUTE
    ..\Drivers\STM32G4xx_HAL_Driver\Src\stm32g4xx_hal_dma_ex.c 0x00000000   Number         0  stm32g4xx_hal_dma_ex.o ABSOLUTE
    ..\Drivers\STM32G4xx_HAL_Driver\Src\stm32g4xx_hal_exti.c 0x00000000   Number         0  stm32g4xx_hal_exti.o ABSOLUTE
    ..\Drivers\STM32G4xx_HAL_Driver\Src\stm32g4xx_hal_fdcan.c 0x00000000   Number         0  stm32g4xx_hal_fdcan.o ABSOLUTE
    ..\Drivers\STM32G4xx_HAL_Driver\Src\stm32g4xx_hal_flash.c 0x00000000   Number         0  stm32g4xx_hal_flash.o ABSOLUTE
    ..\Drivers\STM32G4xx_HAL_Driver\Src\stm32g4xx_hal_flash_ex.c 0x00000000   Number         0  stm32g4xx_hal_flash_ex.o ABSOLUTE
    ..\Drivers\STM32G4xx_HAL_Driver\Src\stm32g4xx_hal_flash_ramfunc.c 0x00000000   Number         0  stm32g4xx_hal_flash_ramfunc.o ABSOLUTE
    ..\Drivers\STM32G4xx_HAL_Driver\Src\stm32g4xx_hal_gpio.c 0x00000000   Number         0  stm32g4xx_hal_gpio.o ABSOLUTE
    ..\Drivers\STM32G4xx_HAL_Driver\Src\stm32g4xx_hal_pwr.c 0x00000000   Number         0  stm32g4xx_hal_pwr.o ABSOLUTE
    ..\Drivers\STM32G4xx_HAL_Driver\Src\stm32g4xx_hal_pwr_ex.c 0x00000000   Number         0  stm32g4xx_hal_pwr_ex.o ABSOLUTE
    ..\Drivers\STM32G4xx_HAL_Driver\Src\stm32g4xx_hal_rcc.c 0x00000000   Number         0  stm32g4xx_hal_rcc.o ABSOLUTE
    ..\Drivers\STM32G4xx_HAL_Driver\Src\stm32g4xx_hal_rcc_ex.c 0x00000000   Number         0  stm32g4xx_hal_rcc_ex.o ABSOLUTE
    ..\Drivers\STM32G4xx_HAL_Driver\Src\stm32g4xx_hal_spi.c 0x00000000   Number         0  stm32g4xx_hal_spi.o ABSOLUTE
    ..\Drivers\STM32G4xx_HAL_Driver\Src\stm32g4xx_hal_spi_ex.c 0x00000000   Number         0  stm32g4xx_hal_spi_ex.o ABSOLUTE
    ..\Drivers\STM32G4xx_HAL_Driver\Src\stm32g4xx_hal_tim.c 0x00000000   Number         0  stm32g4xx_hal_tim.o ABSOLUTE
    ..\Drivers\STM32G4xx_HAL_Driver\Src\stm32g4xx_hal_tim_ex.c 0x00000000   Number         0  stm32g4xx_hal_tim_ex.o ABSOLUTE
    ..\Drivers\STM32G4xx_HAL_Driver\Src\stm32g4xx_hal_uart.c 0x00000000   Number         0  stm32g4xx_hal_uart.o ABSOLUTE
    ..\Drivers\STM32G4xx_HAL_Driver\Src\stm32g4xx_hal_uart_ex.c 0x00000000   Number         0  stm32g4xx_hal_uart_ex.o ABSOLUTE
    ..\FOC\foc_alg.c                         0x00000000   Number         0  foc_alg.o ABSOLUTE
    ..\FOC\foc_drv.c                         0x00000000   Number         0  foc_drv.o ABSOLUTE
    ..\\others\\ADRC.c                       0x00000000   Number         0  adrc.o ABSOLUTE
    ..\\others\\FOC.c                        0x00000000   Number         0  foc.o ABSOLUTE
    ..\\others\\as5047p.c                    0x00000000   Number         0  as5047p.o ABSOLUTE
    ..\others\ADRC.c                         0x00000000   Number         0  adrc.o ABSOLUTE
    ..\others\FOC.c                          0x00000000   Number         0  foc.o ABSOLUTE
    ..\others\as5047p.c                      0x00000000   Number         0  as5047p.o ABSOLUTE
    cdcmple.s                                0x00000000   Number         0  cdcmple.o ABSOLUTE
    cdrcmple.s                               0x00000000   Number         0  cdrcmple.o ABSOLUTE
    dc.s                                     0x00000000   Number         0  dc.o ABSOLUTE
    handlers.s                               0x00000000   Number         0  handlers.o ABSOLUTE
    init.s                                   0x00000000   Number         0  init.o ABSOLUTE
    startup_stm32g431xx.s                    0x00000000   Number         0  startup_stm32g431xx.o ABSOLUTE
    RESET                                    0x08000000   Section      472  startup_stm32g431xx.o(RESET)
    .ARM.Collect$$$$00000000                 0x080001d8   Section        0  entry.o(.ARM.Collect$$$$00000000)
    .ARM.Collect$$$$00000001                 0x080001d8   Section        4  entry2.o(.ARM.Collect$$$$00000001)
    .ARM.Collect$$$$00000004                 0x080001dc   Section        4  entry5.o(.ARM.Collect$$$$00000004)
    .ARM.Collect$$$$00000008                 0x080001e0   Section        0  entry7b.o(.ARM.Collect$$$$00000008)
    .ARM.Collect$$$$0000000A                 0x080001e0   Section        0  entry8b.o(.ARM.Collect$$$$0000000A)
    .ARM.Collect$$$$0000000B                 0x080001e0   Section        8  entry9a.o(.ARM.Collect$$$$0000000B)
    .ARM.Collect$$$$0000000D                 0x080001e8   Section        0  entry10a.o(.ARM.Collect$$$$0000000D)
    .ARM.Collect$$$$0000000F                 0x080001e8   Section        0  entry11a.o(.ARM.Collect$$$$0000000F)
    .ARM.Collect$$$$00002712                 0x080001e8   Section        4  entry2.o(.ARM.Collect$$$$00002712)
    __lit__00000000                          0x080001e8   Data           4  entry2.o(.ARM.Collect$$$$00002712)
    .text                                    0x080001ec   Section       36  startup_stm32g431xx.o(.text)
    $v0                                      0x080001ec   Number         0  startup_stm32g431xx.o(.text)
    .text                                    0x08000210   Section        0  uldiv.o(.text)
    .text                                    0x08000272   Section        0  memseta.o(.text)
    .text                                    0x08000296   Section        0  dmul.o(.text)
    .text                                    0x0800037a   Section        0  ddiv.o(.text)
    .text                                    0x08000458   Section        0  dfltui.o(.text)
    .text                                    0x08000472   Section        0  f2d.o(.text)
    .text                                    0x08000498   Section        0  d2f.o(.text)
    .text                                    0x080004d0   Section        0  llshl.o(.text)
    .text                                    0x080004ee   Section        0  llushr.o(.text)
    .text                                    0x0800050e   Section        0  fepilogue.o(.text)
    .text                                    0x0800050e   Section        0  iusefp.o(.text)
    .text                                    0x0800057c   Section        0  depilogue.o(.text)
    .text                                    0x08000638   Section       36  init.o(.text)
    i.ADC_DMAConvCplt                        0x0800065c   Section        0  stm32g4xx_hal_adc.o(i.ADC_DMAConvCplt)
    i.ADC_DMAError                           0x080006c4   Section        0  stm32g4xx_hal_adc.o(i.ADC_DMAError)
    i.ADC_DMAHalfConvCplt                    0x080006de   Section        0  stm32g4xx_hal_adc.o(i.ADC_DMAHalfConvCplt)
    i.ADC_Enable                             0x080006e8   Section        0  stm32g4xx_hal_adc.o(i.ADC_Enable)
    i.ADRC_Init                              0x08000794   Section        0  adrc.o(i.ADRC_Init)
    i.AS5047_read                            0x08000834   Section        0  as5047p.o(i.AS5047_read)
    i.BusFault_Handler                       0x0800085c   Section        0  stm32g4xx_it.o(i.BusFault_Handler)
    i.DMA1_Channel1_IRQHandler               0x08000860   Section        0  stm32g4xx_it.o(i.DMA1_Channel1_IRQHandler)
    i.DMA_CalcDMAMUXChannelBaseAndMask       0x0800086c   Section        0  stm32g4xx_hal_dma.o(i.DMA_CalcDMAMUXChannelBaseAndMask)
    DMA_CalcDMAMUXChannelBaseAndMask         0x0800086d   Thumb Code    54  stm32g4xx_hal_dma.o(i.DMA_CalcDMAMUXChannelBaseAndMask)
    i.DMA_CalcDMAMUXRequestGenBaseAndMask    0x080008ac   Section        0  stm32g4xx_hal_dma.o(i.DMA_CalcDMAMUXRequestGenBaseAndMask)
    DMA_CalcDMAMUXRequestGenBaseAndMask      0x080008ad   Thumb Code    30  stm32g4xx_hal_dma.o(i.DMA_CalcDMAMUXRequestGenBaseAndMask)
    i.DMA_SetConfig                          0x080008d0   Section        0  stm32g4xx_hal_dma.o(i.DMA_SetConfig)
    DMA_SetConfig                            0x080008d1   Thumb Code    62  stm32g4xx_hal_dma.o(i.DMA_SetConfig)
    i.DebugMon_Handler                       0x0800090e   Section        0  stm32g4xx_it.o(i.DebugMon_Handler)
    i.Error_Handler                          0x08000910   Section        0  main.o(i.Error_Handler)
    i.FOC_Delayms                            0x08000914   Section        0  foc.o(i.FOC_Delayms)
    i.FOC_GetAngle_Sensor                    0x08000918   Section        0  foc.o(i.FOC_GetAngle_Sensor)
    i.FOC_GetIaIbIc                          0x0800091c   Section        0  foc.o(i.FOC_GetIaIbIc)
    i.FOC_SetPWM                             0x08000920   Section        0  foc.o(i.FOC_SetPWM)
    i.FOC_init                               0x08000938   Section        0  foc.o(i.FOC_init)
    i.GetAngle                               0x08000a10   Section        0  as5047p.o(i.GetAngle)
    i.Getdt                                  0x08000a5c   Section        0  foc.o(i.Getdt)
    i.HAL_ADCEx_MultiModeConfigChannel       0x08000ab8   Section        0  stm32g4xx_hal_adc_ex.o(i.HAL_ADCEx_MultiModeConfigChannel)
    i.HAL_ADC_ConfigChannel                  0x08000b90   Section        0  stm32g4xx_hal_adc.o(i.HAL_ADC_ConfigChannel)
    i.HAL_ADC_ConvCpltCallback               0x08000fb4   Section        0  stm32g4xx_hal_adc.o(i.HAL_ADC_ConvCpltCallback)
    i.HAL_ADC_ConvHalfCpltCallback           0x08000fb6   Section        0  stm32g4xx_hal_adc.o(i.HAL_ADC_ConvHalfCpltCallback)
    i.HAL_ADC_ErrorCallback                  0x08000fb8   Section        0  stm32g4xx_hal_adc.o(i.HAL_ADC_ErrorCallback)
    i.HAL_ADC_Init                           0x08000fbc   Section        0  stm32g4xx_hal_adc.o(i.HAL_ADC_Init)
    i.HAL_ADC_MspInit                        0x080011b0   Section        0  adc.o(i.HAL_ADC_MspInit)
    i.HAL_ADC_Start_DMA                      0x0800125c   Section        0  stm32g4xx_hal_adc.o(i.HAL_ADC_Start_DMA)
    i.HAL_DMA_IRQHandler                     0x0800134c   Section        0  stm32g4xx_hal_dma.o(i.HAL_DMA_IRQHandler)
    i.HAL_DMA_Init                           0x08001408   Section        0  stm32g4xx_hal_dma.o(i.HAL_DMA_Init)
    i.HAL_DMA_Start_IT                       0x080014c8   Section        0  stm32g4xx_hal_dma.o(i.HAL_DMA_Start_IT)
    i.HAL_Delay                              0x08001554   Section        0  stm32g4xx_hal.o(i.HAL_Delay)
    i.HAL_FDCAN_Init                         0x08001578   Section        0  stm32g4xx_hal_fdcan.o(i.HAL_FDCAN_Init)
    i.HAL_FDCAN_MspInit                      0x0800177c   Section        0  fdcan.o(i.HAL_FDCAN_MspInit)
    i.HAL_GPIO_Init                          0x080017f8   Section        0  stm32g4xx_hal_gpio.o(i.HAL_GPIO_Init)
    i.HAL_GPIO_WritePin                      0x08001a40   Section        0  stm32g4xx_hal_gpio.o(i.HAL_GPIO_WritePin)
    i.HAL_GetTick                            0x08001a4c   Section        0  stm32g4xx_hal.o(i.HAL_GetTick)
    i.HAL_IncTick                            0x08001a58   Section        0  stm32g4xx_hal.o(i.HAL_IncTick)
    i.HAL_Init                               0x08001a68   Section        0  stm32g4xx_hal.o(i.HAL_Init)
    i.HAL_InitTick                           0x08001a88   Section        0  stm32g4xx_hal.o(i.HAL_InitTick)
    i.HAL_MspInit                            0x08001acc   Section        0  stm32g4xx_hal_msp.o(i.HAL_MspInit)
    i.HAL_NVIC_EnableIRQ                     0x08001afc   Section        0  stm32g4xx_hal_cortex.o(i.HAL_NVIC_EnableIRQ)
    i.HAL_NVIC_SetPriority                   0x08001b18   Section        0  stm32g4xx_hal_cortex.o(i.HAL_NVIC_SetPriority)
    i.HAL_NVIC_SetPriorityGrouping           0x08001b58   Section        0  stm32g4xx_hal_cortex.o(i.HAL_NVIC_SetPriorityGrouping)
    i.HAL_PWREx_ControlVoltageScaling        0x08001b7c   Section        0  stm32g4xx_hal_pwr_ex.o(i.HAL_PWREx_ControlVoltageScaling)
    i.HAL_PWREx_DisableUCPDDeadBattery       0x08001c38   Section        0  stm32g4xx_hal_pwr_ex.o(i.HAL_PWREx_DisableUCPDDeadBattery)
    i.HAL_RCCEx_PeriphCLKConfig              0x08001c48   Section        0  stm32g4xx_hal_rcc_ex.o(i.HAL_RCCEx_PeriphCLKConfig)
    i.HAL_RCC_ClockConfig                    0x08001ed0   Section        0  stm32g4xx_hal_rcc.o(i.HAL_RCC_ClockConfig)
    i.HAL_RCC_GetPCLK1Freq                   0x080020ac   Section        0  stm32g4xx_hal_rcc.o(i.HAL_RCC_GetPCLK1Freq)
    i.HAL_RCC_GetPCLK2Freq                   0x080020d0   Section        0  stm32g4xx_hal_rcc.o(i.HAL_RCC_GetPCLK2Freq)
    i.HAL_RCC_GetSysClockFreq                0x080020f4   Section        0  stm32g4xx_hal_rcc.o(i.HAL_RCC_GetSysClockFreq)
    i.HAL_RCC_OscConfig                      0x08002160   Section        0  stm32g4xx_hal_rcc.o(i.HAL_RCC_OscConfig)
    i.HAL_SPI_Init                           0x08002564   Section        0  stm32g4xx_hal_spi.o(i.HAL_SPI_Init)
    i.HAL_SPI_MspInit                        0x08002650   Section        0  spi.o(i.HAL_SPI_MspInit)
    i.HAL_SPI_TransmitReceive                0x080026b0   Section        0  stm32g4xx_hal_spi.o(i.HAL_SPI_TransmitReceive)
    i.HAL_SYSTICK_Config                     0x08002922   Section        0  stm32g4xx_hal_cortex.o(i.HAL_SYSTICK_Config)
    i.HAL_TIMEx_ConfigBreakDeadTime          0x0800294c   Section        0  stm32g4xx_hal_tim_ex.o(i.HAL_TIMEx_ConfigBreakDeadTime)
    i.HAL_TIMEx_MasterConfigSynchronization  0x080029e8   Section        0  stm32g4xx_hal_tim_ex.o(i.HAL_TIMEx_MasterConfigSynchronization)
    i.HAL_TIM_Base_Init                      0x08002a84   Section        0  stm32g4xx_hal_tim.o(i.HAL_TIM_Base_Init)
    i.HAL_TIM_Base_MspInit                   0x08002ae8   Section        0  tim.o(i.HAL_TIM_Base_MspInit)
    i.HAL_TIM_Base_Start                     0x08002b28   Section        0  stm32g4xx_hal_tim.o(i.HAL_TIM_Base_Start)
    i.HAL_TIM_ConfigClockSource              0x08002b94   Section        0  stm32g4xx_hal_tim.o(i.HAL_TIM_ConfigClockSource)
    i.HAL_TIM_MspPostInit                    0x08002c94   Section        0  tim.o(i.HAL_TIM_MspPostInit)
    i.HAL_TIM_PWM_ConfigChannel              0x08002ce8   Section        0  stm32g4xx_hal_tim.o(i.HAL_TIM_PWM_ConfigChannel)
    i.HAL_TIM_PWM_Init                       0x08002e0c   Section        0  stm32g4xx_hal_tim.o(i.HAL_TIM_PWM_Init)
    i.HAL_TIM_PWM_MspInit                    0x08002e6e   Section        0  stm32g4xx_hal_tim.o(i.HAL_TIM_PWM_MspInit)
    i.HAL_TIM_PWM_Start                      0x08002e70   Section        0  stm32g4xx_hal_tim.o(i.HAL_TIM_PWM_Start)
    i.HAL_UARTEx_DisableFifoMode             0x08002f6c   Section        0  stm32g4xx_hal_uart_ex.o(i.HAL_UARTEx_DisableFifoMode)
    i.HAL_UARTEx_SetRxFifoThreshold          0x08002faa   Section        0  stm32g4xx_hal_uart_ex.o(i.HAL_UARTEx_SetRxFifoThreshold)
    i.HAL_UARTEx_SetTxFifoThreshold          0x08002ff6   Section        0  stm32g4xx_hal_uart_ex.o(i.HAL_UARTEx_SetTxFifoThreshold)
    i.HAL_UART_Init                          0x08003042   Section        0  stm32g4xx_hal_uart.o(i.HAL_UART_Init)
    i.HAL_UART_MspInit                       0x080030ac   Section        0  usart.o(i.HAL_UART_MspInit)
    i.HAL_UART_Transmit                      0x08003154   Section        0  stm32g4xx_hal_uart.o(i.HAL_UART_Transmit)
    i.HardFault_Handler                      0x08003202   Section        0  stm32g4xx_it.o(i.HardFault_Handler)
    i.LL_ADC_GetOffsetChannel                0x08003204   Section        0  stm32g4xx_hal_adc.o(i.LL_ADC_GetOffsetChannel)
    LL_ADC_GetOffsetChannel                  0x08003205   Thumb Code    12  stm32g4xx_hal_adc.o(i.LL_ADC_GetOffsetChannel)
    i.LL_ADC_INJ_IsConversionOngoing         0x08003210   Section        0  stm32g4xx_hal_adc.o(i.LL_ADC_INJ_IsConversionOngoing)
    LL_ADC_INJ_IsConversionOngoing           0x08003211   Thumb Code     8  stm32g4xx_hal_adc.o(i.LL_ADC_INJ_IsConversionOngoing)
    i.LL_ADC_REG_IsConversionOngoing         0x08003218   Section        0  stm32g4xx_hal_adc.o(i.LL_ADC_REG_IsConversionOngoing)
    LL_ADC_REG_IsConversionOngoing           0x08003219   Thumb Code     8  stm32g4xx_hal_adc.o(i.LL_ADC_REG_IsConversionOngoing)
    i.LL_ADC_REG_IsConversionOngoing         0x08003220   Section        0  stm32g4xx_hal_adc_ex.o(i.LL_ADC_REG_IsConversionOngoing)
    LL_ADC_REG_IsConversionOngoing           0x08003221   Thumb Code     8  stm32g4xx_hal_adc_ex.o(i.LL_ADC_REG_IsConversionOngoing)
    i.LL_ADC_REG_IsTriggerSourceSWStart      0x08003228   Section        0  stm32g4xx_hal_adc.o(i.LL_ADC_REG_IsTriggerSourceSWStart)
    LL_ADC_REG_IsTriggerSourceSWStart        0x08003229   Thumb Code    16  stm32g4xx_hal_adc.o(i.LL_ADC_REG_IsTriggerSourceSWStart)
    i.LL_ADC_SetChannelSamplingTime          0x08003238   Section        0  stm32g4xx_hal_adc.o(i.LL_ADC_SetChannelSamplingTime)
    LL_ADC_SetChannelSamplingTime            0x08003239   Thumb Code    30  stm32g4xx_hal_adc.o(i.LL_ADC_SetChannelSamplingTime)
    i.LL_ADC_SetOffsetState                  0x08003256   Section        0  stm32g4xx_hal_adc.o(i.LL_ADC_SetOffsetState)
    LL_ADC_SetOffsetState                    0x08003257   Thumb Code    16  stm32g4xx_hal_adc.o(i.LL_ADC_SetOffsetState)
    i.MX_ADC1_Init                           0x08003268   Section        0  adc.o(i.MX_ADC1_Init)
    i.MX_DMA_Init                            0x08003324   Section        0  dma.o(i.MX_DMA_Init)
    i.MX_FDCAN1_Init                         0x08003360   Section        0  fdcan.o(i.MX_FDCAN1_Init)
    i.MX_GPIO_Init                           0x080033ac   Section        0  gpio.o(i.MX_GPIO_Init)
    i.MX_SPI1_Init                           0x08003418   Section        0  spi.o(i.MX_SPI1_Init)
    i.MX_TIM1_Init                           0x08003468   Section        0  tim.o(i.MX_TIM1_Init)
    i.MX_TIM3_Init                           0x08003584   Section        0  tim.o(i.MX_TIM3_Init)
    i.MX_USART3_UART_Init                    0x080035f4   Section        0  usart.o(i.MX_USART3_UART_Init)
    i.MemManage_Handler                      0x0800365c   Section        0  stm32g4xx_it.o(i.MemManage_Handler)
    i.NMI_Handler                            0x0800365e   Section        0  stm32g4xx_it.o(i.NMI_Handler)
    i.Parity_bit_Calculate                   0x08003660   Section        0  as5047p.o(i.Parity_bit_Calculate)
    i.PendSV_Handler                         0x08003672   Section        0  stm32g4xx_it.o(i.PendSV_Handler)
    i.SPI_EndRxTxTransaction                 0x08003674   Section        0  stm32g4xx_hal_spi.o(i.SPI_EndRxTxTransaction)
    SPI_EndRxTxTransaction                   0x08003675   Thumb Code    72  stm32g4xx_hal_spi.o(i.SPI_EndRxTxTransaction)
    i.SPI_ReadWrite_OneByte                  0x080036bc   Section        0  as5047p.o(i.SPI_ReadWrite_OneByte)
    i.SPI_WaitFifoStateUntilTimeout          0x080036f8   Section        0  stm32g4xx_hal_spi.o(i.SPI_WaitFifoStateUntilTimeout)
    SPI_WaitFifoStateUntilTimeout            0x080036f9   Thumb Code   218  stm32g4xx_hal_spi.o(i.SPI_WaitFifoStateUntilTimeout)
    i.SPI_WaitFlagStateUntilTimeout          0x080037d8   Section        0  stm32g4xx_hal_spi.o(i.SPI_WaitFlagStateUntilTimeout)
    SPI_WaitFlagStateUntilTimeout            0x080037d9   Thumb Code   180  stm32g4xx_hal_spi.o(i.SPI_WaitFlagStateUntilTimeout)
    i.SVC_Handler                            0x08003890   Section        0  stm32g4xx_it.o(i.SVC_Handler)
    i.SysTick_Handler                        0x08003892   Section        0  stm32g4xx_it.o(i.SysTick_Handler)
    i.SystemClock_Config                     0x08003896   Section        0  main.o(i.SystemClock_Config)
    i.SystemInit                             0x08003900   Section        0  system_stm32g4xx.o(i.SystemInit)
    i.TIM_Base_SetConfig                     0x08003910   Section        0  stm32g4xx_hal_tim.o(i.TIM_Base_SetConfig)
    i.TIM_CCxChannelCmd                      0x080039cc   Section        0  stm32g4xx_hal_tim.o(i.TIM_CCxChannelCmd)
    i.TIM_ETR_SetConfig                      0x080039e6   Section        0  stm32g4xx_hal_tim.o(i.TIM_ETR_SetConfig)
    i.TIM_ITRx_SetConfig                     0x080039fc   Section        0  stm32g4xx_hal_tim.o(i.TIM_ITRx_SetConfig)
    TIM_ITRx_SetConfig                       0x080039fd   Thumb Code    16  stm32g4xx_hal_tim.o(i.TIM_ITRx_SetConfig)
    i.TIM_OC1_SetConfig                      0x08003a10   Section        0  stm32g4xx_hal_tim.o(i.TIM_OC1_SetConfig)
    TIM_OC1_SetConfig                        0x08003a11   Thumb Code   132  stm32g4xx_hal_tim.o(i.TIM_OC1_SetConfig)
    i.TIM_OC2_SetConfig                      0x08003aac   Section        0  stm32g4xx_hal_tim.o(i.TIM_OC2_SetConfig)
    i.TIM_OC3_SetConfig                      0x08003b3c   Section        0  stm32g4xx_hal_tim.o(i.TIM_OC3_SetConfig)
    TIM_OC3_SetConfig                        0x08003b3d   Thumb Code   118  stm32g4xx_hal_tim.o(i.TIM_OC3_SetConfig)
    i.TIM_OC4_SetConfig                      0x08003bcc   Section        0  stm32g4xx_hal_tim.o(i.TIM_OC4_SetConfig)
    TIM_OC4_SetConfig                        0x08003bcd   Thumb Code   120  stm32g4xx_hal_tim.o(i.TIM_OC4_SetConfig)
    i.TIM_OC5_SetConfig                      0x08003c5c   Section        0  stm32g4xx_hal_tim.o(i.TIM_OC5_SetConfig)
    TIM_OC5_SetConfig                        0x08003c5d   Thumb Code    86  stm32g4xx_hal_tim.o(i.TIM_OC5_SetConfig)
    i.TIM_OC6_SetConfig                      0x08003ccc   Section        0  stm32g4xx_hal_tim.o(i.TIM_OC6_SetConfig)
    TIM_OC6_SetConfig                        0x08003ccd   Thumb Code    88  stm32g4xx_hal_tim.o(i.TIM_OC6_SetConfig)
    i.TIM_TI1_ConfigInputStage               0x08003d3c   Section        0  stm32g4xx_hal_tim.o(i.TIM_TI1_ConfigInputStage)
    TIM_TI1_ConfigInputStage                 0x08003d3d   Thumb Code    34  stm32g4xx_hal_tim.o(i.TIM_TI1_ConfigInputStage)
    i.TIM_TI2_ConfigInputStage               0x08003d5e   Section        0  stm32g4xx_hal_tim.o(i.TIM_TI2_ConfigInputStage)
    TIM_TI2_ConfigInputStage                 0x08003d5f   Thumb Code    36  stm32g4xx_hal_tim.o(i.TIM_TI2_ConfigInputStage)
    i.UARTEx_SetNbDataToProcess              0x08003d84   Section        0  stm32g4xx_hal_uart_ex.o(i.UARTEx_SetNbDataToProcess)
    UARTEx_SetNbDataToProcess                0x08003d85   Thumb Code    62  stm32g4xx_hal_uart_ex.o(i.UARTEx_SetNbDataToProcess)
    i.UART_AdvFeatureConfig                  0x08003dc8   Section        0  stm32g4xx_hal_uart.o(i.UART_AdvFeatureConfig)
    i.UART_CheckIdleState                    0x08003e90   Section        0  stm32g4xx_hal_uart.o(i.UART_CheckIdleState)
    i.UART_EndRxTransfer                     0x08003f3c   Section        0  stm32g4xx_hal_uart.o(i.UART_EndRxTransfer)
    UART_EndRxTransfer                       0x08003f3d   Thumb Code    78  stm32g4xx_hal_uart.o(i.UART_EndRxTransfer)
    i.UART_SetConfig                         0x08003f90   Section        0  stm32g4xx_hal_uart.o(i.UART_SetConfig)
    i.UART_WaitOnFlagUntilTimeout            0x08004204   Section        0  stm32g4xx_hal_uart.o(i.UART_WaitOnFlagUntilTimeout)
    i.UsageFault_Handler                     0x08004298   Section        0  stm32g4xx_it.o(i.UsageFault_Handler)
    i.__NVIC_SetPriority                     0x0800429a   Section        0  stm32g4xx_hal_cortex.o(i.__NVIC_SetPriority)
    __NVIC_SetPriority                       0x0800429b   Thumb Code    32  stm32g4xx_hal_cortex.o(i.__NVIC_SetPriority)
    i.__scatterload_copy                     0x080042ba   Section       14  handlers.o(i.__scatterload_copy)
    i.__scatterload_null                     0x080042c8   Section        2  handlers.o(i.__scatterload_null)
    i.__scatterload_zeroinit                 0x080042ca   Section       14  handlers.o(i.__scatterload_zeroinit)
    i.data_init                              0x080042d8   Section        0  main.o(i.data_init)
    i.main                                   0x08004304   Section        0  main.o(i.main)
    .constdata                               0x0800438c   Section       24  stm32g4xx_hal_uart.o(.constdata)
    .constdata                               0x080043a4   Section       16  stm32g4xx_hal_uart_ex.o(.constdata)
    numerator                                0x080043a4   Data           8  stm32g4xx_hal_uart_ex.o(.constdata)
    denominator                              0x080043ac   Data           8  stm32g4xx_hal_uart_ex.o(.constdata)
    .constdata                               0x080043b4   Section       16  system_stm32g4xx.o(.constdata)
    .constdata                               0x080043c4   Section        8  system_stm32g4xx.o(.constdata)
    .data                                    0x20000000   Section       12  stm32g4xx_hal.o(.data)
    .data                                    0x2000000c   Section        4  system_stm32g4xx.o(.data)
    .data                                    0x20000010   Section      188  foc.o(.data)
    dt                                       0x20000018   Data           4  foc.o(.data)
    K                                        0x2000001c   Data           4  foc.o(.data)
    Ux                                       0x20000020   Data           4  foc.o(.data)
    Uy                                       0x20000024   Data           4  foc.o(.data)
    Uz                                       0x20000028   Data           4  foc.o(.data)
    Tx                                       0x2000002c   Data           4  foc.o(.data)
    Ty                                       0x20000030   Data           4  foc.o(.data)
    Tz                                       0x20000034   Data           4  foc.o(.data)
    Ta                                       0x20000038   Data           4  foc.o(.data)
    Tb                                       0x2000003c   Data           4  foc.o(.data)
    Tc                                       0x20000040   Data           4  foc.o(.data)
    K                                        0x20000044   Data           4  foc.o(.data)
    Ux                                       0x20000048   Data           4  foc.o(.data)
    Uy                                       0x2000004c   Data           4  foc.o(.data)
    Uz                                       0x20000050   Data           4  foc.o(.data)
    Tx                                       0x20000054   Data           4  foc.o(.data)
    Ty                                       0x20000058   Data           4  foc.o(.data)
    Tz                                       0x2000005c   Data           4  foc.o(.data)
    Ta                                       0x20000060   Data           4  foc.o(.data)
    Tb                                       0x20000064   Data           4  foc.o(.data)
    Tc                                       0x20000068   Data           4  foc.o(.data)
    K                                        0x2000006c   Data           4  foc.o(.data)
    Ux                                       0x20000070   Data           4  foc.o(.data)
    Uy                                       0x20000074   Data           4  foc.o(.data)
    Uz                                       0x20000078   Data           4  foc.o(.data)
    Tx                                       0x2000007c   Data           4  foc.o(.data)
    Ty                                       0x20000080   Data           4  foc.o(.data)
    Tz                                       0x20000084   Data           4  foc.o(.data)
    Ta                                       0x20000088   Data           4  foc.o(.data)
    Tb                                       0x2000008c   Data           4  foc.o(.data)
    Tc                                       0x20000090   Data           4  foc.o(.data)
    LastAngle                                0x20000094   Data           4  foc.o(.data)
    Velocity                                 0x20000098   Data           4  foc.o(.data)
    T                                        0x2000009c   Data           4  foc.o(.data)
    Kp                                       0x200000a0   Data           4  foc.o(.data)
    Ki                                       0x200000a4   Data           4  foc.o(.data)
    Velocity_Filter                          0x200000a8   Data           4  foc.o(.data)
    Theta_err                                0x200000ac   Data           4  foc.o(.data)
    I                                        0x200000b0   Data           4  foc.o(.data)
    Theta                                    0x200000b4   Data           4  foc.o(.data)
    Velocity                                 0x200000b8   Data           4  foc.o(.data)
    Upark_N                                  0x200000bc   Data           8  foc.o(.data)
    Upark_N                                  0x200000c4   Data           8  foc.o(.data)
    .bss                                     0x200000cc   Section       20  main.o(.bss)
    .bss                                     0x200000e0   Section       96  main.o(.bss)
    .bss                                     0x20000140   Section      204  adc.o(.bss)
    .bss                                     0x2000020c   Section      100  fdcan.o(.bss)
    .bss                                     0x20000270   Section      100  spi.o(.bss)
    .bss                                     0x200002d4   Section      152  tim.o(.bss)
    .bss                                     0x2000036c   Section      148  usart.o(.bss)
    .bss                                     0x20000400   Section      400  foc.o(.bss)
    Uclark_N                                 0x20000400   Data          12  foc.o(.bss)
    OUTPUT                                   0x2000040c   Data          12  foc.o(.bss)
    STACK                                    0x20000590   Section     1024  startup_stm32g431xx.o(STACK)

    Global Symbols

    Symbol Name                              Value     Ov Type        Size  Object(Section)

    BuildAttributes$$THM_ISAv4$E$P$D$K$B$S$7EM$VFPi3$EXTD16$VFPS$VFMA$PE$A:L22UL41UL21$X:L11$S22US41US21$IEEE1$IW$USESV6$~STKCKD$USESV7$~SHL$OTIME$ROPI$IEEEX$EBA8$MICROLIB$REQ8$PRES8$EABIv2 0x00000000   Number         0  anon$$obj.o ABSOLUTE
    __ARM_use_no_argv                        0x00000000   Number         0  main.o ABSOLUTE
    _printf_a                                0x00000000   Number         0  stubs.o ABSOLUTE
    _printf_c                                0x00000000   Number         0  stubs.o ABSOLUTE
    _printf_charcount                        0x00000000   Number         0  stubs.o ABSOLUTE
    _printf_d                                0x00000000   Number         0  stubs.o ABSOLUTE
    _printf_e                                0x00000000   Number         0  stubs.o ABSOLUTE
    _printf_f                                0x00000000   Number         0  stubs.o ABSOLUTE
    _printf_flags                            0x00000000   Number         0  stubs.o ABSOLUTE
    _printf_fp_dec                           0x00000000   Number         0  stubs.o ABSOLUTE
    _printf_fp_hex                           0x00000000   Number         0  stubs.o ABSOLUTE
    _printf_g                                0x00000000   Number         0  stubs.o ABSOLUTE
    _printf_i                                0x00000000   Number         0  stubs.o ABSOLUTE
    _printf_int_dec                          0x00000000   Number         0  stubs.o ABSOLUTE
    _printf_l                                0x00000000   Number         0  stubs.o ABSOLUTE
    _printf_lc                               0x00000000   Number         0  stubs.o ABSOLUTE
    _printf_ll                               0x00000000   Number         0  stubs.o ABSOLUTE
    _printf_lld                              0x00000000   Number         0  stubs.o ABSOLUTE
    _printf_lli                              0x00000000   Number         0  stubs.o ABSOLUTE
    _printf_llo                              0x00000000   Number         0  stubs.o ABSOLUTE
    _printf_llu                              0x00000000   Number         0  stubs.o ABSOLUTE
    _printf_llx                              0x00000000   Number         0  stubs.o ABSOLUTE
    _printf_longlong_dec                     0x00000000   Number         0  stubs.o ABSOLUTE
    _printf_longlong_hex                     0x00000000   Number         0  stubs.o ABSOLUTE
    _printf_longlong_oct                     0x00000000   Number         0  stubs.o ABSOLUTE
    _printf_ls                               0x00000000   Number         0  stubs.o ABSOLUTE
    _printf_mbtowc                           0x00000000   Number         0  stubs.o ABSOLUTE
    _printf_n                                0x00000000   Number         0  stubs.o ABSOLUTE
    _printf_o                                0x00000000   Number         0  stubs.o ABSOLUTE
    _printf_p                                0x00000000   Number         0  stubs.o ABSOLUTE
    _printf_percent                          0x00000000   Number         0  stubs.o ABSOLUTE
    _printf_pre_padding                      0x00000000   Number         0  stubs.o ABSOLUTE
    _printf_return_value                     0x00000000   Number         0  stubs.o ABSOLUTE
    _printf_s                                0x00000000   Number         0  stubs.o ABSOLUTE
    _printf_sizespec                         0x00000000   Number         0  stubs.o ABSOLUTE
    _printf_str                              0x00000000   Number         0  stubs.o ABSOLUTE
    _printf_truncate_signed                  0x00000000   Number         0  stubs.o ABSOLUTE
    _printf_truncate_unsigned                0x00000000   Number         0  stubs.o ABSOLUTE
    _printf_u                                0x00000000   Number         0  stubs.o ABSOLUTE
    _printf_wc                               0x00000000   Number         0  stubs.o ABSOLUTE
    _printf_wctomb                           0x00000000   Number         0  stubs.o ABSOLUTE
    _printf_widthprec                        0x00000000   Number         0  stubs.o ABSOLUTE
    _printf_x                                0x00000000   Number         0  stubs.o ABSOLUTE
    __cpp_initialize__aeabi_                  - Undefined Weak Reference
    __cxa_finalize                            - Undefined Weak Reference
    __decompress                              - Undefined Weak Reference
    _clock_init                               - Undefined Weak Reference
    _microlib_exit                            - Undefined Weak Reference
    __Vectors_Size                           0x000001d8   Number         0  startup_stm32g431xx.o ABSOLUTE
    __Vectors                                0x08000000   Data           4  startup_stm32g431xx.o(RESET)
    __Vectors_End                            0x080001d8   Data           0  startup_stm32g431xx.o(RESET)
    __main                                   0x080001d9   Thumb Code     0  entry.o(.ARM.Collect$$$$00000000)
    _main_stk                                0x080001d9   Thumb Code     0  entry2.o(.ARM.Collect$$$$00000001)
    _main_scatterload                        0x080001dd   Thumb Code     0  entry5.o(.ARM.Collect$$$$00000004)
    __main_after_scatterload                 0x080001e1   Thumb Code     0  entry5.o(.ARM.Collect$$$$00000004)
    _main_clock                              0x080001e1   Thumb Code     0  entry7b.o(.ARM.Collect$$$$00000008)
    _main_cpp_init                           0x080001e1   Thumb Code     0  entry8b.o(.ARM.Collect$$$$0000000A)
    _main_init                               0x080001e1   Thumb Code     0  entry9a.o(.ARM.Collect$$$$0000000B)
    __rt_final_cpp                           0x080001e9   Thumb Code     0  entry10a.o(.ARM.Collect$$$$0000000D)
    __rt_final_exit                          0x080001e9   Thumb Code     0  entry11a.o(.ARM.Collect$$$$0000000F)
    Reset_Handler                            0x080001ed   Thumb Code     8  startup_stm32g431xx.o(.text)
    ADC1_2_IRQHandler                        0x08000207   Thumb Code     0  startup_stm32g431xx.o(.text)
    COMP1_2_3_IRQHandler                     0x08000207   Thumb Code     0  startup_stm32g431xx.o(.text)
    COMP4_IRQHandler                         0x08000207   Thumb Code     0  startup_stm32g431xx.o(.text)
    CORDIC_IRQHandler                        0x08000207   Thumb Code     0  startup_stm32g431xx.o(.text)
    CRS_IRQHandler                           0x08000207   Thumb Code     0  startup_stm32g431xx.o(.text)
    DMA1_Channel2_IRQHandler                 0x08000207   Thumb Code     0  startup_stm32g431xx.o(.text)
    DMA1_Channel3_IRQHandler                 0x08000207   Thumb Code     0  startup_stm32g431xx.o(.text)
    DMA1_Channel4_IRQHandler                 0x08000207   Thumb Code     0  startup_stm32g431xx.o(.text)
    DMA1_Channel5_IRQHandler                 0x08000207   Thumb Code     0  startup_stm32g431xx.o(.text)
    DMA1_Channel6_IRQHandler                 0x08000207   Thumb Code     0  startup_stm32g431xx.o(.text)
    DMA2_Channel1_IRQHandler                 0x08000207   Thumb Code     0  startup_stm32g431xx.o(.text)
    DMA2_Channel2_IRQHandler                 0x08000207   Thumb Code     0  startup_stm32g431xx.o(.text)
    DMA2_Channel3_IRQHandler                 0x08000207   Thumb Code     0  startup_stm32g431xx.o(.text)
    DMA2_Channel4_IRQHandler                 0x08000207   Thumb Code     0  startup_stm32g431xx.o(.text)
    DMA2_Channel5_IRQHandler                 0x08000207   Thumb Code     0  startup_stm32g431xx.o(.text)
    DMA2_Channel6_IRQHandler                 0x08000207   Thumb Code     0  startup_stm32g431xx.o(.text)
    DMAMUX_OVR_IRQHandler                    0x08000207   Thumb Code     0  startup_stm32g431xx.o(.text)
    EXTI0_IRQHandler                         0x08000207   Thumb Code     0  startup_stm32g431xx.o(.text)
    EXTI15_10_IRQHandler                     0x08000207   Thumb Code     0  startup_stm32g431xx.o(.text)
    EXTI1_IRQHandler                         0x08000207   Thumb Code     0  startup_stm32g431xx.o(.text)
    EXTI2_IRQHandler                         0x08000207   Thumb Code     0  startup_stm32g431xx.o(.text)
    EXTI3_IRQHandler                         0x08000207   Thumb Code     0  startup_stm32g431xx.o(.text)
    EXTI4_IRQHandler                         0x08000207   Thumb Code     0  startup_stm32g431xx.o(.text)
    EXTI9_5_IRQHandler                       0x08000207   Thumb Code     0  startup_stm32g431xx.o(.text)
    FDCAN1_IT0_IRQHandler                    0x08000207   Thumb Code     0  startup_stm32g431xx.o(.text)
    FDCAN1_IT1_IRQHandler                    0x08000207   Thumb Code     0  startup_stm32g431xx.o(.text)
    FLASH_IRQHandler                         0x08000207   Thumb Code     0  startup_stm32g431xx.o(.text)
    FMAC_IRQHandler                          0x08000207   Thumb Code     0  startup_stm32g431xx.o(.text)
    FPU_IRQHandler                           0x08000207   Thumb Code     0  startup_stm32g431xx.o(.text)
    I2C1_ER_IRQHandler                       0x08000207   Thumb Code     0  startup_stm32g431xx.o(.text)
    I2C1_EV_IRQHandler                       0x08000207   Thumb Code     0  startup_stm32g431xx.o(.text)
    I2C2_ER_IRQHandler                       0x08000207   Thumb Code     0  startup_stm32g431xx.o(.text)
    I2C2_EV_IRQHandler                       0x08000207   Thumb Code     0  startup_stm32g431xx.o(.text)
    I2C3_ER_IRQHandler                       0x08000207   Thumb Code     0  startup_stm32g431xx.o(.text)
    I2C3_EV_IRQHandler                       0x08000207   Thumb Code     0  startup_stm32g431xx.o(.text)
    LPTIM1_IRQHandler                        0x08000207   Thumb Code     0  startup_stm32g431xx.o(.text)
    LPUART1_IRQHandler                       0x08000207   Thumb Code     0  startup_stm32g431xx.o(.text)
    PVD_PVM_IRQHandler                       0x08000207   Thumb Code     0  startup_stm32g431xx.o(.text)
    RCC_IRQHandler                           0x08000207   Thumb Code     0  startup_stm32g431xx.o(.text)
    RNG_IRQHandler                           0x08000207   Thumb Code     0  startup_stm32g431xx.o(.text)
    RTC_Alarm_IRQHandler                     0x08000207   Thumb Code     0  startup_stm32g431xx.o(.text)
    RTC_TAMP_LSECSS_IRQHandler               0x08000207   Thumb Code     0  startup_stm32g431xx.o(.text)
    RTC_WKUP_IRQHandler                      0x08000207   Thumb Code     0  startup_stm32g431xx.o(.text)
    SAI1_IRQHandler                          0x08000207   Thumb Code     0  startup_stm32g431xx.o(.text)
    SPI1_IRQHandler                          0x08000207   Thumb Code     0  startup_stm32g431xx.o(.text)
    SPI2_IRQHandler                          0x08000207   Thumb Code     0  startup_stm32g431xx.o(.text)
    SPI3_IRQHandler                          0x08000207   Thumb Code     0  startup_stm32g431xx.o(.text)
    TIM1_BRK_TIM15_IRQHandler                0x08000207   Thumb Code     0  startup_stm32g431xx.o(.text)
    TIM1_CC_IRQHandler                       0x08000207   Thumb Code     0  startup_stm32g431xx.o(.text)
    TIM1_TRG_COM_TIM17_IRQHandler            0x08000207   Thumb Code     0  startup_stm32g431xx.o(.text)
    TIM1_UP_TIM16_IRQHandler                 0x08000207   Thumb Code     0  startup_stm32g431xx.o(.text)
    TIM2_IRQHandler                          0x08000207   Thumb Code     0  startup_stm32g431xx.o(.text)
    TIM3_IRQHandler                          0x08000207   Thumb Code     0  startup_stm32g431xx.o(.text)
    TIM4_IRQHandler                          0x08000207   Thumb Code     0  startup_stm32g431xx.o(.text)
    TIM6_DAC_IRQHandler                      0x08000207   Thumb Code     0  startup_stm32g431xx.o(.text)
    TIM7_IRQHandler                          0x08000207   Thumb Code     0  startup_stm32g431xx.o(.text)
    TIM8_BRK_IRQHandler                      0x08000207   Thumb Code     0  startup_stm32g431xx.o(.text)
    TIM8_CC_IRQHandler                       0x08000207   Thumb Code     0  startup_stm32g431xx.o(.text)
    TIM8_TRG_COM_IRQHandler                  0x08000207   Thumb Code     0  startup_stm32g431xx.o(.text)
    TIM8_UP_IRQHandler                       0x08000207   Thumb Code     0  startup_stm32g431xx.o(.text)
    UART4_IRQHandler                         0x08000207   Thumb Code     0  startup_stm32g431xx.o(.text)
    UCPD1_IRQHandler                         0x08000207   Thumb Code     0  startup_stm32g431xx.o(.text)
    USART1_IRQHandler                        0x08000207   Thumb Code     0  startup_stm32g431xx.o(.text)
    USART2_IRQHandler                        0x08000207   Thumb Code     0  startup_stm32g431xx.o(.text)
    USART3_IRQHandler                        0x08000207   Thumb Code     0  startup_stm32g431xx.o(.text)
    USBWakeUp_IRQHandler                     0x08000207   Thumb Code     0  startup_stm32g431xx.o(.text)
    USB_HP_IRQHandler                        0x08000207   Thumb Code     0  startup_stm32g431xx.o(.text)
    USB_LP_IRQHandler                        0x08000207   Thumb Code     0  startup_stm32g431xx.o(.text)
    WWDG_IRQHandler                          0x08000207   Thumb Code     0  startup_stm32g431xx.o(.text)
    __aeabi_uldivmod                         0x08000211   Thumb Code    98  uldiv.o(.text)
    __aeabi_memset                           0x08000273   Thumb Code    14  memseta.o(.text)
    __aeabi_memset4                          0x08000273   Thumb Code     0  memseta.o(.text)
    __aeabi_memset8                          0x08000273   Thumb Code     0  memseta.o(.text)
    __aeabi_memclr                           0x08000281   Thumb Code     4  memseta.o(.text)
    __aeabi_memclr4                          0x08000281   Thumb Code     0  memseta.o(.text)
    __aeabi_memclr8                          0x08000281   Thumb Code     0  memseta.o(.text)
    _memset$wrapper                          0x08000285   Thumb Code    18  memseta.o(.text)
    __aeabi_dmul                             0x08000297   Thumb Code   228  dmul.o(.text)
    __aeabi_ddiv                             0x0800037b   Thumb Code   222  ddiv.o(.text)
    __aeabi_ui2d                             0x08000459   Thumb Code    26  dfltui.o(.text)
    __aeabi_f2d                              0x08000473   Thumb Code    38  f2d.o(.text)
    __aeabi_d2f                              0x08000499   Thumb Code    56  d2f.o(.text)
    __aeabi_llsl                             0x080004d1   Thumb Code    30  llshl.o(.text)
    _ll_shift_l                              0x080004d1   Thumb Code     0  llshl.o(.text)
    __aeabi_llsr                             0x080004ef   Thumb Code    32  llushr.o(.text)
    _ll_ushift_r                             0x080004ef   Thumb Code     0  llushr.o(.text)
    __I$use$fp                               0x0800050f   Thumb Code     0  iusefp.o(.text)
    _float_round                             0x0800050f   Thumb Code    18  fepilogue.o(.text)
    _float_epilogue                          0x08000521   Thumb Code    92  fepilogue.o(.text)
    _double_round                            0x0800057d   Thumb Code    30  depilogue.o(.text)
    _double_epilogue                         0x0800059b   Thumb Code   156  depilogue.o(.text)
    __scatterload                            0x08000639   Thumb Code    28  init.o(.text)
    __scatterload_rt2                        0x08000639   Thumb Code     0  init.o(.text)
    ADC_DMAConvCplt                          0x0800065d   Thumb Code   104  stm32g4xx_hal_adc.o(i.ADC_DMAConvCplt)
    ADC_DMAError                             0x080006c5   Thumb Code    26  stm32g4xx_hal_adc.o(i.ADC_DMAError)
    ADC_DMAHalfConvCplt                      0x080006df   Thumb Code    10  stm32g4xx_hal_adc.o(i.ADC_DMAHalfConvCplt)
    ADC_Enable                               0x080006e9   Thumb Code   154  stm32g4xx_hal_adc.o(i.ADC_Enable)
    ADRC_Init                                0x08000795   Thumb Code   116  adrc.o(i.ADRC_Init)
    AS5047_read                              0x08000835   Thumb Code    40  as5047p.o(i.AS5047_read)
    BusFault_Handler                         0x0800085d   Thumb Code     2  stm32g4xx_it.o(i.BusFault_Handler)
    DMA1_Channel1_IRQHandler                 0x08000861   Thumb Code     6  stm32g4xx_it.o(i.DMA1_Channel1_IRQHandler)
    DebugMon_Handler                         0x0800090f   Thumb Code     2  stm32g4xx_it.o(i.DebugMon_Handler)
    Error_Handler                            0x08000911   Thumb Code     4  main.o(i.Error_Handler)
    FOC_Delayms                              0x08000915   Thumb Code     4  foc.o(i.FOC_Delayms)
    FOC_GetAngle_Sensor                      0x08000919   Thumb Code     4  foc.o(i.FOC_GetAngle_Sensor)
    FOC_GetIaIbIc                            0x0800091d   Thumb Code     2  foc.o(i.FOC_GetIaIbIc)
    FOC_SetPWM                               0x08000921   Thumb Code    18  foc.o(i.FOC_SetPWM)
    FOC_init                                 0x08000939   Thumb Code   154  foc.o(i.FOC_init)
    GetAngle                                 0x08000a11   Thumb Code    64  as5047p.o(i.GetAngle)
    Getdt                                    0x08000a5d   Thumb Code    76  foc.o(i.Getdt)
    HAL_ADCEx_MultiModeConfigChannel         0x08000ab9   Thumb Code   208  stm32g4xx_hal_adc_ex.o(i.HAL_ADCEx_MultiModeConfigChannel)
    HAL_ADC_ConfigChannel                    0x08000b91   Thumb Code  1006  stm32g4xx_hal_adc.o(i.HAL_ADC_ConfigChannel)
    HAL_ADC_ConvCpltCallback                 0x08000fb5   Thumb Code     2  stm32g4xx_hal_adc.o(i.HAL_ADC_ConvCpltCallback)
    HAL_ADC_ConvHalfCpltCallback             0x08000fb7   Thumb Code     2  stm32g4xx_hal_adc.o(i.HAL_ADC_ConvHalfCpltCallback)
    HAL_ADC_ErrorCallback                    0x08000fb9   Thumb Code     2  stm32g4xx_hal_adc.o(i.HAL_ADC_ErrorCallback)
    HAL_ADC_Init                             0x08000fbd   Thumb Code   466  stm32g4xx_hal_adc.o(i.HAL_ADC_Init)
    HAL_ADC_MspInit                          0x080011b1   Thumb Code   158  adc.o(i.HAL_ADC_MspInit)
    HAL_ADC_Start_DMA                        0x0800125d   Thumb Code   214  stm32g4xx_hal_adc.o(i.HAL_ADC_Start_DMA)
    HAL_DMA_IRQHandler                       0x0800134d   Thumb Code   186  stm32g4xx_hal_dma.o(i.HAL_DMA_IRQHandler)
    HAL_DMA_Init                             0x08001409   Thumb Code   178  stm32g4xx_hal_dma.o(i.HAL_DMA_Init)
    HAL_DMA_Start_IT                         0x080014c9   Thumb Code   140  stm32g4xx_hal_dma.o(i.HAL_DMA_Start_IT)
    HAL_Delay                                0x08001555   Thumb Code    32  stm32g4xx_hal.o(i.HAL_Delay)
    HAL_FDCAN_Init                           0x08001579   Thumb Code   498  stm32g4xx_hal_fdcan.o(i.HAL_FDCAN_Init)
    HAL_FDCAN_MspInit                        0x0800177d   Thumb Code   116  fdcan.o(i.HAL_FDCAN_MspInit)
    HAL_GPIO_Init                            0x080017f9   Thumb Code   550  stm32g4xx_hal_gpio.o(i.HAL_GPIO_Init)
    HAL_GPIO_WritePin                        0x08001a41   Thumb Code    10  stm32g4xx_hal_gpio.o(i.HAL_GPIO_WritePin)
    HAL_GetTick                              0x08001a4d   Thumb Code     6  stm32g4xx_hal.o(i.HAL_GetTick)
    HAL_IncTick                              0x08001a59   Thumb Code    12  stm32g4xx_hal.o(i.HAL_IncTick)
    HAL_Init                                 0x08001a69   Thumb Code    30  stm32g4xx_hal.o(i.HAL_Init)
    HAL_InitTick                             0x08001a89   Thumb Code    58  stm32g4xx_hal.o(i.HAL_InitTick)
    HAL_MspInit                              0x08001acd   Thumb Code    42  stm32g4xx_hal_msp.o(i.HAL_MspInit)
    HAL_NVIC_EnableIRQ                       0x08001afd   Thumb Code    26  stm32g4xx_hal_cortex.o(i.HAL_NVIC_EnableIRQ)
    HAL_NVIC_SetPriority                     0x08001b19   Thumb Code    60  stm32g4xx_hal_cortex.o(i.HAL_NVIC_SetPriority)
    HAL_NVIC_SetPriorityGrouping             0x08001b59   Thumb Code    26  stm32g4xx_hal_cortex.o(i.HAL_NVIC_SetPriorityGrouping)
    HAL_PWREx_ControlVoltageScaling          0x08001b7d   Thumb Code   174  stm32g4xx_hal_pwr_ex.o(i.HAL_PWREx_ControlVoltageScaling)
    HAL_PWREx_DisableUCPDDeadBattery         0x08001c39   Thumb Code    12  stm32g4xx_hal_pwr_ex.o(i.HAL_PWREx_DisableUCPDDeadBattery)
    HAL_RCCEx_PeriphCLKConfig                0x08001c49   Thumb Code   638  stm32g4xx_hal_rcc_ex.o(i.HAL_RCCEx_PeriphCLKConfig)
    HAL_RCC_ClockConfig                      0x08001ed1   Thumb Code   444  stm32g4xx_hal_rcc.o(i.HAL_RCC_ClockConfig)
    HAL_RCC_GetPCLK1Freq                     0x080020ad   Thumb Code    24  stm32g4xx_hal_rcc.o(i.HAL_RCC_GetPCLK1Freq)
    HAL_RCC_GetPCLK2Freq                     0x080020d1   Thumb Code    24  stm32g4xx_hal_rcc.o(i.HAL_RCC_GetPCLK2Freq)
    HAL_RCC_GetSysClockFreq                  0x080020f5   Thumb Code    98  stm32g4xx_hal_rcc.o(i.HAL_RCC_GetSysClockFreq)
    HAL_RCC_OscConfig                        0x08002161   Thumb Code  1028  stm32g4xx_hal_rcc.o(i.HAL_RCC_OscConfig)
    HAL_SPI_Init                             0x08002565   Thumb Code   234  stm32g4xx_hal_spi.o(i.HAL_SPI_Init)
    HAL_SPI_MspInit                          0x08002651   Thumb Code    88  spi.o(i.HAL_SPI_MspInit)
    HAL_SPI_TransmitReceive                  0x080026b1   Thumb Code   626  stm32g4xx_hal_spi.o(i.HAL_SPI_TransmitReceive)
    HAL_SYSTICK_Config                       0x08002923   Thumb Code    40  stm32g4xx_hal_cortex.o(i.HAL_SYSTICK_Config)
    HAL_TIMEx_ConfigBreakDeadTime            0x0800294d   Thumb Code   148  stm32g4xx_hal_tim_ex.o(i.HAL_TIMEx_ConfigBreakDeadTime)
    HAL_TIMEx_MasterConfigSynchronization    0x080029e9   Thumb Code   132  stm32g4xx_hal_tim_ex.o(i.HAL_TIMEx_MasterConfigSynchronization)
    HAL_TIM_Base_Init                        0x08002a85   Thumb Code    98  stm32g4xx_hal_tim.o(i.HAL_TIM_Base_Init)
    HAL_TIM_Base_MspInit                     0x08002ae9   Thumb Code    52  tim.o(i.HAL_TIM_Base_MspInit)
    HAL_TIM_Base_Start                       0x08002b29   Thumb Code    84  stm32g4xx_hal_tim.o(i.HAL_TIM_Base_Start)
    HAL_TIM_ConfigClockSource                0x08002b95   Thumb Code   246  stm32g4xx_hal_tim.o(i.HAL_TIM_ConfigClockSource)
    HAL_TIM_MspPostInit                      0x08002c95   Thumb Code    74  tim.o(i.HAL_TIM_MspPostInit)
    HAL_TIM_PWM_ConfigChannel                0x08002ce9   Thumb Code   292  stm32g4xx_hal_tim.o(i.HAL_TIM_PWM_ConfigChannel)
    HAL_TIM_PWM_Init                         0x08002e0d   Thumb Code    98  stm32g4xx_hal_tim.o(i.HAL_TIM_PWM_Init)
    HAL_TIM_PWM_MspInit                      0x08002e6f   Thumb Code     2  stm32g4xx_hal_tim.o(i.HAL_TIM_PWM_MspInit)
    HAL_TIM_PWM_Start                        0x08002e71   Thumb Code   218  stm32g4xx_hal_tim.o(i.HAL_TIM_PWM_Start)
    HAL_UARTEx_DisableFifoMode               0x08002f6d   Thumb Code    62  stm32g4xx_hal_uart_ex.o(i.HAL_UARTEx_DisableFifoMode)
    HAL_UARTEx_SetRxFifoThreshold            0x08002fab   Thumb Code    76  stm32g4xx_hal_uart_ex.o(i.HAL_UARTEx_SetRxFifoThreshold)
    HAL_UARTEx_SetTxFifoThreshold            0x08002ff7   Thumb Code    76  stm32g4xx_hal_uart_ex.o(i.HAL_UARTEx_SetTxFifoThreshold)
    HAL_UART_Init                            0x08003043   Thumb Code   106  stm32g4xx_hal_uart.o(i.HAL_UART_Init)
    HAL_UART_MspInit                         0x080030ad   Thumb Code   150  usart.o(i.HAL_UART_MspInit)
    HAL_UART_Transmit                        0x08003155   Thumb Code   174  stm32g4xx_hal_uart.o(i.HAL_UART_Transmit)
    HardFault_Handler                        0x08003203   Thumb Code     2  stm32g4xx_it.o(i.HardFault_Handler)
    MX_ADC1_Init                             0x08003269   Thumb Code   170  adc.o(i.MX_ADC1_Init)
    MX_DMA_Init                              0x08003325   Thumb Code    56  dma.o(i.MX_DMA_Init)
    MX_FDCAN1_Init                           0x08003361   Thumb Code    68  fdcan.o(i.MX_FDCAN1_Init)
    MX_GPIO_Init                             0x080033ad   Thumb Code   100  gpio.o(i.MX_GPIO_Init)
    MX_SPI1_Init                             0x08003419   Thumb Code    70  spi.o(i.MX_SPI1_Init)
    MX_TIM1_Init                             0x08003469   Thumb Code   274  tim.o(i.MX_TIM1_Init)
    MX_TIM3_Init                             0x08003585   Thumb Code   104  tim.o(i.MX_TIM3_Init)
    MX_USART3_UART_Init                      0x080035f5   Thumb Code    92  usart.o(i.MX_USART3_UART_Init)
    MemManage_Handler                        0x0800365d   Thumb Code     2  stm32g4xx_it.o(i.MemManage_Handler)
    NMI_Handler                              0x0800365f   Thumb Code     2  stm32g4xx_it.o(i.NMI_Handler)
    Parity_bit_Calculate                     0x08003661   Thumb Code    18  as5047p.o(i.Parity_bit_Calculate)
    PendSV_Handler                           0x08003673   Thumb Code     2  stm32g4xx_it.o(i.PendSV_Handler)
    SPI_ReadWrite_OneByte                    0x080036bd   Thumb Code    52  as5047p.o(i.SPI_ReadWrite_OneByte)
    SVC_Handler                              0x08003891   Thumb Code     2  stm32g4xx_it.o(i.SVC_Handler)
    SysTick_Handler                          0x08003893   Thumb Code     4  stm32g4xx_it.o(i.SysTick_Handler)
    SystemClock_Config                       0x08003897   Thumb Code   104  main.o(i.SystemClock_Config)
    SystemInit                               0x08003901   Thumb Code    12  system_stm32g4xx.o(i.SystemInit)
    TIM_Base_SetConfig                       0x08003911   Thumb Code   160  stm32g4xx_hal_tim.o(i.TIM_Base_SetConfig)
    TIM_CCxChannelCmd                        0x080039cd   Thumb Code    26  stm32g4xx_hal_tim.o(i.TIM_CCxChannelCmd)
    TIM_ETR_SetConfig                        0x080039e7   Thumb Code    20  stm32g4xx_hal_tim.o(i.TIM_ETR_SetConfig)
    TIM_OC2_SetConfig                        0x08003aad   Thumb Code   120  stm32g4xx_hal_tim.o(i.TIM_OC2_SetConfig)
    UART_AdvFeatureConfig                    0x08003dc9   Thumb Code   200  stm32g4xx_hal_uart.o(i.UART_AdvFeatureConfig)
    UART_CheckIdleState                      0x08003e91   Thumb Code   172  stm32g4xx_hal_uart.o(i.UART_CheckIdleState)
    UART_SetConfig                           0x08003f91   Thumb Code   582  stm32g4xx_hal_uart.o(i.UART_SetConfig)
    UART_WaitOnFlagUntilTimeout              0x08004205   Thumb Code   148  stm32g4xx_hal_uart.o(i.UART_WaitOnFlagUntilTimeout)
    UsageFault_Handler                       0x08004299   Thumb Code     2  stm32g4xx_it.o(i.UsageFault_Handler)
    __scatterload_copy                       0x080042bb   Thumb Code    14  handlers.o(i.__scatterload_copy)
    __scatterload_null                       0x080042c9   Thumb Code     2  handlers.o(i.__scatterload_null)
    __scatterload_zeroinit                   0x080042cb   Thumb Code    14  handlers.o(i.__scatterload_zeroinit)
    data_init                                0x080042d9   Thumb Code    30  main.o(i.data_init)
    main                                     0x08004305   Thumb Code   112  main.o(i.main)
    UARTPrescTable                           0x0800438c   Data          24  stm32g4xx_hal_uart.o(.constdata)
    AHBPrescTable                            0x080043b4   Data          16  system_stm32g4xx.o(.constdata)
    APBPrescTable                            0x080043c4   Data           8  system_stm32g4xx.o(.constdata)
    Region$$Table$$Base                      0x080043cc   Number         0  anon$$obj.o(Region$$Table)
    Region$$Table$$Limit                     0x080043ec   Number         0  anon$$obj.o(Region$$Table)
    uwTickPrio                               0x20000000   Data           4  stm32g4xx_hal.o(.data)
    uwTickFreq                               0x20000004   Data           4  stm32g4xx_hal.o(.data)
    uwTick                                   0x20000008   Data           4  stm32g4xx_hal.o(.data)
    SystemCoreClock                          0x2000000c   Data           4  system_stm32g4xx.o(.data)
    ticks                                    0x20000010   Data           4  foc.o(.data)
    angle_el_zero1                           0x20000014   Data           4  foc.o(.data)
    I_raw                                    0x200000cc   Data          20  main.o(.bss)
    motordata                                0x200000e0   Data          16  main.o(.bss)
    ADRC                                     0x200000f0   Data          80  main.o(.bss)
    hadc1                                    0x20000140   Data         108  adc.o(.bss)
    hdma_adc1                                0x200001ac   Data          96  adc.o(.bss)
    hfdcan1                                  0x2000020c   Data         100  fdcan.o(.bss)
    hspi1                                    0x20000270   Data         100  spi.o(.bss)
    htim1                                    0x200002d4   Data          76  tim.o(.bss)
    htim3                                    0x20000320   Data          76  tim.o(.bss)
    huart3                                   0x2000036c   Data         148  usart.o(.bss)
    Motor                                    0x20000418   Data         376  foc.o(.bss)
    __initial_sp                             0x20000990   Data           0  startup_stm32g431xx.o(STACK)



==============================================================================

Memory Map of the image

  Image Entry point : 0x080001d9

  Load Region LR_IROM1 (Base: 0x08000000, Size: 0x000044b8, Max: 0x00020000, ABSOLUTE)

    Execution Region ER_IROM1 (Exec base: 0x08000000, Load base: 0x08000000, Size: 0x000043ec, Max: 0x00020000, ABSOLUTE)

    Exec Addr    Load Addr    Size         Type   Attr      Idx    E Section Name        Object

    0x08000000   0x08000000   0x000001d8   Data   RO            3    RESET               startup_stm32g431xx.o
    0x080001d8   0x080001d8   0x00000000   Code   RO         5464  * .ARM.Collect$$$$00000000  mc_w.l(entry.o)
    0x080001d8   0x080001d8   0x00000004   Code   RO         5785    .ARM.Collect$$$$00000001  mc_w.l(entry2.o)
    0x080001dc   0x080001dc   0x00000004   Code   RO         5788    .ARM.Collect$$$$00000004  mc_w.l(entry5.o)
    0x080001e0   0x080001e0   0x00000000   Code   RO         5790    .ARM.Collect$$$$00000008  mc_w.l(entry7b.o)
    0x080001e0   0x080001e0   0x00000000   Code   RO         5792    .ARM.Collect$$$$0000000A  mc_w.l(entry8b.o)
    0x080001e0   0x080001e0   0x00000008   Code   RO         5793    .ARM.Collect$$$$0000000B  mc_w.l(entry9a.o)
    0x080001e8   0x080001e8   0x00000000   Code   RO         5795    .ARM.Collect$$$$0000000D  mc_w.l(entry10a.o)
    0x080001e8   0x080001e8   0x00000000   Code   RO         5797    .ARM.Collect$$$$0000000F  mc_w.l(entry11a.o)
    0x080001e8   0x080001e8   0x00000004   Code   RO         5786    .ARM.Collect$$$$00002712  mc_w.l(entry2.o)
    0x080001ec   0x080001ec   0x00000024   Code   RO            4    .text               startup_stm32g431xx.o
    0x08000210   0x08000210   0x00000062   Code   RO         5467    .text               mc_w.l(uldiv.o)
    0x08000272   0x08000272   0x00000024   Code   RO         5469    .text               mc_w.l(memseta.o)
    0x08000296   0x08000296   0x000000e4   Code   RO         5734    .text               mf_w.l(dmul.o)
    0x0800037a   0x0800037a   0x000000de   Code   RO         5736    .text               mf_w.l(ddiv.o)
    0x08000458   0x08000458   0x0000001a   Code   RO         5740    .text               mf_w.l(dfltui.o)
    0x08000472   0x08000472   0x00000026   Code   RO         5742    .text               mf_w.l(f2d.o)
    0x08000498   0x08000498   0x00000038   Code   RO         5744    .text               mf_w.l(d2f.o)
    0x080004d0   0x080004d0   0x0000001e   Code   RO         5802    .text               mc_w.l(llshl.o)
    0x080004ee   0x080004ee   0x00000020   Code   RO         5804    .text               mc_w.l(llushr.o)
    0x0800050e   0x0800050e   0x00000000   Code   RO         5815    .text               mc_w.l(iusefp.o)
    0x0800050e   0x0800050e   0x0000006e   Code   RO         5816    .text               mf_w.l(fepilogue.o)
    0x0800057c   0x0800057c   0x000000ba   Code   RO         5818    .text               mf_w.l(depilogue.o)
    0x08000636   0x08000636   0x00000002   PAD
    0x08000638   0x08000638   0x00000024   Code   RO         5834    .text               mc_w.l(init.o)
    0x0800065c   0x0800065c   0x00000068   Code   RO          609    i.ADC_DMAConvCplt   stm32g4xx_hal_adc.o
    0x080006c4   0x080006c4   0x0000001a   Code   RO          610    i.ADC_DMAError      stm32g4xx_hal_adc.o
    0x080006de   0x080006de   0x0000000a   Code   RO          611    i.ADC_DMAHalfConvCplt  stm32g4xx_hal_adc.o
    0x080006e8   0x080006e8   0x000000ac   Code   RO          613    i.ADC_Enable        stm32g4xx_hal_adc.o
    0x08000794   0x08000794   0x000000a0   Code   RO         5309    i.ADRC_Init         adrc.o
    0x08000834   0x08000834   0x00000028   Code   RO         5017    i.AS5047_read       as5047p.o
    0x0800085c   0x0800085c   0x00000002   Code   RO          502    i.BusFault_Handler  stm32g4xx_it.o
    0x0800085e   0x0800085e   0x00000002   PAD
    0x08000860   0x08000860   0x0000000c   Code   RO          503    i.DMA1_Channel1_IRQHandler  stm32g4xx_it.o
    0x0800086c   0x0800086c   0x00000040   Code   RO         1906    i.DMA_CalcDMAMUXChannelBaseAndMask  stm32g4xx_hal_dma.o
    0x080008ac   0x080008ac   0x00000024   Code   RO         1907    i.DMA_CalcDMAMUXRequestGenBaseAndMask  stm32g4xx_hal_dma.o
    0x080008d0   0x080008d0   0x0000003e   Code   RO         1908    i.DMA_SetConfig     stm32g4xx_hal_dma.o
    0x0800090e   0x0800090e   0x00000002   Code   RO          504    i.DebugMon_Handler  stm32g4xx_it.o
    0x08000910   0x08000910   0x00000004   Code   RO           13    i.Error_Handler     main.o
    0x08000914   0x08000914   0x00000004   Code   RO         5067    i.FOC_Delayms       foc.o
    0x08000918   0x08000918   0x00000004   Code   RO         5068    i.FOC_GetAngle_Sensor  foc.o
    0x0800091c   0x0800091c   0x00000002   Code   RO         5069    i.FOC_GetIaIbIc     foc.o
    0x0800091e   0x0800091e   0x00000002   PAD
    0x08000920   0x08000920   0x00000018   Code   RO         5072    i.FOC_SetPWM        foc.o
    0x08000938   0x08000938   0x000000d8   Code   RO         5073    i.FOC_init          foc.o
    0x08000a10   0x08000a10   0x0000004c   Code   RO         5018    i.GetAngle          as5047p.o
    0x08000a5c   0x08000a5c   0x0000005c   Code   RO         5081    i.Getdt             foc.o
    0x08000ab8   0x08000ab8   0x000000d8   Code   RO          863    i.HAL_ADCEx_MultiModeConfigChannel  stm32g4xx_hal_adc_ex.o
    0x08000b90   0x08000b90   0x00000424   Code   RO          615    i.HAL_ADC_ConfigChannel  stm32g4xx_hal_adc.o
    0x08000fb4   0x08000fb4   0x00000002   Code   RO          616    i.HAL_ADC_ConvCpltCallback  stm32g4xx_hal_adc.o
    0x08000fb6   0x08000fb6   0x00000002   Code   RO          617    i.HAL_ADC_ConvHalfCpltCallback  stm32g4xx_hal_adc.o
    0x08000fb8   0x08000fb8   0x00000002   Code   RO          619    i.HAL_ADC_ErrorCallback  stm32g4xx_hal_adc.o
    0x08000fba   0x08000fba   0x00000002   PAD
    0x08000fbc   0x08000fbc   0x000001f4   Code   RO          624    i.HAL_ADC_Init      stm32g4xx_hal_adc.o
    0x080011b0   0x080011b0   0x000000ac   Code   RO          256    i.HAL_ADC_MspInit   adc.o
    0x0800125c   0x0800125c   0x000000f0   Code   RO          632    i.HAL_ADC_Start_DMA  stm32g4xx_hal_adc.o
    0x0800134c   0x0800134c   0x000000ba   Code   RO         1914    i.HAL_DMA_IRQHandler  stm32g4xx_hal_dma.o
    0x08001406   0x08001406   0x00000002   PAD
    0x08001408   0x08001408   0x000000c0   Code   RO         1915    i.HAL_DMA_Init      stm32g4xx_hal_dma.o
    0x080014c8   0x080014c8   0x0000008c   Code   RO         1919    i.HAL_DMA_Start_IT  stm32g4xx_hal_dma.o
    0x08001554   0x08001554   0x00000024   Code   RO         1062    i.HAL_Delay         stm32g4xx_hal.o
    0x08001578   0x08001578   0x00000204   Code   RO         2604    i.HAL_FDCAN_Init    stm32g4xx_hal_fdcan.o
    0x0800177c   0x0800177c   0x0000007c   Code   RO          323    i.HAL_FDCAN_MspInit  fdcan.o
    0x080017f8   0x080017f8   0x00000248   Code   RO         1771    i.HAL_GPIO_Init     stm32g4xx_hal_gpio.o
    0x08001a40   0x08001a40   0x0000000a   Code   RO         1775    i.HAL_GPIO_WritePin  stm32g4xx_hal_gpio.o
    0x08001a4a   0x08001a4a   0x00000002   PAD
    0x08001a4c   0x08001a4c   0x0000000c   Code   RO         1066    i.HAL_GetTick       stm32g4xx_hal.o
    0x08001a58   0x08001a58   0x00000010   Code   RO         1072    i.HAL_IncTick       stm32g4xx_hal.o
    0x08001a68   0x08001a68   0x0000001e   Code   RO         1073    i.HAL_Init          stm32g4xx_hal.o
    0x08001a86   0x08001a86   0x00000002   PAD
    0x08001a88   0x08001a88   0x00000044   Code   RO         1074    i.HAL_InitTick      stm32g4xx_hal.o
    0x08001acc   0x08001acc   0x00000030   Code   RO          584    i.HAL_MspInit       stm32g4xx_hal_msp.o
    0x08001afc   0x08001afc   0x0000001a   Code   RO         2420    i.HAL_NVIC_EnableIRQ  stm32g4xx_hal_cortex.o
    0x08001b16   0x08001b16   0x00000002   PAD
    0x08001b18   0x08001b18   0x00000040   Code   RO         2426    i.HAL_NVIC_SetPriority  stm32g4xx_hal_cortex.o
    0x08001b58   0x08001b58   0x00000024   Code   RO         2427    i.HAL_NVIC_SetPriorityGrouping  stm32g4xx_hal_cortex.o
    0x08001b7c   0x08001b7c   0x000000bc   Code   RO         2174    i.HAL_PWREx_ControlVoltageScaling  stm32g4xx_hal_pwr_ex.o
    0x08001c38   0x08001c38   0x00000010   Code   RO         2186    i.HAL_PWREx_DisableUCPDDeadBattery  stm32g4xx_hal_pwr_ex.o
    0x08001c48   0x08001c48   0x00000288   Code   RO         1433    i.HAL_RCCEx_PeriphCLKConfig  stm32g4xx_hal_rcc_ex.o
    0x08001ed0   0x08001ed0   0x000001dc   Code   RO         1308    i.HAL_RCC_ClockConfig  stm32g4xx_hal_rcc.o
    0x080020ac   0x080020ac   0x00000024   Code   RO         1316    i.HAL_RCC_GetPCLK1Freq  stm32g4xx_hal_rcc.o
    0x080020d0   0x080020d0   0x00000024   Code   RO         1317    i.HAL_RCC_GetPCLK2Freq  stm32g4xx_hal_rcc.o
    0x080020f4   0x080020f4   0x0000006c   Code   RO         1318    i.HAL_RCC_GetSysClockFreq  stm32g4xx_hal_rcc.o
    0x08002160   0x08002160   0x00000404   Code   RO         1321    i.HAL_RCC_OscConfig  stm32g4xx_hal_rcc.o
    0x08002564   0x08002564   0x000000ea   Code   RO         2956    i.HAL_SPI_Init      stm32g4xx_hal_spi.o
    0x0800264e   0x0800264e   0x00000002   PAD
    0x08002650   0x08002650   0x00000060   Code   RO          365    i.HAL_SPI_MspInit   spi.o
    0x080026b0   0x080026b0   0x00000272   Code   RO         2965    i.HAL_SPI_TransmitReceive  stm32g4xx_hal_spi.o
    0x08002922   0x08002922   0x00000028   Code   RO         2431    i.HAL_SYSTICK_Config  stm32g4xx_hal_cortex.o
    0x0800294a   0x0800294a   0x00000002   PAD
    0x0800294c   0x0800294c   0x0000009c   Code   RO         4017    i.HAL_TIMEx_ConfigBreakDeadTime  stm32g4xx_hal_tim_ex.o
    0x080029e8   0x080029e8   0x0000009c   Code   RO         4054    i.HAL_TIMEx_MasterConfigSynchronization  stm32g4xx_hal_tim_ex.o
    0x08002a84   0x08002a84   0x00000062   Code   RO         3298    i.HAL_TIM_Base_Init  stm32g4xx_hal_tim.o
    0x08002ae6   0x08002ae6   0x00000002   PAD
    0x08002ae8   0x08002ae8   0x00000040   Code   RO          407    i.HAL_TIM_Base_MspInit  tim.o
    0x08002b28   0x08002b28   0x0000006c   Code   RO         3301    i.HAL_TIM_Base_Start  stm32g4xx_hal_tim.o
    0x08002b94   0x08002b94   0x00000100   Code   RO         3307    i.HAL_TIM_ConfigClockSource  stm32g4xx_hal_tim.o
    0x08002c94   0x08002c94   0x00000054   Code   RO          408    i.HAL_TIM_MspPostInit  tim.o
    0x08002ce8   0x08002ce8   0x00000124   Code   RO         3370    i.HAL_TIM_PWM_ConfigChannel  stm32g4xx_hal_tim.o
    0x08002e0c   0x08002e0c   0x00000062   Code   RO         3373    i.HAL_TIM_PWM_Init  stm32g4xx_hal_tim.o
    0x08002e6e   0x08002e6e   0x00000002   Code   RO         3375    i.HAL_TIM_PWM_MspInit  stm32g4xx_hal_tim.o
    0x08002e70   0x08002e70   0x000000fc   Code   RO         3378    i.HAL_TIM_PWM_Start  stm32g4xx_hal_tim.o
    0x08002f6c   0x08002f6c   0x0000003e   Code   RO         4861    i.HAL_UARTEx_DisableFifoMode  stm32g4xx_hal_uart_ex.o
    0x08002faa   0x08002faa   0x0000004c   Code   RO         4870    i.HAL_UARTEx_SetRxFifoThreshold  stm32g4xx_hal_uart_ex.o
    0x08002ff6   0x08002ff6   0x0000004c   Code   RO         4871    i.HAL_UARTEx_SetTxFifoThreshold  stm32g4xx_hal_uart_ex.o
    0x08003042   0x08003042   0x0000006a   Code   RO         4470    i.HAL_UART_Init     stm32g4xx_hal_uart.o
    0x080030ac   0x080030ac   0x000000a8   Code   RO          461    i.HAL_UART_MspInit  usart.o
    0x08003154   0x08003154   0x000000ae   Code   RO         4479    i.HAL_UART_Transmit  stm32g4xx_hal_uart.o
    0x08003202   0x08003202   0x00000002   Code   RO          505    i.HardFault_Handler  stm32g4xx_it.o
    0x08003204   0x08003204   0x0000000c   Code   RO          638    i.LL_ADC_GetOffsetChannel  stm32g4xx_hal_adc.o
    0x08003210   0x08003210   0x00000008   Code   RO          639    i.LL_ADC_INJ_IsConversionOngoing  stm32g4xx_hal_adc.o
    0x08003218   0x08003218   0x00000008   Code   RO          640    i.LL_ADC_REG_IsConversionOngoing  stm32g4xx_hal_adc.o
    0x08003220   0x08003220   0x00000008   Code   RO          873    i.LL_ADC_REG_IsConversionOngoing  stm32g4xx_hal_adc_ex.o
    0x08003228   0x08003228   0x00000010   Code   RO          641    i.LL_ADC_REG_IsTriggerSourceSWStart  stm32g4xx_hal_adc.o
    0x08003238   0x08003238   0x0000001e   Code   RO          643    i.LL_ADC_SetChannelSamplingTime  stm32g4xx_hal_adc.o
    0x08003256   0x08003256   0x00000010   Code   RO          644    i.LL_ADC_SetOffsetState  stm32g4xx_hal_adc.o
    0x08003266   0x08003266   0x00000002   PAD
    0x08003268   0x08003268   0x000000bc   Code   RO          257    i.MX_ADC1_Init      adc.o
    0x08003324   0x08003324   0x0000003c   Code   RO          298    i.MX_DMA_Init       dma.o
    0x08003360   0x08003360   0x0000004c   Code   RO          324    i.MX_FDCAN1_Init    fdcan.o
    0x080033ac   0x080033ac   0x0000006c   Code   RO          231    i.MX_GPIO_Init      gpio.o
    0x08003418   0x08003418   0x00000050   Code   RO          366    i.MX_SPI1_Init      spi.o
    0x08003468   0x08003468   0x0000011c   Code   RO          409    i.MX_TIM1_Init      tim.o
    0x08003584   0x08003584   0x00000070   Code   RO          410    i.MX_TIM3_Init      tim.o
    0x080035f4   0x080035f4   0x00000068   Code   RO          462    i.MX_USART3_UART_Init  usart.o
    0x0800365c   0x0800365c   0x00000002   Code   RO          506    i.MemManage_Handler  stm32g4xx_it.o
    0x0800365e   0x0800365e   0x00000002   Code   RO          507    i.NMI_Handler       stm32g4xx_it.o
    0x08003660   0x08003660   0x00000012   Code   RO         5019    i.Parity_bit_Calculate  as5047p.o
    0x08003672   0x08003672   0x00000002   Code   RO          508    i.PendSV_Handler    stm32g4xx_it.o
    0x08003674   0x08003674   0x00000048   Code   RO         2994    i.SPI_EndRxTxTransaction  stm32g4xx_hal_spi.o
    0x080036bc   0x080036bc   0x0000003c   Code   RO         5020    i.SPI_ReadWrite_OneByte  as5047p.o
    0x080036f8   0x080036f8   0x000000e0   Code   RO         2999    i.SPI_WaitFifoStateUntilTimeout  stm32g4xx_hal_spi.o
    0x080037d8   0x080037d8   0x000000b8   Code   RO         3000    i.SPI_WaitFlagStateUntilTimeout  stm32g4xx_hal_spi.o
    0x08003890   0x08003890   0x00000002   Code   RO          509    i.SVC_Handler       stm32g4xx_it.o
    0x08003892   0x08003892   0x00000004   Code   RO          510    i.SysTick_Handler   stm32g4xx_it.o
    0x08003896   0x08003896   0x00000068   Code   RO           14    i.SystemClock_Config  main.o
    0x080038fe   0x080038fe   0x00000002   PAD
    0x08003900   0x08003900   0x00000010   Code   RO         4980    i.SystemInit        system_stm32g4xx.o
    0x08003910   0x08003910   0x000000bc   Code   RO         3391    i.TIM_Base_SetConfig  stm32g4xx_hal_tim.o
    0x080039cc   0x080039cc   0x0000001a   Code   RO         3392    i.TIM_CCxChannelCmd  stm32g4xx_hal_tim.o
    0x080039e6   0x080039e6   0x00000014   Code   RO         3402    i.TIM_ETR_SetConfig  stm32g4xx_hal_tim.o
    0x080039fa   0x080039fa   0x00000002   PAD
    0x080039fc   0x080039fc   0x00000014   Code   RO         3403    i.TIM_ITRx_SetConfig  stm32g4xx_hal_tim.o
    0x08003a10   0x08003a10   0x0000009c   Code   RO         3404    i.TIM_OC1_SetConfig  stm32g4xx_hal_tim.o
    0x08003aac   0x08003aac   0x00000090   Code   RO         3405    i.TIM_OC2_SetConfig  stm32g4xx_hal_tim.o
    0x08003b3c   0x08003b3c   0x00000090   Code   RO         3406    i.TIM_OC3_SetConfig  stm32g4xx_hal_tim.o
    0x08003bcc   0x08003bcc   0x00000090   Code   RO         3407    i.TIM_OC4_SetConfig  stm32g4xx_hal_tim.o
    0x08003c5c   0x08003c5c   0x00000070   Code   RO         3408    i.TIM_OC5_SetConfig  stm32g4xx_hal_tim.o
    0x08003ccc   0x08003ccc   0x00000070   Code   RO         3409    i.TIM_OC6_SetConfig  stm32g4xx_hal_tim.o
    0x08003d3c   0x08003d3c   0x00000022   Code   RO         3411    i.TIM_TI1_ConfigInputStage  stm32g4xx_hal_tim.o
    0x08003d5e   0x08003d5e   0x00000024   Code   RO         3413    i.TIM_TI2_ConfigInputStage  stm32g4xx_hal_tim.o
    0x08003d82   0x08003d82   0x00000002   PAD
    0x08003d84   0x08003d84   0x00000044   Code   RO         4875    i.UARTEx_SetNbDataToProcess  stm32g4xx_hal_uart_ex.o
    0x08003dc8   0x08003dc8   0x000000c8   Code   RO         4484    i.UART_AdvFeatureConfig  stm32g4xx_hal_uart.o
    0x08003e90   0x08003e90   0x000000ac   Code   RO         4485    i.UART_CheckIdleState  stm32g4xx_hal_uart.o
    0x08003f3c   0x08003f3c   0x00000054   Code   RO         4496    i.UART_EndRxTransfer  stm32g4xx_hal_uart.o
    0x08003f90   0x08003f90   0x00000274   Code   RO         4502    i.UART_SetConfig    stm32g4xx_hal_uart.o
    0x08004204   0x08004204   0x00000094   Code   RO         4509    i.UART_WaitOnFlagUntilTimeout  stm32g4xx_hal_uart.o
    0x08004298   0x08004298   0x00000002   Code   RO          511    i.UsageFault_Handler  stm32g4xx_it.o
    0x0800429a   0x0800429a   0x00000020   Code   RO         2433    i.__NVIC_SetPriority  stm32g4xx_hal_cortex.o
    0x080042ba   0x080042ba   0x0000000e   Code   RO         5840    i.__scatterload_copy  mc_w.l(handlers.o)
    0x080042c8   0x080042c8   0x00000002   Code   RO         5841    i.__scatterload_null  mc_w.l(handlers.o)
    0x080042ca   0x080042ca   0x0000000e   Code   RO         5842    i.__scatterload_zeroinit  mc_w.l(handlers.o)
    0x080042d8   0x080042d8   0x0000002c   Code   RO           15    i.data_init         main.o
    0x08004304   0x08004304   0x00000088   Code   RO           17    i.main              main.o
    0x0800438c   0x0800438c   0x00000018   Data   RO         4510    .constdata          stm32g4xx_hal_uart.o
    0x080043a4   0x080043a4   0x00000010   Data   RO         4876    .constdata          stm32g4xx_hal_uart_ex.o
    0x080043b4   0x080043b4   0x00000010   Data   RO         4981    .constdata          system_stm32g4xx.o
    0x080043c4   0x080043c4   0x00000008   Data   RO         4982    .constdata          system_stm32g4xx.o
    0x080043cc   0x080043cc   0x00000020   Data   RO         5838    Region$$Table       anon$$obj.o


    Execution Region RW_IRAM1 (Exec base: 0x20000000, Load base: 0x080043ec, Size: 0x00000990, Max: 0x00008000, ABSOLUTE)

    Exec Addr    Load Addr    Size         Type   Attr      Idx    E Section Name        Object

    0x20000000   0x080043ec   0x0000000c   Data   RW         1093    .data               stm32g4xx_hal.o
    0x2000000c   0x080043f8   0x00000004   Data   RW         4983    .data               system_stm32g4xx.o
    0x20000010   0x080043fc   0x000000bc   Data   RW         5103    .data               foc.o
    0x200000cc        -       0x00000014   Zero   RW           18    .bss                main.o
    0x200000e0        -       0x00000060   Zero   RW           19    .bss                main.o
    0x20000140        -       0x000000cc   Zero   RW          258    .bss                adc.o
    0x2000020c        -       0x00000064   Zero   RW          325    .bss                fdcan.o
    0x20000270        -       0x00000064   Zero   RW          367    .bss                spi.o
    0x200002d4        -       0x00000098   Zero   RW          411    .bss                tim.o
    0x2000036c        -       0x00000094   Zero   RW          463    .bss                usart.o
    0x20000400        -       0x00000190   Zero   RW         5102    .bss                foc.o
    0x20000590        -       0x00000400   Zero   RW            1    STACK               startup_stm32g431xx.o


==============================================================================

Image component sizes


      Code (inc. data)   RO Data    RW Data    ZI Data      Debug   Object Name

       360         32          0          0        204       2047   adc.o
       160         44          0          0          0       1696   adrc.o
       194         20          0          0          0       2778   as5047p.o
        60          4          0          0          0        838   dma.o
       200         16          0          0        100       1827   fdcan.o
       342         84          0        188        400      13008   foc.o
       108          8          0          0          0        947   gpio.o
       288         38          0          0        116     711920   main.o
       176         18          0          0        100       1749   spi.o
        36          8        472          0       1024        848   startup_stm32g431xx.o
       162         24          0         12          0       4417   stm32g4xx_hal.o
      2208        132          0          0          0      80229   stm32g4xx_hal_adc.o
       224          8          0          0          0      68127   stm32g4xx_hal_adc_ex.o
       198         14          0          0          0      33919   stm32g4xx_hal_cortex.o
       680         30          0          0          0       5163   stm32g4xx_hal_dma.o
       516         18          0          0          0       3845   stm32g4xx_hal_fdcan.o
       594         34          0          0          0       2384   stm32g4xx_hal_gpio.o
        48          6          0          0          0        894   stm32g4xx_hal_msp.o
       204         18          0          0          0       1433   stm32g4xx_hal_pwr_ex.o
      1684         88          0          0          0       6360   stm32g4xx_hal_rcc.o
       648         10          0          0          0       1912   stm32g4xx_hal_rcc_ex.o
      1340         10          0          0          0       6373   stm32g4xx_hal_spi.o
      2242        256          0          0          0      15805   stm32g4xx_hal_tim.o
       312         32          0          0          0       2408   stm32g4xx_hal_tim_ex.o
      1512         72         24          0          0      26478   stm32g4xx_hal_uart.o
       282          6         16          0          0       3741   stm32g4xx_hal_uart_ex.o
        32          6          0          0          0       4793   stm32g4xx_it.o
        16          4         24          4          0       1171   system_stm32g4xx.o
       544         40          0          0        152       3305   tim.o
       272         30          0          0        148       1910   usart.o

    ----------------------------------------------------------------------
     15670       1110        568        204       2244    1012325   Object Totals
         0          0         32          0          0          0   (incl. Generated)
        28          0          0          0          0          0   (incl. Padding)

    ----------------------------------------------------------------------

      Code (inc. data)   RO Data    RW Data    ZI Data      Debug   Library Member Name

         0          0          0          0          0          0   entry.o
         0          0          0          0          0          0   entry10a.o
         0          0          0          0          0          0   entry11a.o
         8          4          0          0          0          0   entry2.o
         4          0          0          0          0          0   entry5.o
         0          0          0          0          0          0   entry7b.o
         0          0          0          0          0          0   entry8b.o
         8          4          0          0          0          0   entry9a.o
        30          0          0          0          0          0   handlers.o
        36          8          0          0          0         68   init.o
         0          0          0          0          0          0   iusefp.o
        30          0          0          0          0         68   llshl.o
        32          0          0          0          0         68   llushr.o
        36          0          0          0          0        108   memseta.o
        98          0          0          0          0         92   uldiv.o
        56          0          0          0          0         88   d2f.o
       222          0          0          0          0        100   ddiv.o
       186          0          0          0          0        176   depilogue.o
        26          0          0          0          0         76   dfltui.o
       228          0          0          0          0         96   dmul.o
        38          0          0          0          0         68   f2d.o
       110          0          0          0          0        168   fepilogue.o

    ----------------------------------------------------------------------
      1150         16          0          0          0       1176   Library Totals
         2          0          0          0          0          0   (incl. Padding)

    ----------------------------------------------------------------------

      Code (inc. data)   RO Data    RW Data    ZI Data      Debug   Library Name

       282         16          0          0          0        404   mc_w.l
       866          0          0          0          0        772   mf_w.l

    ----------------------------------------------------------------------
      1150         16          0          0          0       1176   Library Totals

    ----------------------------------------------------------------------

==============================================================================


      Code (inc. data)   RO Data    RW Data    ZI Data      Debug   

     16820       1126        568        204       2244    1001737   Grand Totals
     16820       1126        568        204       2244    1001737   ELF Image Totals
     16820       1126        568        204          0          0   ROM Totals

==============================================================================

    Total RO  Size (Code + RO Data)                17388 (  16.98kB)
    Total RW  Size (RW Data + ZI Data)              2448 (   2.39kB)
    Total ROM Size (Code + RO Data + RW Data)      17592 (  17.18kB)

==============================================================================

